
> frontend@0.1.0 test
> jest

PASS hooks/__tests__/useVaultHooks.test.ts
PASS __tests__/e2e-smoke-tests.test.tsx
PASS __tests__/governance-enhanced.test.tsx
PASS __tests__/governance-integration.test.tsx
PASS __tests__/integration-coverage.test.ts
PASS __tests__/comprehensive-coverage.test.ts
PASS hooks/__tests__/useProofScore.test.ts
PASS lib/__tests__/utils.test.ts
PASS components/ui/__tests__/DashboardCards.test.tsx
PASS __tests__/gamification-integration.test.tsx
PASS __tests__/gamification.test.tsx
PASS __tests__/app-pages-coverage.test.ts
PASS components/ui/__tests__/dialog.test.tsx
PASS components/ui/__tests__/Skeleton.test.tsx
PASS components/ui/__tests__/card.test.tsx
PASS components/ui/__tests__/tabs.test.tsx
PASS components/ui/__tests__/EmptyState.test.tsx
PASS components/ui/__tests__/ProgressSteps.test.tsx
PASS components/ui/__tests__/alert.test.tsx
PASS components/ui/__tests__/button.test.tsx
PASS hooks/__tests__/useMerchantStatus.test.ts
PASS __tests__/payroll-token-selection.test.tsx
PASS lib/__tests__/price-utils.test.ts
PASS components/ui/__tests__/progress.test.tsx
PASS hooks/__tests__/useVFIDEBalance.test.ts
PASS components/__tests__/DemoModeBanner.test.tsx

Test Suites: 26 passed, 26 total
Tests:       606 passed, 606 total
Snapshots:   0 total
Time:        8.88 s
Ran all test suites.
