
> vfide-hardhat-tests@0.1.0 test
> hardhat test --no-compile

[dotenv@17.2.3] injecting env (0) from .env -- tip: 🔐 prevent building .env in docker: https://dotenvx.com/prebuild


  Commerce Complete Coverage
    MerchantRegistry Additional TEST Helpers
      1) "before each" hook for "TEST_if_vaultAndScore"

  VFIDECommerce - Exhaustive TEST Coverage (Part 1/3)
    Basic TEST toggle functions
      2) "before each" hook for "TEST_setOnlyDAOOff"

  VFIDECommerce - Exhaustive TEST Coverage (Part 2/3)
    Additional coverage functions - Part 1
      3) "before each" hook for "TEST_cover_additional_branches"

  VFIDECommerce - Exhaustive TEST Coverage (Part 3/3)
    Escrow eval functions
      4) "before each" hook for "TEST_eval_open_checks"

  VFIDECommerce: Push to 95% Coverage
    MerchantRegistry TEST Helpers - Branch Coverage
      5) "before each" hook for "should exercise TEST_setOnlyDAOOff"

  Commerce: MerchantRegistry + CommerceEscrow
    6) "before each" hook for "merchant can register and buyer can open/fund/release an escrow"

  Commerce negative paths and auto-suspend
    7) "before each" hook for "open reverts for zero amount and unregistered merchant and locked vaults"

  CouncilElection Contract Tests
    Deployment
      8) "before each" hook for "should set DAO correctly"

  DAO Contract Tests
    Deployment and Setup
      9) "before each" hook for "should set admin correctly"

  DAOTimelock Contract Tests
    Deployment
      10) "before each" hook for "should set admin correctly"

  DevReserveVestingVault
    Deployment
      11) "before each" hook for "should deploy with correct VFIDE"

  DevReserveVestingVault
    Deployment
      12) "before each" hook for "should deploy with correct VFIDE"

  EmergencyControl Contract Tests
    Deployment
      13) "before each" hook for "should set DAO correctly"

  Finance Complete Coverage
    StablecoinRegistry Additional TEST Helpers
      14) "before each" hook for "TEST_eval_onlyDAO - with DAO"

  VFIDEFinance - Exhaustive TEST Coverage
    StablecoinRegistry TEST Functions
      15) "before each" hook for "TEST_setOnlyDAOOff - toggle onlyDAO bypass"

  VFIDEFinance: Push to 100% Coverage
    StablecoinRegistry TEST Helpers
      16) "before each" hook for "should exercise TEST_setOnlyDAOOff"

  StablecoinRegistry and EcoTreasuryVault
    17) "before each" hook for "DAO can whitelist asset and treasury accepts deposits"

  StablecoinRegistry and EcoTreasuryVault extra flows
    18) "before each" hook for "DAO can remove asset and set symbol hint"

  GovernanceHooks
    Deployment
      19) "before each" hook for "should deploy with correct ledger"

  Interface Compliance Tests
    IVFIDEToken Interface
      20) Should implement all IVFIDEToken interface functions
    IDAO Interface
      21) Should verify DAO interface structure
    ISeer Interface
      22) Should verify Seer reputation interface
    IProofLedger Interface
      23) Should verify ProofLedger interface functions
    IVaultHub Interface
      24) Should verify VaultHub interface compliance
    ISecurityHub Interface
      25) Should verify SecurityHub emergency interface
    ICouncilElection Interface
      26) Should verify CouncilElection interface functions
    IEmergencyControl Interface
      27) Should verify EmergencyControl interface
    IDAOTimelock Interface
      28) Should verify Timelock interface compliance
    ICommerceEscrow Interface
      29) Should verify Commerce escrow interface
    IMerchantRegistry Interface
      30) Should verify MerchantRegistry interface
    IReviewRegistry Interface
      31) Should verify ReviewRegistry interface compliance
    IGovernanceHooks Interface
      32) Should verify GovernanceHooks callback interface
    IProofScoreBurnRouter Interface
      33) Should verify ProofScoreBurnRouter interface
    ISystemHandover Interface
      34) Should verify SystemHandover interface functions
    IVFIDEPresale Interface
      35) Should verify Presale interface compliance
    IUserVault Interface
      36) Should verify UserVault interface functions
    IVaultFactory Interface
      37) Should verify VaultFactory creation interface
    IStablecoinRegistry Interface
      38) Should verify StablecoinRegistry interface
    IDevReserveVestingVault Interface
      39) Should verify DevReserveVestingVault interface
    IEcoTreasuryVault Interface
      40) Should verify EcoTreasuryVault interface compliance
    ISanctumFund Interface
      41) Should verify SanctumFund interface functions
    IGuardianLock Interface
      42) Should verify GuardianLock security interface
    IGuardianRegistry Interface
      43) Should verify GuardianRegistry interface
    IPanicGuard Interface
      44) Should verify PanicGuard emergency interface
    IEmergencyBreaker Interface
      45) Should verify EmergencyBreaker circuit breaker interface
    IERC20Minimal Interface
      46) Should verify ERC20 minimal interface compliance
    Cross-Interface Integration
      47) Should verify interfaces work together
      48) Should verify DAO and Timelock interface integration
      49) Should verify Seer and Ledger interface integration

  MerchantPortal
    50) "before each" hook for "Should register a merchant successfully"

  ProofLedger
    Deployment
      51) "before each" hook for "should deploy with correct DAO"

  ProofScoreBurnRouter
    Deployment
      52) "before each" hook for "should deploy with correct seer"

  Advanced Security Testing - Critical Attack Vectors
    Front-Running Protection
      53) "before each" hook for "should prevent front-running in presale buy orders"

  Seer Contract Tests
    Deployment
      54) "before each" hook for "should set DAO correctly"

  SystemHandover
    Deployment
      55) "before each" hook for "should deploy with correct devMultisig"

  VFIDEToken - Exhaustive TEST Coverage
    TEST_setForceSecurityStaticcallFail
      56) "before each" hook for "should toggle security staticcall fail flag"

  VFIDEToken basic flows
    57) "before each" hook for "pre-mints dev reserve to vesting vault"

  VFIDEToken edge cases and fee routing
    58) "before each" hook for "presale cap is enforced"

  VFIDEToken additional behaviors
    59) "before each" hook for "approve/increase/decrease allowance and transferFrom"

  VFIDECommerce extra branch coverage
    60) "before each" hook for "open reverts when amount == 0 (COM_BadAmount)"

  VFIDECommerce targeted branch tests
    61) "before each" hook for "MerchantRegistry: addMerchant TEST toggles and constructor zeros"

  VFIDECommerce constructor/resolve branch sweeps
    62) "before each" hook for "MerchantRegistry constructor reverts for each zero param (COM_Zero)"

  VFIDECommerce
Fetching contract factory for VaultHubMock...
Fetching contract factory for SeerMock...
Fetching contract factory for ProofLedgerMock...
Mock contracts deployed: { vaultHub: 'undefined', seer: 'undefined', proofLedger: 'undefined' }
    63) Should add a merchant successfully
Fetching contract factory for VaultHubMock...
Fetching contract factory for SeerMock...
Fetching contract factory for ProofLedgerMock...
Mock contracts deployed: { vaultHub: 'undefined', seer: 'undefined', proofLedger: 'undefined' }
    64) Should revert if the merchant already exists
Fetching contract factory for VaultHubMock...
Fetching contract factory for SeerMock...
Fetching contract factory for ProofLedgerMock...
Mock contracts deployed: { vaultHub: 'undefined', seer: 'undefined', proofLedger: 'undefined' }
    65) Should revert if the vault is not set
Fetching contract factory for VaultHubMock...
Fetching contract factory for SeerMock...
Fetching contract factory for ProofLedgerMock...
Mock contracts deployed: { vaultHub: 'undefined', seer: 'undefined', proofLedger: 'undefined' }
    66) Should revert if the score is too low

  VFIDECommerce extra focused tests (TEST_* toggles)
    67) "before each" hook for "TEST_forceAlreadyMerchant forces addMerchant to revert"

  VFIDECommerce focused branch tests
    68) "before each" hook for "addMerchant: TEST_forceAlreadyMerchant triggers COM_AlreadyMerchant"

  VFIDECommerce micro-batch 1 (focused)
    69) "before each" hook for "addMerchant reverts when merchant has no vault"

  VFIDECommerce micro-batch 2 (TEST toggles & zero-sender)
    70) "before each" hook for "TEST_setForceAlreadyMerchant flips already-merchant branch"

  VFIDECommerce micro-batch 3 (mocks & reentrancy)
    71) "before each" hook for "release succeeds with GasDrainer token (covers gas-heavy transfer path)"

  VFIDECommerce micro-batch 4 (DAO paths & resolve permutations)
    72) "before each" hook for "DAO can release an escrow (not buyer) and state becomes RELEASED"

  VFIDECommerce micro-batch 5 (cond-expr permutations & disputes)
    73) "before each" hook for "addMerchant succeeds when score == min (boundary)"

  VFIDECommerce micro-batch 6 (permute small branches)
    74) "before each" hook for "_noteRefund increments but does not suspend when below threshold"

  VFIDECommerce micro-batch 7 (state/negative branches)
    75) "before each" hook for "release reverts when escrow is not FUNDED (BadState)"

  VFIDECommerce micro-batch 8 (remaining conditionals & transfer-fail)
    76) "before each" hook for "adding merchant twice reverts (AlreadyMerchant)"

  VFIDECommerce additional coverage tests
    77) "before each" hook for "open reverts when merchant is suspended"

  VFIDECommerce reentrancy resilience
    78) "before each" hook for "attempted reentrancy via token.transfer should not break state (release remains safe)"

  VFIDECommerce security fuzz - malicious token behaviors
    79) "before each" hook for "GasDrainer token: release succeeds even when token consumes more gas"

  VFIDECommerce security & boundary tests
    80) "before each" hook for "open reverts with COM_SecLocked when buyer or merchant vault locked"

  VFIDEFinance targeted branch tests
    81) "before each" hook for "StablecoinRegistry constructor and TEST_setForceDecimals & decimals fallback"

  VFIDEFinance coverage-focused tests
    82) "before each" hook for "setDAO and setLedger by DAO and addAsset fallback decimals path"

  VFIDEFinance extra focused tests
    83) "before each" hook for "addAsset then adding again reverts with FI_AlreadyWhitelisted"

  VFIDEFinance focused branch tests
    84) "before each" hook for "_decimalsOrTry: staticcall failure returns fallback 18 (reverting contract)"

  VFIDEFinance microbatch1 tests
MB1 beforeEach start 0xf39Fd6e51aad88F6F4ce6aB8827279cffFb92266
    85) "before each" hook for "addAsset uses token.decimals and falling back when decimals() reverts"

  VFIDEFinance micro-batch 2 (vfide token path & onlyDAO toggle)
    86) "before each" hook for "send allows vfideToken even if not whitelisted"

  VFIDEFinance micro-batch 3 (admin guards & send/deposit edge cases)
    87) "before each" hook for "setDAO rejects zero address and setLedger onlyDAO behavior"

  VFIDEFinance micro-batch 4 (decimals permutations & transfer-fail)
    88) "before each" hook for "_decimalsOrTry: contract that reverts falls back to 18"

  VFIDEFinance more focused tests
    89) "before each" hook for "addAsset -> setSymbolHint -> removeAsset success path"

  VFIDEFinance targeted branch tests
    90) "before each" hook for "onlyDAO modifier rejects non-dao calls and allows dao when set"

  VFIDEPresale
    Deployment
      91) "before each" hook for "should deploy with correct vfide"

  VFIDESecurity - GuardianRegistry
    Deployment
      92) "before each" hook for "should deploy with correct DAO"

  VFIDESecurity - SecurityHub
    Deployment
      93) "before each" hook for "should deploy with correct components"

  VFIDESecurity - GuardianLock
    ✔ should test M-of-N guardian voting

  VFIDESecurity - PanicGuard
    ✔ should test automatic quarantine

  VFIDESecurity - EmergencyBreaker
    ✔ should test global halt mechanism

  VFIDEStaking Expanded Tests
    94) "before each" hook for "should allow staking with valid parameters"

  VFIDEToken branch-combination tests
    95) "before each" hook for "cover some fee/router and vault/security helper branches"

  VFIDEToken coverage-focused tests
    96) "before each" hook for "owner admin paths: set modules and ledger"

  VFIDEToken exhaustive branch tests
    97) "before each" hook for "hard burn (burnAmt>0, burnSink=0) decreases totalSupply and emits Transfer to zero"

  VFIDEToken extra focused tests
    98) "before each" hook for "_isVault returns true/false and TEST flag forces false"

  VFIDEToken focused branch tests
    99) "before each" hook for "_isVault respects vaultHub and TEST_force_vaultHub_zero"

  VFIDEToken micro-batch 1 (vault, lock, policy, presale)
    100) "before each" hook for "_isVault returns true when vault hub maps owner->self and false when TEST_force_vaultHub_zero set"

  VFIDEToken microbatch 10 — presale & policy guards
    101) "before each" hook for "mintPresale exceeding PRESALE_SUPPLY_CAP reverts with VF_CAP"

  VFIDEToken microbatch 11 — security locks & TEST toggles
    102) "before each" hook for "securityHub locked -> transfers revert with VF_LOCKED"

  VFIDEToken microbatch 12 — matrix sweep for fee/exception permutations
    103) "before each" hook for "scenario 0: no fees"

  VFIDEToken microbatch 13 — policy/vault/presale/security/approve edges
    104) "before each" hook for "transfer 0 emits Transfer and returns (short-circuit)"

  VFIDEToken microbatch 14 — _isVault and vaultHub edge cases
    105) "before each" hook for "v==a && v!=0 -> _isVault true"

  VFIDEToken microbatch 15 — policy/router/treasury/fee matrix
    106) "before each" hook for "matrix 0: router present, no fees"

  VFIDEToken microbatch 16 — exhaustive sink/fee/treasury permutations
    107) "before each" hook for "case 0: sanctum Z -> treasury"

  VFIDEToken microbatch 17 — remaining cond-exprs, vaultOnly=false and TEST toggles
    108) "before each" hook for "both fees non-zero, sanctumSink==Z -> treasury when set, burn soft to charlie"

  VFIDEToken microbatch 18 — final cond-expr/sink/vault/policy permutations
    109) "before each" hook for "both fees non-zero with mixed sinks (sanctum Z -> treasury, burnSink non-zero) across transfer and transferFrom"

  VFIDEToken microbatch19 - fee & sink permutations
    110) "before each" hook for "applies both burn and sanctum amounts when both sinks present (transfer)"

  VFIDEToken micro-batch 2 (burn router fees & systemExempt)
    111) "before each" hook for "applies burn and sanctum amounts, using treasurySink fallback"

  VFIDEToken microbatch20 - leftover fee/vault/policy permutations
    112) "before each" hook for "hard burn when burnSink == zero and sanctum routes to treasury"

  VFIDEToken microbatch21 - combinatorial fee/sink permutations
    113) "before each" hook for "combo: both non-zero sinks non-zero"

  VFIDEToken microbatch22 - broad permutation sweep
    114) "before each" hook for "sweeps many permutations without throwing (collects results)"

  VFIDEToken microbatch-23 — burn sink and sanctum fallback
    115) "before each" hook for "hard burn when burnSink == address(0) reduces totalSupply and leaves recipient with net"

  VFIDEToken microbatch-24 — presale + vaultOnly combos
    116) "before each" hook for "reverts when vaultOnly is true and presale target is not a vault"

  VFIDEToken microbatch-25 — security staticcall failures and policy-lock router requirement
    117) "before each" hook for "reverts transfers when security hub marks vault as locked"

  VFIDEToken microbatch-26 — transferFrom and allowance flows
    118) "before each" hook for "reverts when allowance is insufficient for transferFrom"

  VFIDEToken microbatch-27 — small edge cases (zero-transfer, allowance underflow, approve zero)
    119) "before each" hook for "emits Transfer and returns early for zero-amount transfer"

  VFIDEToken microbatch-28 — router/policy, systemExempt permutations, sanctum fallback, TEST helpers
    120) "before each" hook for "lockPolicy requires router (policyLocked path) — transfer reverts when no router"

  VFIDEToken microbatch-29 — admin policy lock guards & presale branches
    121) "before each" hook for "setVaultOnly(false) reverts after policy locked (VF_POLICY_LOCKED)"

  VFIDEToken microbatch 3 — soft-burn sinks & vaultOnly/policy toggles
    122) "before each" hook for "applies soft-burn and sends sanctum portion to sanctumSink when configured"

  VFIDEToken microbatch-30 — fee/exception permutations and transferFrom variants
    123) "before each" hook for "fromExempt only: fees bypassed when sender exempt"

  VFIDEToken microbatch-31 — policy branches, securityHub absence, VF_CAP via harness
    124) "before each" hook for "setVaultOnly(true) succeeds after policy locked (no revert path)"

  VFIDEToken microbatch-32 — owner guards, vaultOnly toggles and presale unset
    125) "before each" hook for "owner can disable vaultOnly when policy not locked"

  VFIDEToken microbatch-33 — both-fees non-zero and router-required explicit
    126) "before each" hook for "both burnAmt and sanctumAmt non-zero with non-zero sinks credits both sinks and emits FeeApplied"

  VFIDEToken microbatch-34 — policy-locked setters + fee permutations + TEST view
    127) "before each" hook for "setBurnRouter(0) and setTreasurySink(0) revert once policyLocked (custom error)"

  VFIDEToken microbatch-35 — zero/zero-address and policyLocked+router present paths
    128) "before each" hook for "zero-amount transfer emits Transfer(from,to,0) and returns"

  VFIDEToken microbatch-36 — harness expose transfer and vaultOnly enable under policyLocked
    129) "before each" hook for "_transfer reverts when from==address(0) (VF_ZERO) via harness call"

  VFIDEToken microbatch-37 — systemExempt toggles, presale event, TEST router-pass path
    130) "before each" hook for "setSystemExempt true then false emits events and updates mapping"

  VFIDEToken microbatch-38 — explicit coverage for setVaultOnly, setPresale and TEST router permutations
    131) "before each" hook for "setVaultOnly: before lock can disable; after lock enabling is allowed and disabling reverts"

  VFIDEToken microbatch-39 — final permutations for setVaultOnly, setPresale and router-required arms
    132) "before each" hook for "setVaultOnly explicit toggles and double-calls exercise both arms"

  VFIDEToken microbatch 4 — router-required, hard-burn, security lock, vaultOnly toggle
    133) "before each" hook for "hard burn path: burnSink==address(0) decreases totalSupply"

  VFIDEToken microbatch-40 — admin-only reverts (non-owner calls)
    134) "before each" hook for "non-owner cannot call setVaultOnly"

  VFIDEToken microbatch-41 — transferFrom with policyLocked + router present/absent
    135) "before each" hook for "transferFrom succeeds when policyLocked and burnRouter present"

  VFIDEToken microbatch 5 — burn/sanctum permutations & vaultOnly rejections
    136) "before each" hook for "sanctum fallback: when sanctumSink==0, token sends sanctumAmt to treasurySink"

  VFIDEToken microbatch 6 — fee permutations & systemExempt combos
    137) "before each" hook for "burn+sanctum both non-zero with sanctumSink != recipient routes correctly"

  VFIDEToken microbatch 7 — presale & policy guards
    138) "before each" hook for "presale target must be a vault when vaultOnly is active"

  VFIDEToken microbatch 8 — transfer cond-expr & router-required branches
    139) "before each" hook for "transfer 0 amount is a no-op (emits Transfer 0) and balances unchanged"

  VFIDEToken microbatch 9 — burn-router permutations & systemExempt combos
    140) "before each" hook for "burn+sanctum both non-zero with sanctumSink != recipient routes correctly (soft-burn to burnSink)"

  VFIDEToken negative owner & policy tests
    141) "before each" hook for "onlyOwner modifier rejects non-owner calls"

  VFIDEToken permutation engine to flip branches
    142) "before each" hook for "exercise to/from locked vault branches and mixed systemExempt combos"

  VFIDEToken permutations (router/burn/sanctum/systemExempt/policyLocked)
    143) "before each" hook for "hard burn with fees applied and policyUnlocked decreases totalSupply"

  VFIDEToken TEST-ONLY helper coverage
    144) "before each" hook for "TEST helpers: force router requirement and vault/staticcall checks"

  VFIDETrust - Seer (ProofScore)
    Deployment
      145) "before each" hook for "should deploy with correct DAO"

  VaultInfrastructure - VaultHub
    Deployment
      146) "before each" hook for "should deploy successfully"

  VaultInfrastructure - UserVault
    Guardian Management
      147) should allow owner to add guardians
      148) should allow owner to remove guardians
      149) should set next of kin
    Recovery Process
      ✔ should allow guardian-approved recovery
      ✔ should enforce threshold for recovery
    Transfer Functions
      ✔ should allow owner to transfer tokens
      ✔ should enforce security lock
    Emergency Functions
      ✔ should handle panic mode
      ✔ should respect security hub
    Integration - Full Lifecycle
      150) should test complete vault lifecycle

  Coverage: addMerchant and Additional Functions
    151) "before all" hook in "Coverage: addMerchant and Additional Functions"

  both-bruteforce3: combined permutations using many helpers and toggles
    152) sweeps many helpers in MR + Vault to flip stubborn arms

  Coverage Bruteforce: More TEST Functions
    153) "before all" hook in "Coverage Bruteforce: More TEST Functions"

  VFIDECommerce - Exhaustive TEST Coverage
    Force Flag Setters
      154) "before each" hook for "should set all force flags on MerchantRegistry"

  VFIDECommerce - Production Paths via TEST Helpers
    Lines 87, 118, 130: Constructor/Initialization Conditionals
      155) "before each" hook for "should cover line 87 constructor validation via TEST helpers"

  VFIDECommerce - Systematic TEST Helper Coverage Part 1 (lines 295-560)
    Lines 295-365: Using existing TEST helpers
      156) "before each" hook for "should cover line 295-309 via TEST_exec_addMerchant_branches"

  VFIDECommerce - Systematic TEST Helper Coverage Part 2 (lines 560-1000)
    Line 644: Multiple TEST helper variants
      157) "before each" hook for "should cover line 644 combo variants"

  VFIDECommerce - Systematic TEST Helper Coverage Part 3 (remaining functions)
    Line 1060 and related variants
      158) "before each" hook for "should cover TEST_line1060_condexpr_alt"

  coverage.escrow.bruteforce: exercise escrow hotspots
    159) runs permutations of helpers and tries production flows safely

  Final Push: All Remaining TEST Functions Part 1
    160) "before all" hook in "Final Push: All Remaining TEST Functions Part 1"

  Final Push: All Remaining TEST Functions Part 2
    161) "before all" hook in "Final Push: All Remaining TEST Functions Part 2"

  Final Coverage Push: All Remaining Variants
    162) "before all" hook in "Final Coverage Push: All Remaining Variants"

  VFIDEFinance: Exhaustive Coverage to 100%
    163) "before all" hook in "VFIDEFinance: Exhaustive Coverage to 100%"

  Finance Remaining 20 Branches
    164) "before all" hook in "Finance Remaining 20 Branches"

  big helpers: deterministic helpers for commerce + finance
    165) calls commerce msg.sender helpers and toggles to flip branch arms
    166) calls finance helpers to deterministically hit decimals/send branch arms

  bruteforce: commerce + finance permutation sweep
    167) runs a compact set of ordered permutations for both subsystems

  sequence: commerce addMerchant ordered-call sweep (118/130)
    168) runs ordered helper + production call sequences to hit missing branch indexes

  coverage.finish.commerce.250_410.narrow
    169) calls mass/region/hotspot helpers with permutations to flip escrow-region arms

  coverage.finish.commerce.250_410 - focused escrow cluster
    170) exercises many TEST helpers across 250-410 region to flip branch arms

  micro: addMerchant line 118/130 deterministic sweep
    171) exhaustively calls production addMerchant with force flags and msg.sender variants

  coverage.finish.commerce.addMerchant.targeted - flip msg.sender/vault arms (118/130)
    172) registers a merchant and exercises msg.sender-specific helpers to flip both arms

  bruteforce: addMerchant permutations to flip stubborn arms
    173) permutations of toggles, helpers and production calls to flip remaining branch nodes

  bruteforce2: commerce addMerchant deep permutations for lines ~118/130 and escrow cluster
    174) exhaustively calls TEST helpers and production addMerchant in many orders to hit missing index arms

  coverage.finish.commerce.addMerchant.combine
    175) executes both true and false arms for addMerchant lines ~118 and ~130 (explicit + msg.sender)

  coverage.finish.commerce.addMerchant.exhaustive - exhaust permutations for lines 118/130
    176) calls addMerchant-related pinpoint helpers with all signer/force permutations

  coverage.finish.commerce.addMerchant.extra2 - exhaustive addMerchant permutations
    177) runs many permutations of addMerchant TEST helpers to flip left/right/msg.sender arms

  coverage.finish.commerce.addMerchant.forceLeft - force alreadyMerchant arm
    178) forces alreadyMerchant and calls narrow helpers to hit left arms

  coverage.finish.commerce.addMerchant.forceRight - force noVault/lowScore arm
    179) forces noVault/lowScore and calls narrow helpers to hit right arms

  coverage.finish.commerce.addMerchant.narrow - target lines 118/130
    180) targets addMerchant left/right and msg.sender vaultZero arms

  coverage.finish.commerce.addMerchant.narrow3
    181) targets addMerchant lines ~118 and ~130 including msg.sender variants and force flags

  coverage.finish.commerce.addMerchant.narrow4
    182) registers one signer and uses a no-vault signer to flip left/right msg.sender arms

  micro-orderings: addMerchant ordered sequences to hit index-specific arms
    183) runs a few ordered sequences that previously left index=0 uncovered

  coverage.finish.commerce.addMerchant.pinpoint - call exact line helpers
    184) exercises pinpoint helpers TEST_line118_*/TEST_line130_* and msg.sender variants

  coverage.finish.commerce.addMerchant - focused addMerchant helpers
    185) exercises addMerchant conditional arms via TEST helpers and msg.sender variants

  coverage.finish.commerce.exec.addMerchant - call addMerchant to exercise production branches
    186) calls addMerchant with registered, no-vault and low-score signers to exercise real branches

  coverage.finish.commerce.stateful - stateful escrow and merchant flows
    187) creates merchant, opens/funds/resolve/refund/dispute/resolve flows and triggers refund/dispute thresholds

  coverage: targeted extra arms
    188) mocks: transferFrom allowance revert arms (GasDrainer & Reentering)
    189) CommerceEscrow: refund/dispute caller permutations exercise NotAllowed and success paths
    190) Finance: onlyDAO and NotWhitelisted arms

  coverage.finish.extra10 - final pinpoint sweep
    191) MerchantRegistry extra helpers
    192) StablecoinRegistry extra helpers

  coverage.finish.extra11 - escrow & treasury pinpoint helpers
    193) Escrow helpers and securityCheck
    194) Treasury helpers

  coverage.finish.extra12 - pinpoint helper sweep (Commerce)
    195) MerchantRegistry pinpoint helpers and permutations
    196) Escrow pinpoint helpers exercise open/access arms

  coverage.finish.extra13 - additional Commerce pinpoint helpers
    197) covers extra MerchantRegistry combined branches

  coverage.finish.extra14 - Finance pinpoint helpers
    198) covers composite finance helper with permutations

  coverage.finish.extra15 - stateful Commerce flows to flip branches
    199) creates merchant, triggers refund/dispute thresholds and escrow flows

  coverage.finish.extra16 - broad permutations to flip remaining arms
    200) sweeps many TEST helpers in Commerce and Finance

  coverage.finish.extra17 - pinpoint helpers for remaining Commerce arms
    201) exercises newly added TEST helpers in MerchantRegistry and CommerceEscrow

  coverage.finish.extra18 - targeted helpers to flip Commerce remaining arms
    202) calls pinpoint helpers with permutations to flip branch arms

  coverage.finish.extra19 - hotspot helpers for Commerce (300-410, 490-610)
    203) exercises hotspot helpers with permutations

  coverage.finish.extra2 - targeted branch hits
    204) MerchantRegistry: exercise addMerchant subexprs and force flags
    205) Finance: decimals helper and deposit/send insufficient paths

  coverage.finish.extra20 - sweep all TEST helpers to flip remaining arms
    206) sweeps MR and CE TEST helpers broadly

  coverage.finish.extra21 - Finance sweep to flip remaining arms
    207) exercises StablecoinRegistry and EcoTreasuryVault TEST helpers

  coverage.finish.extra22 - finance hotspot helper sweep
    208) calls TEST_cover_finance_more2 with permutations to flip branches

  coverage.finish.extra23 - Commerce pinpoint near lines 118/130
    209) exercises TEST_cover_addMerchant_near118_130 and toggles flags

  coverage.finish.extra24 - Commerce region 250-300 helper
    210) calls TEST_cover_250_300_region with permutations to flip arms

  coverage.finish.extra25 - flip addMerchant and 250-300 region arms
    211) flips alreadyMerchant and vault/noVault arms and exercises 250-300 region

  coverage.finish.extra26 - msg.sender addMerchant helpers (line 118/130)
    212) calls msg.sender-based helpers to flip the exact addMerchant arms

  coverage.finish.extra27 - msg.sender vault helper (line 130)
    213) uses msg.sender vault helper to flip vaultZero arms

  coverage.finish.extra28 - mass 250-410 region tester
    214) calls TEST_cover_mass_250_410 with permutations to flip many arms

  coverage.finish.extra29 - addMerchant permutations
    215) exercises addMerchant conditional arms via TEST helpers

  coverage.finish.extra3 - final targeted branch hits
    216) MerchantRegistry: hit addMerchant already/noVault/lowScore arms
    217) MerchantRegistry: noteDispute zero-flag and CommerceEscrow access NotAllowed arms
    218) Finance: ledger revert try/catch and send zero/to checks

  coverage.finish.extra30 - escrow release/refund/dispute permutations
    219) opens/funds escrows and exercises allowed and not-allowed arms

  coverage.finish.extra31 - pinpoint addMerchant msg.sender arms
    220) toggles TEST flags and calls msg.sender helpers to flip arms

  coverage.finish.extra32 - mass coverage 250-410 region
    221) calls mass and region helpers with permutations to flip arms

  coverage.finish.extra33 - extended permutations for 300-410 hotspots
    222) exercises many hotspot helpers with permutations

  coverage.finish.extra34 - broad sweep of TEST helpers
    223) calls a broad set of TEST helpers to flip remaining arms

  coverage.finish.extra4 - TEST-only helpers exercise
    224) Commerce: use TEST_exercise_addMerchant_checks to flip arms
    225) Finance: use TEST_exercise_decimals_try and TEST_exercise_deposit_send_checks

  coverage.finish.extra5 - target remaining branch arms
    226) Commerce: hit addMerchant and noteRefund/noteDispute arms
    227) Finance: exercise decimals fallback and deposit/send failure arms
    228) Call new contracts-min TEST_cover helpers to exercise remaining arms

  coverage.finish.extra6 - exercise explicit if/else helpers permutations
    229) Commerce: call TEST_exec_addMerchant_ifvariants with permutations
    230) CommerceEscrow: exercise TEST_exec_open_ifvariants and access masks
    231) Finance: call TEST_exec_decimals_and_tx_ifvariants permutations

  coverage.finish.extra7 - extra permutations and signer variations
    232) MerchantRegistry: toggle flags and call if-helpers with different signers
    233) CommerceEscrow: call access helpers from different callers to flip arms
    234) Finance: flip whitelist and zero-amount arms for StablecoinRegistry and EcoTreasury

  coverage.finish.extra8 - broader sweep for remaining arms
    235) MerchantRegistry/Commerce: sweep permutations and signer-varied calls
    236) CommerceEscrow: force buyerVault zero and access masks with different ids
    237) Finance: additional permutations on decimals/send/deposit helpers

  coverage.finish.extra9 - pinpoint helpers to flip last arms
    238) MerchantRegistry pinpoint helpers
    239) Finance pinpoint helpers

  bruteforce: finance send/decimals permutations to flip stubborn arms (~399)
    240) runs many ordered combinations of send/mint/toggles/helpers to hit missing branch nodes

  coverage.finish.finance.399.exhaustive - exhaustive permutations to flip finance arms
    241) runs permutations over decimals/staticcall, whitelist, zero-amount and token-zero checks

  micro: finance line ~399 deterministic sweep
    242) calls EcoTreasuryVault.send and StablecoinRegistry helpers in ordered permutations to flip specific arms

  coverage.finish.finance.399.narrow - decimals and deposit/send guard branches
    243) exercises decimals staticcall success/fail and deposit/send checks

  micro-orderings: finance ordered sequences to target index-specific arms (~399)
    244) runs a few ordered sequences of send/mint/toggles to exercise send branches

  sequence: finance send/decimals ordered-call sweep (~399)
    245) runs ordered sequences of decimals helpers and send() permutations to hit missing branch indexes

  coverage.finish.finance.399 - focused finance hotspot
    246) exercises finance branches including decimals staticcall fallback and send/deposit guards

  coverage.finish.finance.send.exec - call EcoTreasuryVault.send to execute branches
    247) executes send() with token zero, zero amount, not-whitelisted and success paths

  Commerce Bruteforce: Lines 664, 871, 964 Exhaustive
    248) "before all" hook in "Commerce Bruteforce: Lines 664, 871, 964 Exhaustive"

  coverage: finish remaining branch arms
    249) MerchantRegistry: _noteRefund and _noteDispute hit COM_Zero via TEST toggles
    250) StablecoinRegistry & EcoTreasury: exercise TEST decimal and insufficient flags
    251) mocks: exercise TEST_checkAllowance branches and MerchantRegistry addMerchant TEST toggles
    252) StablecoinRegistry: ledger revert path is caught (try/catch) to exercise both arms
    253) invoke TEST helpers to exercise conditional sub-expressions
    254) mocks: transferFrom success and failure arms for GasDrainer and Reentering
    255) finance: onlyDAO gates for StablecoinRegistry and EcoTreasury (DAO vs non-DAO)

  helpers-focused: commerce deterministic helpers
    256) calls TEST_exec_addMerchant_msgsender_full and note guards with permutations

  helpers-focused: finance deterministic helpers
    257) calls TEST_exec_send_variants and decimals wrapper with permutations

  coverage.pinpoint.next: flip specific Commerce branch arms
    258) toggles TEST flags, calls msg.sender variants and mass helpers

  coverage.pinpoint.top: targeted helpers for top missing arms
    259) targets commerce addMerchant arms and finance send/decimals arms

  coverage.pinpoint.top2: target more top canonical misses
    260) calls new pinpoint helpers and toggles flags

  Coverage: Production Flow - Targeted Branch Tests
    261) "before all" hook in "Coverage: Production Flow - Targeted Branch Tests"

  Commerce: Push to 100% Coverage - Final Push
    Line 87: removeMerchant branch
      262) "before each" hook for "should hit line 87 when removing active merchant"

  Push to 100%: Missing Branch Coverage
    263) "before all" hook in "Push to 100%: Missing Branch Coverage"

  coverage.target.min - exercise contracts-min helpers
    264) MerchantRegistry (contracts-min): flip subexpr arms via TEST_exercise_addMerchant_checks
    265) StablecoinRegistry (contracts-min): exercise decimals and deposit/send checks

  Coverage: Uncovered Branches Test
    MerchantRegistry - onlyDAO modifier (line 87)
      266) "before each" hook for "should cover both arms of onlyDAO modifier"

  Coverage: Additional Uncovered Branches - Part 2
    267) covers remaining Commerce and Finance branches systematically

  Coverage: CommerceEscrow Uncovered Branches
    268) covers dense branch clusters in lines 435-664 and beyond

  Coverage: VFIDEFinance Uncovered Branches
    269) covers remaining Finance contract branches systematically

  TEST-ONLY forced-branch coverage helpers
    270) MerchantRegistry: force AlreadyMerchant and zero-sender branches
    271) StablecoinRegistry: force decimals fallback/override path
    272) EcoTreasuryVault: force deposit/send insufficient errors
    273) VFIDEToken: check forced vault/staticcall/router branches
    274) mocks: exercise ERC20Mock failure branches and LedgerMock paths

  Mocks coverage: LedgerMock and ReenteringERC20
    275) LedgerMock: exercises emit and revert branches via StablecoinRegistry calls
    276) LedgerMock: exercises logEvent path (addAsset) both emit and revert branches
    277) LedgerMock: direct calls exercise both logSystemEvent/logEvent branches
    278) ReenteringERC20: covers balance guard and reentry path
    279) ReverterEscrow: covers release/refund emit and revert paths
    280) BurnRouterMock: set and computeFees paths
    281) ReenteringERC20: transferFrom allowance branches (allowance/underflow and success)
    282) GasDrainerERC20: transfer and transferFrom paths (balance guard and success)
    283) GasDrainerERC20: explicit allowance-revert branch (zero allowance and small value)
    284) GasDrainerERC20: TEST_checkAllowance covers both branches (false then true)
    285) ReenteringERC20: explicit allowance-revert branch (zero allowance)
    286) ReenteringERC20: TEST_checkAllowance covers both branches (false then true)
    287) MerchantRegistryMock: setMerchant and info cover status branches

  Extra mock branch coverage
    288) GasDrainer: extra TEST_checkAllowance edge cases and transferFrom reverts/succeeds
    289) ReenteringERC20: transfer with default (no reenter target) and with reenter target

  Uncovered mocks coverage
    290) ReenterTargetMock emits Released
    291) ReverterEscrow emits and reverts correctly
    292) RevertingDecimals fallback reverts on plain call
    293) SecurityHubMock and SeerMock basic behaviors
    294) VaultHubMock vaultOf and TestVFIDEHarness TEST helpers
    295) LedgerMock logEvent and logSystemEvent revert paths

  Deterministic fuzz: Finance / Token / Commerce (sanity)
    296) runs a deterministic sequence of randomized actions without crashing

  Smoke Tests - Core Functionality
    297) "before each" hook for "Should deploy VFIDEToken successfully"

  Smoke Tests - Commerce
    298) "before each" hook for "Should deploy MerchantRegistry successfully"


  9 passing (2s)
  298 failing

  1) Commerce Complete Coverage
       "before each" hook for "TEST_if_vaultAndScore":
     HardhatError: HH700: Artifact for contract "contracts-min/mocks/ERC20Mock.sol:ERC20Mock" not found. 
      at Artifacts._handleWrongArtifactForFullyQualifiedName (/workspaces/Vfide/node_modules/hardhat/src/internal/artifacts.ts:697:11)
      at Artifacts._getValidArtifactPathFromFullyQualifiedName (/workspaces/Vfide/node_modules/hardhat/src/internal/artifacts.ts:646:21)
      at Artifacts._getArtifactPath (/workspaces/Vfide/node_modules/hardhat/src/internal/artifacts.ts:513:16)
      at Artifacts.readArtifact (/workspaces/Vfide/node_modules/hardhat/src/internal/artifacts.ts:71:26)
      at getContractFactory (/workspaces/Vfide/node_modules/@nomicfoundation/hardhat-ethers/src/internal/helpers.ts:120:22)
      at Context.<anonymous> (/workspaces/Vfide/test/archive/Commerce.complete.test.js:11:16)

  2) VFIDECommerce - Exhaustive TEST Coverage (Part 1/3)
       "before each" hook for "TEST_setOnlyDAOOff":
     HardhatError: HH700: Artifact for contract "ERC20Mock" not found. 
      at Artifacts._handleWrongArtifactForContractName (/workspaces/Vfide/node_modules/hardhat/src/internal/artifacts.ts:721:11)
      at Artifacts._getArtifactPathFromFiles (/workspaces/Vfide/node_modules/hardhat/src/internal/artifacts.ts:852:19)
      at Artifacts._getArtifactPath (/workspaces/Vfide/node_modules/hardhat/src/internal/artifacts.ts:516:21)
      at Artifacts.readArtifact (/workspaces/Vfide/node_modules/hardhat/src/internal/artifacts.ts:71:26)
      at getContractFactory (/workspaces/Vfide/node_modules/@nomicfoundation/hardhat-ethers/src/internal/helpers.ts:120:22)
      at Context.<anonymous> (/workspaces/Vfide/test/archive/Commerce.exhaustive1.test.js:11:23)

  3) VFIDECommerce - Exhaustive TEST Coverage (Part 2/3)
       "before each" hook for "TEST_cover_additional_branches":
     HardhatError: HH700: Artifact for contract "ERC20Mock" not found. 
      at Artifacts._handleWrongArtifactForContractName (/workspaces/Vfide/node_modules/hardhat/src/internal/artifacts.ts:721:11)
      at Artifacts._getArtifactPathFromFiles (/workspaces/Vfide/node_modules/hardhat/src/internal/artifacts.ts:852:19)
      at Artifacts._getArtifactPath (/workspaces/Vfide/node_modules/hardhat/src/internal/artifacts.ts:516:21)
      at Artifacts.readArtifact (/workspaces/Vfide/node_modules/hardhat/src/internal/artifacts.ts:71:26)
      at getContractFactory (/workspaces/Vfide/node_modules/@nomicfoundation/hardhat-ethers/src/internal/helpers.ts:120:22)
      at Context.<anonymous> (/workspaces/Vfide/test/archive/Commerce.exhaustive2.test.js:11:23)

  4) VFIDECommerce - Exhaustive TEST Coverage (Part 3/3)
       "before each" hook for "TEST_eval_open_checks":
     HardhatError: HH700: Artifact for contract "ERC20Mock" not found. 
      at Artifacts._handleWrongArtifactForContractName (/workspaces/Vfide/node_modules/hardhat/src/internal/artifacts.ts:721:11)
      at Artifacts._getArtifactPathFromFiles (/workspaces/Vfide/node_modules/hardhat/src/internal/artifacts.ts:852:19)
      at Artifacts._getArtifactPath (/workspaces/Vfide/node_modules/hardhat/src/internal/artifacts.ts:516:21)
      at Artifacts.readArtifact (/workspaces/Vfide/node_modules/hardhat/src/internal/artifacts.ts:71:26)
      at getContractFactory (/workspaces/Vfide/node_modules/@nomicfoundation/hardhat-ethers/src/internal/helpers.ts:120:22)
      at Context.<anonymous> (/workspaces/Vfide/test/archive/Commerce.exhaustive3.test.js:11:23)

  5) VFIDECommerce: Push to 95% Coverage
       "before each" hook for "should exercise TEST_setOnlyDAOOff":
     HardhatError: HH700: Artifact for contract "LedgerMock" not found. 
      at Artifacts._handleWrongArtifactForContractName (/workspaces/Vfide/node_modules/hardhat/src/internal/artifacts.ts:721:11)
      at Artifacts._getArtifactPathFromFiles (/workspaces/Vfide/node_modules/hardhat/src/internal/artifacts.ts:852:19)
      at Artifacts._getArtifactPath (/workspaces/Vfide/node_modules/hardhat/src/internal/artifacts.ts:516:21)
      at Artifacts.readArtifact (/workspaces/Vfide/node_modules/hardhat/src/internal/artifacts.ts:71:26)
      at getContractFactory (/workspaces/Vfide/node_modules/@nomicfoundation/hardhat-ethers/src/internal/helpers.ts:120:22)
      at Context.<anonymous> (/workspaces/Vfide/test/archive/Commerce.push95.test.js:11:24)

  6) Commerce: MerchantRegistry + CommerceEscrow
       "before each" hook for "merchant can register and buyer can open/fund/release an escrow":
     HardhatError: HH700: Artifact for contract "VaultHubMock" not found. 
      at Artifacts._handleWrongArtifactForContractName (/workspaces/Vfide/node_modules/hardhat/src/internal/artifacts.ts:721:11)
      at Artifacts._getArtifactPathFromFiles (/workspaces/Vfide/node_modules/hardhat/src/internal/artifacts.ts:852:19)
      at Artifacts._getArtifactPath (/workspaces/Vfide/node_modules/hardhat/src/internal/artifacts.ts:516:21)
      at Artifacts.readArtifact (/workspaces/Vfide/node_modules/hardhat/src/internal/artifacts.ts:71:26)
      at getContractFactory (/workspaces/Vfide/node_modules/@nomicfoundation/hardhat-ethers/src/internal/helpers.ts:120:22)
      at Context.<anonymous> (/workspaces/Vfide/test/archive/Commerce.test.js:18:20)

  7) Commerce negative paths and auto-suspend
       "before each" hook for "open reverts for zero amount and unregistered merchant and locked vaults":
     HardhatError: HH700: Artifact for contract "VaultHubMock" not found. 
      at Artifacts._handleWrongArtifactForContractName (/workspaces/Vfide/node_modules/hardhat/src/internal/artifacts.ts:721:11)
      at Artifacts._getArtifactPathFromFiles (/workspaces/Vfide/node_modules/hardhat/src/internal/artifacts.ts:852:19)
      at Artifacts._getArtifactPath (/workspaces/Vfide/node_modules/hardhat/src/internal/artifacts.ts:516:21)
      at Artifacts.readArtifact (/workspaces/Vfide/node_modules/hardhat/src/internal/artifacts.ts:71:26)
      at getContractFactory (/workspaces/Vfide/node_modules/@nomicfoundation/hardhat-ethers/src/internal/helpers.ts:120:22)
      at Context.<anonymous> (/workspaces/Vfide/test/archive/CommerceEdge.test.js:17:20)

  8) CouncilElection Contract Tests
       "before each" hook for "should set DAO correctly":
     HardhatError: HH700: Artifact for contract "SeerMock" not found. 
      at Artifacts._handleWrongArtifactForContractName (/workspaces/Vfide/node_modules/hardhat/src/internal/artifacts.ts:721:11)
      at Artifacts._getArtifactPathFromFiles (/workspaces/Vfide/node_modules/hardhat/src/internal/artifacts.ts:852:19)
      at Artifacts._getArtifactPath (/workspaces/Vfide/node_modules/hardhat/src/internal/artifacts.ts:516:21)
      at Artifacts.readArtifact (/workspaces/Vfide/node_modules/hardhat/src/internal/artifacts.ts:71:26)
      at getContractFactory (/workspaces/Vfide/node_modules/@nomicfoundation/hardhat-ethers/src/internal/helpers.ts:120:22)
      at Context.<anonymous> (/workspaces/Vfide/test/archive/CouncilElection.test.js:13:18)

  9) DAO Contract Tests
       "before each" hook for "should set admin correctly":
     HardhatError: HH700: Artifact for contract "SeerMock" not found. 
      at Artifacts._handleWrongArtifactForContractName (/workspaces/Vfide/node_modules/hardhat/src/internal/artifacts.ts:721:11)
      at Artifacts._getArtifactPathFromFiles (/workspaces/Vfide/node_modules/hardhat/src/internal/artifacts.ts:852:19)
      at Artifacts._getArtifactPath (/workspaces/Vfide/node_modules/hardhat/src/internal/artifacts.ts:516:21)
      at Artifacts.readArtifact (/workspaces/Vfide/node_modules/hardhat/src/internal/artifacts.ts:71:26)
      at getContractFactory (/workspaces/Vfide/node_modules/@nomicfoundation/hardhat-ethers/src/internal/helpers.ts:120:22)
      at Context.<anonymous> (/workspaces/Vfide/test/archive/DAO.test.js:14:18)

  10) DAOTimelock Contract Tests
       "before each" hook for "should set admin correctly":
     HardhatError: HH700: Artifact for contract "LedgerMock" not found. 
      at Artifacts._handleWrongArtifactForContractName (/workspaces/Vfide/node_modules/hardhat/src/internal/artifacts.ts:721:11)
      at Artifacts._getArtifactPathFromFiles (/workspaces/Vfide/node_modules/hardhat/src/internal/artifacts.ts:852:19)
      at Artifacts._getArtifactPath (/workspaces/Vfide/node_modules/hardhat/src/internal/artifacts.ts:516:21)
      at Artifacts.readArtifact (/workspaces/Vfide/node_modules/hardhat/src/internal/artifacts.ts:71:26)
      at getContractFactory (/workspaces/Vfide/node_modules/@nomicfoundation/hardhat-ethers/src/internal/helpers.ts:120:22)
      at Context.<anonymous> (/workspaces/Vfide/test/archive/DAOTimelock.test.js:13:20)

  11) DevReserveVestingVault
       "before each" hook for "should deploy with correct VFIDE":
     HardhatError: HH700: Artifact for contract "VFIDEDevVestingMock" not found. 
      at Artifacts._handleWrongArtifactForContractName (/workspaces/Vfide/node_modules/hardhat/src/internal/artifacts.ts:721:11)
      at Artifacts._getArtifactPathFromFiles (/workspaces/Vfide/node_modules/hardhat/src/internal/artifacts.ts:852:19)
      at Artifacts._getArtifactPath (/workspaces/Vfide/node_modules/hardhat/src/internal/artifacts.ts:516:21)
      at Artifacts.readArtifact (/workspaces/Vfide/node_modules/hardhat/src/internal/artifacts.ts:71:26)
      at getContractFactory (/workspaces/Vfide/node_modules/@nomicfoundation/hardhat-ethers/src/internal/helpers.ts:120:22)
      at Context.<anonymous> (/workspaces/Vfide/test/archive/DevReserveVestingVault.complete.test.js:14:23)

  12) DevReserveVestingVault
       "before each" hook for "should deploy with correct VFIDE":
     HardhatError: HH700: Artifact for contract "VFIDEDevVestingMock" not found. 
      at Artifacts._handleWrongArtifactForContractName (/workspaces/Vfide/node_modules/hardhat/src/internal/artifacts.ts:721:11)
      at Artifacts._getArtifactPathFromFiles (/workspaces/Vfide/node_modules/hardhat/src/internal/artifacts.ts:852:19)
      at Artifacts._getArtifactPath (/workspaces/Vfide/node_modules/hardhat/src/internal/artifacts.ts:516:21)
      at Artifacts.readArtifact (/workspaces/Vfide/node_modules/hardhat/src/internal/artifacts.ts:71:26)
      at getContractFactory (/workspaces/Vfide/node_modules/@nomicfoundation/hardhat-ethers/src/internal/helpers.ts:120:22)
      at Context.<anonymous> (/workspaces/Vfide/test/archive/DevReserveVestingVault.test.js:12:23)

  13) EmergencyControl Contract Tests
       "before each" hook for "should set DAO correctly":
     HardhatError: HH700: Artifact for contract "LedgerMock" not found. 
      at Artifacts._handleWrongArtifactForContractName (/workspaces/Vfide/node_modules/hardhat/src/internal/artifacts.ts:721:11)
      at Artifacts._getArtifactPathFromFiles (/workspaces/Vfide/node_modules/hardhat/src/internal/artifacts.ts:852:19)
      at Artifacts._getArtifactPath (/workspaces/Vfide/node_modules/hardhat/src/internal/artifacts.ts:516:21)
      at Artifacts.readArtifact (/workspaces/Vfide/node_modules/hardhat/src/internal/artifacts.ts:71:26)
      at getContractFactory (/workspaces/Vfide/node_modules/@nomicfoundation/hardhat-ethers/src/internal/helpers.ts:120:22)
      at Context.<anonymous> (/workspaces/Vfide/test/archive/EmergencyControl.test.js:13:20)

  14) Finance Complete Coverage
       "before each" hook for "TEST_eval_onlyDAO - with DAO":
     HardhatError: HH700: Artifact for contract "contracts-min/mocks/LedgerMock.sol:LedgerMock" not found. 
      at Artifacts._handleWrongArtifactForFullyQualifiedName (/workspaces/Vfide/node_modules/hardhat/src/internal/artifacts.ts:697:11)
      at Artifacts._getValidArtifactPathFromFullyQualifiedName (/workspaces/Vfide/node_modules/hardhat/src/internal/artifacts.ts:646:21)
      at Artifacts._getArtifactPath (/workspaces/Vfide/node_modules/hardhat/src/internal/artifacts.ts:513:16)
      at Artifacts.readArtifact (/workspaces/Vfide/node_modules/hardhat/src/internal/artifacts.ts:71:26)
      at getContractFactory (/workspaces/Vfide/node_modules/@nomicfoundation/hardhat-ethers/src/internal/helpers.ts:120:22)
      at Context.<anonymous> (/workspaces/Vfide/test/archive/Finance.complete.test.js:10:24)

  15) VFIDEFinance - Exhaustive TEST Coverage
       "before each" hook for "TEST_setOnlyDAOOff - toggle onlyDAO bypass":
     HardhatError: HH700: Artifact for contract "LedgerMock" not found. 
      at Artifacts._handleWrongArtifactForContractName (/workspaces/Vfide/node_modules/hardhat/src/internal/artifacts.ts:721:11)
      at Artifacts._getArtifactPathFromFiles (/workspaces/Vfide/node_modules/hardhat/src/internal/artifacts.ts:852:19)
      at Artifacts._getArtifactPath (/workspaces/Vfide/node_modules/hardhat/src/internal/artifacts.ts:516:21)
      at Artifacts.readArtifact (/workspaces/Vfide/node_modules/hardhat/src/internal/artifacts.ts:71:26)
      at getContractFactory (/workspaces/Vfide/node_modules/@nomicfoundation/hardhat-ethers/src/internal/helpers.ts:120:22)
      at Context.<anonymous> (/workspaces/Vfide/test/archive/Finance.exhaustive.test.js:10:24)

  16) VFIDEFinance: Push to 100% Coverage
       "before each" hook for "should exercise TEST_setOnlyDAOOff":
     HardhatError: HH700: Artifact for contract "LedgerMock" not found. 
      at Artifacts._handleWrongArtifactForContractName (/workspaces/Vfide/node_modules/hardhat/src/internal/artifacts.ts:721:11)
      at Artifacts._getArtifactPathFromFiles (/workspaces/Vfide/node_modules/hardhat/src/internal/artifacts.ts:852:19)
      at Artifacts._getArtifactPath (/workspaces/Vfide/node_modules/hardhat/src/internal/artifacts.ts:516:21)
      at Artifacts.readArtifact (/workspaces/Vfide/node_modules/hardhat/src/internal/artifacts.ts:71:26)
      at getContractFactory (/workspaces/Vfide/node_modules/@nomicfoundation/hardhat-ethers/src/internal/helpers.ts:120:22)
      at Context.<anonymous> (/workspaces/Vfide/test/archive/Finance.push100.test.js:11:24)

  17) StablecoinRegistry and EcoTreasuryVault
       "before each" hook for "DAO can whitelist asset and treasury accepts deposits":
     HardhatError: HH700: Artifact for contract "StablecoinRegistry" not found. 
      at Artifacts._handleWrongArtifactForContractName (/workspaces/Vfide/node_modules/hardhat/src/internal/artifacts.ts:721:11)
      at Artifacts._getArtifactPathFromFiles (/workspaces/Vfide/node_modules/hardhat/src/internal/artifacts.ts:852:19)
      at Artifacts._getArtifactPath (/workspaces/Vfide/node_modules/hardhat/src/internal/artifacts.ts:516:21)
      at Artifacts.readArtifact (/workspaces/Vfide/node_modules/hardhat/src/internal/artifacts.ts:71:26)
      at getContractFactory (/workspaces/Vfide/node_modules/@nomicfoundation/hardhat-ethers/src/internal/helpers.ts:120:22)
      at Context.<anonymous> (/workspaces/Vfide/test/archive/Finance.test.js:13:26)

  18) StablecoinRegistry and EcoTreasuryVault extra flows
       "before each" hook for "DAO can remove asset and set symbol hint":
     HardhatError: HH700: Artifact for contract "ERC20Mock" not found. 
      at Artifacts._handleWrongArtifactForContractName (/workspaces/Vfide/node_modules/hardhat/src/internal/artifacts.ts:721:11)
      at Artifacts._getArtifactPathFromFiles (/workspaces/Vfide/node_modules/hardhat/src/internal/artifacts.ts:852:19)
      at Artifacts._getArtifactPath (/workspaces/Vfide/node_modules/hardhat/src/internal/artifacts.ts:516:21)
      at Artifacts.readArtifact (/workspaces/Vfide/node_modules/hardhat/src/internal/artifacts.ts:71:26)
      at getContractFactory (/workspaces/Vfide/node_modules/@nomicfoundation/hardhat-ethers/src/internal/helpers.ts:120:22)
      at Context.<anonymous> (/workspaces/Vfide/test/archive/FinanceMore.test.js:14:17)

  19) GovernanceHooks
       "before each" hook for "should deploy with correct ledger":
     HardhatError: HH700: Artifact for contract "contracts-min/ProofLedger.sol:ProofLedger" not found. 
      at Artifacts._handleWrongArtifactForFullyQualifiedName (/workspaces/Vfide/node_modules/hardhat/src/internal/artifacts.ts:697:11)
      at Artifacts._getValidArtifactPathFromFullyQualifiedName (/workspaces/Vfide/node_modules/hardhat/src/internal/artifacts.ts:646:21)
      at Artifacts._getArtifactPath (/workspaces/Vfide/node_modules/hardhat/src/internal/artifacts.ts:513:16)
      at Artifacts.readArtifact (/workspaces/Vfide/node_modules/hardhat/src/internal/artifacts.ts:71:26)
      at getContractFactory (/workspaces/Vfide/node_modules/@nomicfoundation/hardhat-ethers/src/internal/helpers.ts:120:22)
      at Context.<anonymous> (/workspaces/Vfide/test/archive/GovernanceHooks.test.js:12:24)

  20) Interface Compliance Tests
       IVFIDEToken Interface
         Should implement all IVFIDEToken interface functions:
     HardhatError: HH700: Artifact for contract "VFIDEToken" not found. 
      at Artifacts._handleWrongArtifactForContractName (/workspaces/Vfide/node_modules/hardhat/src/internal/artifacts.ts:721:11)
      at Artifacts._getArtifactPathFromFiles (/workspaces/Vfide/node_modules/hardhat/src/internal/artifacts.ts:852:19)
      at Artifacts._getArtifactPath (/workspaces/Vfide/node_modules/hardhat/src/internal/artifacts.ts:516:21)
      at Artifacts.readArtifact (/workspaces/Vfide/node_modules/hardhat/src/internal/artifacts.ts:71:26)
      at getContractFactory (/workspaces/Vfide/node_modules/@nomicfoundation/hardhat-ethers/src/internal/helpers.ts:120:22)
      at Context.<anonymous> (/workspaces/Vfide/test/archive/Interfaces.test.js:13:21)

  21) Interface Compliance Tests
       IDAO Interface
         Should verify DAO interface structure:
     HardhatError: HH700: Artifact for contract "contracts-min/mocks/MockDAO.sol:MockDAO" not found. 
      at Artifacts._handleWrongArtifactForFullyQualifiedName (/workspaces/Vfide/node_modules/hardhat/src/internal/artifacts.ts:697:11)
      at Artifacts._getValidArtifactPathFromFullyQualifiedName (/workspaces/Vfide/node_modules/hardhat/src/internal/artifacts.ts:646:21)
      at Artifacts._getArtifactPath (/workspaces/Vfide/node_modules/hardhat/src/internal/artifacts.ts:513:16)
      at Artifacts.readArtifact (/workspaces/Vfide/node_modules/hardhat/src/internal/artifacts.ts:71:26)
      at getContractFactory (/workspaces/Vfide/node_modules/@nomicfoundation/hardhat-ethers/src/internal/helpers.ts:120:22)
      at Context.<anonymous> (/workspaces/Vfide/test/archive/Interfaces.test.js:29:23)

  22) Interface Compliance Tests
       ISeer Interface
         Should verify Seer reputation interface:
     HardhatError: HH700: Artifact for contract "contracts-min/mocks/MockSeer.sol:MockSeer" not found. 
      at Artifacts._handleWrongArtifactForFullyQualifiedName (/workspaces/Vfide/node_modules/hardhat/src/internal/artifacts.ts:697:11)
      at Artifacts._getValidArtifactPathFromFullyQualifiedName (/workspaces/Vfide/node_modules/hardhat/src/internal/artifacts.ts:646:21)
      at Artifacts._getArtifactPath (/workspaces/Vfide/node_modules/hardhat/src/internal/artifacts.ts:513:16)
      at Artifacts.readArtifact (/workspaces/Vfide/node_modules/hardhat/src/internal/artifacts.ts:71:26)
      at getContractFactory (/workspaces/Vfide/node_modules/@nomicfoundation/hardhat-ethers/src/internal/helpers.ts:120:22)
      at Context.<anonymous> (/workspaces/Vfide/test/archive/Interfaces.test.js:41:24)

  23) Interface Compliance Tests
       IProofLedger Interface
         Should verify ProofLedger interface functions:
     HardhatError: HH700: Artifact for contract "contracts-min/mocks/MockProofLedger.sol:MockProofLedger" not found. 
      at Artifacts._handleWrongArtifactForFullyQualifiedName (/workspaces/Vfide/node_modules/hardhat/src/internal/artifacts.ts:697:11)
      at Artifacts._getValidArtifactPathFromFullyQualifiedName (/workspaces/Vfide/node_modules/hardhat/src/internal/artifacts.ts:646:21)
      at Artifacts._getArtifactPath (/workspaces/Vfide/node_modules/hardhat/src/internal/artifacts.ts:513:16)
      at Artifacts.readArtifact (/workspaces/Vfide/node_modules/hardhat/src/internal/artifacts.ts:71:26)
      at getContractFactory (/workspaces/Vfide/node_modules/@nomicfoundation/hardhat-ethers/src/internal/helpers.ts:120:22)
      at Context.<anonymous> (/workspaces/Vfide/test/archive/Interfaces.test.js:53:26)

  24) Interface Compliance Tests
       IVaultHub Interface
         Should verify VaultHub interface compliance:
     HardhatError: HH700: Artifact for contract "contracts-min/mocks/MockVaultHub.sol:MockVaultHub" not found. 
      at Artifacts._handleWrongArtifactForFullyQualifiedName (/workspaces/Vfide/node_modules/hardhat/src/internal/artifacts.ts:697:11)
      at Artifacts._getValidArtifactPathFromFullyQualifiedName (/workspaces/Vfide/node_modules/hardhat/src/internal/artifacts.ts:646:21)
      at Artifacts._getArtifactPath (/workspaces/Vfide/node_modules/hardhat/src/internal/artifacts.ts:513:16)
      at Artifacts.readArtifact (/workspaces/Vfide/node_modules/hardhat/src/internal/artifacts.ts:71:26)
      at getContractFactory (/workspaces/Vfide/node_modules/@nomicfoundation/hardhat-ethers/src/internal/helpers.ts:120:22)
      at Context.<anonymous> (/workspaces/Vfide/test/archive/Interfaces.test.js:64:28)

  25) Interface Compliance Tests
       ISecurityHub Interface
         Should verify SecurityHub emergency interface:
     HardhatError: HH700: Artifact for contract "contracts-min/mocks/MockSecurityHub.sol:MockSecurityHub" not found. 
      at Artifacts._handleWrongArtifactForFullyQualifiedName (/workspaces/Vfide/node_modules/hardhat/src/internal/artifacts.ts:697:11)
      at Artifacts._getValidArtifactPathFromFullyQualifiedName (/workspaces/Vfide/node_modules/hardhat/src/internal/artifacts.ts:646:21)
      at Artifacts._getArtifactPath (/workspaces/Vfide/node_modules/hardhat/src/internal/artifacts.ts:513:16)
      at Artifacts.readArtifact (/workspaces/Vfide/node_modules/hardhat/src/internal/artifacts.ts:71:26)
      at getContractFactory (/workspaces/Vfide/node_modules/@nomicfoundation/hardhat-ethers/src/internal/helpers.ts:120:22)
      at Context.<anonymous> (/workspaces/Vfide/test/archive/Interfaces.test.js:74:31)

  26) Interface Compliance Tests
       ICouncilElection Interface
         Should verify CouncilElection interface functions:
     HardhatError: HH700: Artifact for contract "contracts-min/mocks/MockCouncilElection.sol:MockCouncilElection" not found. 
      at Artifacts._handleWrongArtifactForFullyQualifiedName (/workspaces/Vfide/node_modules/hardhat/src/internal/artifacts.ts:697:11)
      at Artifacts._getValidArtifactPathFromFullyQualifiedName (/workspaces/Vfide/node_modules/hardhat/src/internal/artifacts.ts:646:21)
      at Artifacts._getArtifactPath (/workspaces/Vfide/node_modules/hardhat/src/internal/artifacts.ts:513:16)
      at Artifacts.readArtifact (/workspaces/Vfide/node_modules/hardhat/src/internal/artifacts.ts:71:26)
      at getContractFactory (/workspaces/Vfide/node_modules/@nomicfoundation/hardhat-ethers/src/internal/helpers.ts:120:22)
      at Context.<anonymous> (/workspaces/Vfide/test/archive/Interfaces.test.js:85:27)

  27) Interface Compliance Tests
       IEmergencyControl Interface
         Should verify EmergencyControl interface:
     HardhatError: HH700: Artifact for contract "contracts-min/mocks/MockEmergencyControl.sol:MockEmergencyControl" not found. 
      at Artifacts._handleWrongArtifactForFullyQualifiedName (/workspaces/Vfide/node_modules/hardhat/src/internal/artifacts.ts:697:11)
      at Artifacts._getValidArtifactPathFromFullyQualifiedName (/workspaces/Vfide/node_modules/hardhat/src/internal/artifacts.ts:646:21)
      at Artifacts._getArtifactPath (/workspaces/Vfide/node_modules/hardhat/src/internal/artifacts.ts:513:16)
      at Artifacts.readArtifact (/workspaces/Vfide/node_modules/hardhat/src/internal/artifacts.ts:71:26)
      at getContractFactory (/workspaces/Vfide/node_modules/@nomicfoundation/hardhat-ethers/src/internal/helpers.ts:120:22)
      at Context.<anonymous> (/workspaces/Vfide/test/archive/Interfaces.test.js:97:29)

  28) Interface Compliance Tests
       IDAOTimelock Interface
         Should verify Timelock interface compliance:
     HardhatError: HH700: Artifact for contract "contracts-min/mocks/MockDAOTimelock.sol:MockDAOTimelock" not found. 
      at Artifacts._handleWrongArtifactForFullyQualifiedName (/workspaces/Vfide/node_modules/hardhat/src/internal/artifacts.ts:697:11)
      at Artifacts._getValidArtifactPathFromFullyQualifiedName (/workspaces/Vfide/node_modules/hardhat/src/internal/artifacts.ts:646:21)
      at Artifacts._getArtifactPath (/workspaces/Vfide/node_modules/hardhat/src/internal/artifacts.ts:513:16)
      at Artifacts.readArtifact (/workspaces/Vfide/node_modules/hardhat/src/internal/artifacts.ts:71:26)
      at getContractFactory (/workspaces/Vfide/node_modules/@nomicfoundation/hardhat-ethers/src/internal/helpers.ts:120:22)
      at Context.<anonymous> (/workspaces/Vfide/test/archive/Interfaces.test.js:109:28)

  29) Interface Compliance Tests
       ICommerceEscrow Interface
         Should verify Commerce escrow interface:
     HardhatError: HH700: Artifact for contract "contracts-min/mocks/MockCommerce.sol:MockCommerce" not found. 
      at Artifacts._handleWrongArtifactForFullyQualifiedName (/workspaces/Vfide/node_modules/hardhat/src/internal/artifacts.ts:697:11)
      at Artifacts._getValidArtifactPathFromFullyQualifiedName (/workspaces/Vfide/node_modules/hardhat/src/internal/artifacts.ts:646:21)
      at Artifacts._getArtifactPath (/workspaces/Vfide/node_modules/hardhat/src/internal/artifacts.ts:513:16)
      at Artifacts.readArtifact (/workspaces/Vfide/node_modules/hardhat/src/internal/artifacts.ts:71:26)
      at getContractFactory (/workspaces/Vfide/node_modules/@nomicfoundation/hardhat-ethers/src/internal/helpers.ts:120:22)
      at Context.<anonymous> (/workspaces/Vfide/test/archive/Interfaces.test.js:121:28)

  30) Interface Compliance Tests
       IMerchantRegistry Interface
         Should verify MerchantRegistry interface:
     HardhatError: HH700: Artifact for contract "contracts-min/mocks/MockCommerce.sol:MockCommerce" not found. 
      at Artifacts._handleWrongArtifactForFullyQualifiedName (/workspaces/Vfide/node_modules/hardhat/src/internal/artifacts.ts:697:11)
      at Artifacts._getValidArtifactPathFromFullyQualifiedName (/workspaces/Vfide/node_modules/hardhat/src/internal/artifacts.ts:646:21)
      at Artifacts._getArtifactPath (/workspaces/Vfide/node_modules/hardhat/src/internal/artifacts.ts:513:16)
      at Artifacts.readArtifact (/workspaces/Vfide/node_modules/hardhat/src/internal/artifacts.ts:71:26)
      at getContractFactory (/workspaces/Vfide/node_modules/@nomicfoundation/hardhat-ethers/src/internal/helpers.ts:120:22)
      at Context.<anonymous> (/workspaces/Vfide/test/archive/Interfaces.test.js:132:28)

  31) Interface Compliance Tests
       IReviewRegistry Interface
         Should verify ReviewRegistry interface compliance:
     HardhatError: HH700: Artifact for contract "contracts-min/mocks/MockCommerce.sol:MockCommerce" not found. 
      at Artifacts._handleWrongArtifactForFullyQualifiedName (/workspaces/Vfide/node_modules/hardhat/src/internal/artifacts.ts:697:11)
      at Artifacts._getValidArtifactPathFromFullyQualifiedName (/workspaces/Vfide/node_modules/hardhat/src/internal/artifacts.ts:646:21)
      at Artifacts._getArtifactPath (/workspaces/Vfide/node_modules/hardhat/src/internal/artifacts.ts:513:16)
      at Artifacts.readArtifact (/workspaces/Vfide/node_modules/hardhat/src/internal/artifacts.ts:71:26)
      at getContractFactory (/workspaces/Vfide/node_modules/@nomicfoundation/hardhat-ethers/src/internal/helpers.ts:120:22)
      at Context.<anonymous> (/workspaces/Vfide/test/archive/Interfaces.test.js:143:28)

  32) Interface Compliance Tests
       IGovernanceHooks Interface
         Should verify GovernanceHooks callback interface:
     HardhatError: HH700: Artifact for contract "contracts-min/mocks/MockGovernanceHooks.sol:MockGovernanceHooks" not found. 
      at Artifacts._handleWrongArtifactForFullyQualifiedName (/workspaces/Vfide/node_modules/hardhat/src/internal/artifacts.ts:697:11)
      at Artifacts._getValidArtifactPathFromFullyQualifiedName (/workspaces/Vfide/node_modules/hardhat/src/internal/artifacts.ts:646:21)
      at Artifacts._getArtifactPath (/workspaces/Vfide/node_modules/hardhat/src/internal/artifacts.ts:513:16)
      at Artifacts.readArtifact (/workspaces/Vfide/node_modules/hardhat/src/internal/artifacts.ts:71:26)
      at getContractFactory (/workspaces/Vfide/node_modules/@nomicfoundation/hardhat-ethers/src/internal/helpers.ts:120:22)
      at Context.<anonymous> (/workspaces/Vfide/test/archive/Interfaces.test.js:152:25)

  33) Interface Compliance Tests
       IProofScoreBurnRouter Interface
         Should verify ProofScoreBurnRouter interface:
     HardhatError: HH700: Artifact for contract "contracts-min/mocks/MockProofScoreBurnRouter.sol:MockProofScoreBurnRouter" not found. 
      at Artifacts._handleWrongArtifactForFullyQualifiedName (/workspaces/Vfide/node_modules/hardhat/src/internal/artifacts.ts:697:11)
      at Artifacts._getValidArtifactPathFromFullyQualifiedName (/workspaces/Vfide/node_modules/hardhat/src/internal/artifacts.ts:646:21)
      at Artifacts._getArtifactPath (/workspaces/Vfide/node_modules/hardhat/src/internal/artifacts.ts:513:16)
      at Artifacts.readArtifact (/workspaces/Vfide/node_modules/hardhat/src/internal/artifacts.ts:71:26)
      at getContractFactory (/workspaces/Vfide/node_modules/@nomicfoundation/hardhat-ethers/src/internal/helpers.ts:120:22)
      at Context.<anonymous> (/workspaces/Vfide/test/archive/Interfaces.test.js:163:26)

  34) Interface Compliance Tests
       ISystemHandover Interface
         Should verify SystemHandover interface functions:
     HardhatError: HH700: Artifact for contract "contracts-min/mocks/MockSystemHandover.sol:MockSystemHandover" not found. 
      at Artifacts._handleWrongArtifactForFullyQualifiedName (/workspaces/Vfide/node_modules/hardhat/src/internal/artifacts.ts:697:11)
      at Artifacts._getValidArtifactPathFromFullyQualifiedName (/workspaces/Vfide/node_modules/hardhat/src/internal/artifacts.ts:646:21)
      at Artifacts._getArtifactPath (/workspaces/Vfide/node_modules/hardhat/src/internal/artifacts.ts:513:16)
      at Artifacts.readArtifact (/workspaces/Vfide/node_modules/hardhat/src/internal/artifacts.ts:71:26)
      at getContractFactory (/workspaces/Vfide/node_modules/@nomicfoundation/hardhat-ethers/src/internal/helpers.ts:120:22)
      at Context.<anonymous> (/workspaces/Vfide/test/archive/Interfaces.test.js:172:28)

  35) Interface Compliance Tests
       IVFIDEPresale Interface
         Should verify Presale interface compliance:
     HardhatError: HH700: Artifact for contract "contracts-min/mocks/MockPresale.sol:MockPresale" not found. 
      at Artifacts._handleWrongArtifactForFullyQualifiedName (/workspaces/Vfide/node_modules/hardhat/src/internal/artifacts.ts:697:11)
      at Artifacts._getValidArtifactPathFromFullyQualifiedName (/workspaces/Vfide/node_modules/hardhat/src/internal/artifacts.ts:646:21)
      at Artifacts._getArtifactPath (/workspaces/Vfide/node_modules/hardhat/src/internal/artifacts.ts:513:16)
      at Artifacts.readArtifact (/workspaces/Vfide/node_modules/hardhat/src/internal/artifacts.ts:71:26)
      at getContractFactory (/workspaces/Vfide/node_modules/@nomicfoundation/hardhat-ethers/src/internal/helpers.ts:120:22)
      at Context.<anonymous> (/workspaces/Vfide/test/archive/Interfaces.test.js:183:27)

  36) Interface Compliance Tests
       IUserVault Interface
         Should verify UserVault interface functions:
     HardhatError: HH700: Artifact for contract "contracts-min/mocks/MockUserVault.sol:MockUserVault" not found. 
      at Artifacts._handleWrongArtifactForFullyQualifiedName (/workspaces/Vfide/node_modules/hardhat/src/internal/artifacts.ts:697:11)
      at Artifacts._getValidArtifactPathFromFullyQualifiedName (/workspaces/Vfide/node_modules/hardhat/src/internal/artifacts.ts:646:21)
      at Artifacts._getArtifactPath (/workspaces/Vfide/node_modules/hardhat/src/internal/artifacts.ts:513:16)
      at Artifacts.readArtifact (/workspaces/Vfide/node_modules/hardhat/src/internal/artifacts.ts:71:26)
      at getContractFactory (/workspaces/Vfide/node_modules/@nomicfoundation/hardhat-ethers/src/internal/helpers.ts:120:22)
      at Context.<anonymous> (/workspaces/Vfide/test/archive/Interfaces.test.js:194:25)

  37) Interface Compliance Tests
       IVaultFactory Interface
         Should verify VaultFactory creation interface:
     HardhatError: HH700: Artifact for contract "contracts-min/mocks/MockVaultFactory.sol:MockVaultFactory" not found. 
      at Artifacts._handleWrongArtifactForFullyQualifiedName (/workspaces/Vfide/node_modules/hardhat/src/internal/artifacts.ts:697:11)
      at Artifacts._getValidArtifactPathFromFullyQualifiedName (/workspaces/Vfide/node_modules/hardhat/src/internal/artifacts.ts:646:21)
      at Artifacts._getArtifactPath (/workspaces/Vfide/node_modules/hardhat/src/internal/artifacts.ts:513:16)
      at Artifacts.readArtifact (/workspaces/Vfide/node_modules/hardhat/src/internal/artifacts.ts:71:26)
      at getContractFactory (/workspaces/Vfide/node_modules/@nomicfoundation/hardhat-ethers/src/internal/helpers.ts:120:22)
      at Context.<anonymous> (/workspaces/Vfide/test/archive/Interfaces.test.js:205:27)

  38) Interface Compliance Tests
       IStablecoinRegistry Interface
         Should verify StablecoinRegistry interface:
     HardhatError: HH700: Artifact for contract "contracts-min/mocks/MockStablecoinRegistry.sol:MockStablecoinRegistry" not found. 
      at Artifacts._handleWrongArtifactForFullyQualifiedName (/workspaces/Vfide/node_modules/hardhat/src/internal/artifacts.ts:697:11)
      at Artifacts._getValidArtifactPathFromFullyQualifiedName (/workspaces/Vfide/node_modules/hardhat/src/internal/artifacts.ts:646:21)
      at Artifacts._getArtifactPath (/workspaces/Vfide/node_modules/hardhat/src/internal/artifacts.ts:513:16)
      at Artifacts.readArtifact (/workspaces/Vfide/node_modules/hardhat/src/internal/artifacts.ts:71:26)
      at getContractFactory (/workspaces/Vfide/node_modules/@nomicfoundation/hardhat-ethers/src/internal/helpers.ts:120:22)
      at Context.<anonymous> (/workspaces/Vfide/test/archive/Interfaces.test.js:214:28)

  39) Interface Compliance Tests
       IDevReserveVestingVault Interface
         Should verify DevReserveVestingVault interface:
     HardhatError: HH700: Artifact for contract "contracts-min/mocks/MockDevReserveVestingVault.sol:MockDevReserveVestingVault" not found. 
      at Artifacts._handleWrongArtifactForFullyQualifiedName (/workspaces/Vfide/node_modules/hardhat/src/internal/artifacts.ts:697:11)
      at Artifacts._getValidArtifactPathFromFullyQualifiedName (/workspaces/Vfide/node_modules/hardhat/src/internal/artifacts.ts:646:21)
      at Artifacts._getArtifactPath (/workspaces/Vfide/node_modules/hardhat/src/internal/artifacts.ts:513:16)
      at Artifacts.readArtifact (/workspaces/Vfide/node_modules/hardhat/src/internal/artifacts.ts:71:26)
      at getContractFactory (/workspaces/Vfide/node_modules/@nomicfoundation/hardhat-ethers/src/internal/helpers.ts:120:22)
      at Context.<anonymous> (/workspaces/Vfide/test/archive/Interfaces.test.js:225:27)

  40) Interface Compliance Tests
       IEcoTreasuryVault Interface
         Should verify EcoTreasuryVault interface compliance:
     HardhatError: HH700: Artifact for contract "contracts-min/mocks/MockEcoTreasuryVault.sol:MockEcoTreasuryVault" not found. 
      at Artifacts._handleWrongArtifactForFullyQualifiedName (/workspaces/Vfide/node_modules/hardhat/src/internal/artifacts.ts:697:11)
      at Artifacts._getValidArtifactPathFromFullyQualifiedName (/workspaces/Vfide/node_modules/hardhat/src/internal/artifacts.ts:646:21)
      at Artifacts._getArtifactPath (/workspaces/Vfide/node_modules/hardhat/src/internal/artifacts.ts:513:16)
      at Artifacts.readArtifact (/workspaces/Vfide/node_modules/hardhat/src/internal/artifacts.ts:71:26)
      at getContractFactory (/workspaces/Vfide/node_modules/@nomicfoundation/hardhat-ethers/src/internal/helpers.ts:120:22)
      at Context.<anonymous> (/workspaces/Vfide/test/archive/Interfaces.test.js:235:28)

  41) Interface Compliance Tests
       ISanctumFund Interface
         Should verify SanctumFund interface functions:
     HardhatError: HH700: Artifact for contract "contracts-min/mocks/MockSanctumFund.sol:MockSanctumFund" not found. 
      at Artifacts._handleWrongArtifactForFullyQualifiedName (/workspaces/Vfide/node_modules/hardhat/src/internal/artifacts.ts:697:11)
      at Artifacts._getValidArtifactPathFromFullyQualifiedName (/workspaces/Vfide/node_modules/hardhat/src/internal/artifacts.ts:646:21)
      at Artifacts._getArtifactPath (/workspaces/Vfide/node_modules/hardhat/src/internal/artifacts.ts:513:16)
      at Artifacts.readArtifact (/workspaces/Vfide/node_modules/hardhat/src/internal/artifacts.ts:71:26)
      at getContractFactory (/workspaces/Vfide/node_modules/@nomicfoundation/hardhat-ethers/src/internal/helpers.ts:120:22)
      at Context.<anonymous> (/workspaces/Vfide/test/archive/Interfaces.test.js:245:27)

  42) Interface Compliance Tests
       IGuardianLock Interface
         Should verify GuardianLock security interface:
     HardhatError: HH700: Artifact for contract "contracts-min/mocks/MockGuardianLock.sol:MockGuardianLock" not found. 
      at Artifacts._handleWrongArtifactForFullyQualifiedName (/workspaces/Vfide/node_modules/hardhat/src/internal/artifacts.ts:697:11)
      at Artifacts._getValidArtifactPathFromFullyQualifiedName (/workspaces/Vfide/node_modules/hardhat/src/internal/artifacts.ts:646:21)
      at Artifacts._getArtifactPath (/workspaces/Vfide/node_modules/hardhat/src/internal/artifacts.ts:513:16)
      at Artifacts.readArtifact (/workspaces/Vfide/node_modules/hardhat/src/internal/artifacts.ts:71:26)
      at getContractFactory (/workspaces/Vfide/node_modules/@nomicfoundation/hardhat-ethers/src/internal/helpers.ts:120:22)
      at Context.<anonymous> (/workspaces/Vfide/test/archive/Interfaces.test.js:255:28)

  43) Interface Compliance Tests
       IGuardianRegistry Interface
         Should verify GuardianRegistry interface:
     HardhatError: HH700: Artifact for contract "contracts-min/mocks/MockGuardianRegistry.sol:MockGuardianRegistry" not found. 
      at Artifacts._handleWrongArtifactForFullyQualifiedName (/workspaces/Vfide/node_modules/hardhat/src/internal/artifacts.ts:697:11)
      at Artifacts._getValidArtifactPathFromFullyQualifiedName (/workspaces/Vfide/node_modules/hardhat/src/internal/artifacts.ts:646:21)
      at Artifacts._getArtifactPath (/workspaces/Vfide/node_modules/hardhat/src/internal/artifacts.ts:513:16)
      at Artifacts.readArtifact (/workspaces/Vfide/node_modules/hardhat/src/internal/artifacts.ts:71:26)
      at getContractFactory (/workspaces/Vfide/node_modules/@nomicfoundation/hardhat-ethers/src/internal/helpers.ts:120:22)
      at Context.<anonymous> (/workspaces/Vfide/test/archive/Interfaces.test.js:266:28)

  44) Interface Compliance Tests
       IPanicGuard Interface
         Should verify PanicGuard emergency interface:
     HardhatError: HH700: Artifact for contract "contracts-min/mocks/MockPanicGuard.sol:MockPanicGuard" not found. 
      at Artifacts._handleWrongArtifactForFullyQualifiedName (/workspaces/Vfide/node_modules/hardhat/src/internal/artifacts.ts:697:11)
      at Artifacts._getValidArtifactPathFromFullyQualifiedName (/workspaces/Vfide/node_modules/hardhat/src/internal/artifacts.ts:646:21)
      at Artifacts._getArtifactPath (/workspaces/Vfide/node_modules/hardhat/src/internal/artifacts.ts:513:16)
      at Artifacts.readArtifact (/workspaces/Vfide/node_modules/hardhat/src/internal/artifacts.ts:71:26)
      at getContractFactory (/workspaces/Vfide/node_modules/@nomicfoundation/hardhat-ethers/src/internal/helpers.ts:120:22)
      at Context.<anonymous> (/workspaces/Vfide/test/archive/Interfaces.test.js:277:25)

  45) Interface Compliance Tests
       IEmergencyBreaker Interface
         Should verify EmergencyBreaker circuit breaker interface:
     HardhatError: HH700: Artifact for contract "contracts-min/mocks/MockSecurityHub.sol:MockSecurityHub" not found. 
      at Artifacts._handleWrongArtifactForFullyQualifiedName (/workspaces/Vfide/node_modules/hardhat/src/internal/artifacts.ts:697:11)
      at Artifacts._getValidArtifactPathFromFullyQualifiedName (/workspaces/Vfide/node_modules/hardhat/src/internal/artifacts.ts:646:21)
      at Artifacts._getArtifactPath (/workspaces/Vfide/node_modules/hardhat/src/internal/artifacts.ts:513:16)
      at Artifacts.readArtifact (/workspaces/Vfide/node_modules/hardhat/src/internal/artifacts.ts:71:26)
      at getContractFactory (/workspaces/Vfide/node_modules/@nomicfoundation/hardhat-ethers/src/internal/helpers.ts:120:22)
      at Context.<anonymous> (/workspaces/Vfide/test/archive/Interfaces.test.js:287:27)

  46) Interface Compliance Tests
       IERC20Minimal Interface
         Should verify ERC20 minimal interface compliance:
     HardhatError: HH700: Artifact for contract "VFIDEToken" not found. 
      at Artifacts._handleWrongArtifactForContractName (/workspaces/Vfide/node_modules/hardhat/src/internal/artifacts.ts:721:11)
      at Artifacts._getArtifactPathFromFiles (/workspaces/Vfide/node_modules/hardhat/src/internal/artifacts.ts:852:19)
      at Artifacts._getArtifactPath (/workspaces/Vfide/node_modules/hardhat/src/internal/artifacts.ts:516:21)
      at Artifacts.readArtifact (/workspaces/Vfide/node_modules/hardhat/src/internal/artifacts.ts:71:26)
      at getContractFactory (/workspaces/Vfide/node_modules/@nomicfoundation/hardhat-ethers/src/internal/helpers.ts:120:22)
      at Context.<anonymous> (/workspaces/Vfide/test/archive/Interfaces.test.js:298:21)

  47) Interface Compliance Tests
       Cross-Interface Integration
         Should verify interfaces work together:
     HardhatError: HH700: Artifact for contract "VFIDEToken" not found. 
      at Artifacts._handleWrongArtifactForContractName (/workspaces/Vfide/node_modules/hardhat/src/internal/artifacts.ts:721:11)
      at Artifacts._getArtifactPathFromFiles (/workspaces/Vfide/node_modules/hardhat/src/internal/artifacts.ts:852:19)
      at Artifacts._getArtifactPath (/workspaces/Vfide/node_modules/hardhat/src/internal/artifacts.ts:516:21)
      at Artifacts.readArtifact (/workspaces/Vfide/node_modules/hardhat/src/internal/artifacts.ts:71:26)
      at getContractFactory (/workspaces/Vfide/node_modules/@nomicfoundation/hardhat-ethers/src/internal/helpers.ts:120:22)
      at Context.<anonymous> (/workspaces/Vfide/test/archive/Interfaces.test.js:314:21)

  48) Interface Compliance Tests
       Cross-Interface Integration
         Should verify DAO and Timelock interface integration:
     HardhatError: HH700: Artifact for contract "contracts-min/mocks/MockDAO.sol:MockDAO" not found. 
      at Artifacts._handleWrongArtifactForFullyQualifiedName (/workspaces/Vfide/node_modules/hardhat/src/internal/artifacts.ts:697:11)
      at Artifacts._getValidArtifactPathFromFullyQualifiedName (/workspaces/Vfide/node_modules/hardhat/src/internal/artifacts.ts:646:21)
      at Artifacts._getArtifactPath (/workspaces/Vfide/node_modules/hardhat/src/internal/artifacts.ts:513:16)
      at Artifacts.readArtifact (/workspaces/Vfide/node_modules/hardhat/src/internal/artifacts.ts:71:26)
      at getContractFactory (/workspaces/Vfide/node_modules/@nomicfoundation/hardhat-ethers/src/internal/helpers.ts:120:22)
      at Context.<anonymous> (/workspaces/Vfide/test/archive/Interfaces.test.js:327:23)

  49) Interface Compliance Tests
       Cross-Interface Integration
         Should verify Seer and Ledger interface integration:
     HardhatError: HH700: Artifact for contract "contracts-min/mocks/MockSeer.sol:MockSeer" not found. 
      at Artifacts._handleWrongArtifactForFullyQualifiedName (/workspaces/Vfide/node_modules/hardhat/src/internal/artifacts.ts:697:11)
      at Artifacts._getValidArtifactPathFromFullyQualifiedName (/workspaces/Vfide/node_modules/hardhat/src/internal/artifacts.ts:646:21)
      at Artifacts._getArtifactPath (/workspaces/Vfide/node_modules/hardhat/src/internal/artifacts.ts:513:16)
      at Artifacts.readArtifact (/workspaces/Vfide/node_modules/hardhat/src/internal/artifacts.ts:71:26)
      at getContractFactory (/workspaces/Vfide/node_modules/@nomicfoundation/hardhat-ethers/src/internal/helpers.ts:120:22)
      at Context.<anonymous> (/workspaces/Vfide/test/archive/Interfaces.test.js:340:24)

  50) MerchantPortal
       "before each" hook for "Should register a merchant successfully":
     HardhatError: HH700: Artifact for contract "VaultHubMock" not found. 
      at Artifacts._handleWrongArtifactForContractName (/workspaces/Vfide/node_modules/hardhat/src/internal/artifacts.ts:721:11)
      at Artifacts._getArtifactPathFromFiles (/workspaces/Vfide/node_modules/hardhat/src/internal/artifacts.ts:852:19)
      at Artifacts._getArtifactPath (/workspaces/Vfide/node_modules/hardhat/src/internal/artifacts.ts:516:21)
      at Artifacts.readArtifact (/workspaces/Vfide/node_modules/hardhat/src/internal/artifacts.ts:71:26)
      at getContractFactory (/workspaces/Vfide/node_modules/@nomicfoundation/hardhat-ethers/src/internal/helpers.ts:120:22)
      at Context.<anonymous> (/workspaces/Vfide/test/archive/MerchantPortal.test.js:12:26)

  51) ProofLedger
       "before each" hook for "should deploy with correct DAO":
     HardhatError: HH700: Artifact for contract "contracts-min/ProofLedger.sol:ProofLedger" not found. 
      at Artifacts._handleWrongArtifactForFullyQualifiedName (/workspaces/Vfide/node_modules/hardhat/src/internal/artifacts.ts:697:11)
      at Artifacts._getValidArtifactPathFromFullyQualifiedName (/workspaces/Vfide/node_modules/hardhat/src/internal/artifacts.ts:646:21)
      at Artifacts._getArtifactPath (/workspaces/Vfide/node_modules/hardhat/src/internal/artifacts.ts:513:16)
      at Artifacts.readArtifact (/workspaces/Vfide/node_modules/hardhat/src/internal/artifacts.ts:71:26)
      at getContractFactory (/workspaces/Vfide/node_modules/@nomicfoundation/hardhat-ethers/src/internal/helpers.ts:120:22)
      at Context.<anonymous> (/workspaces/Vfide/test/archive/ProofLedger.test.js:11:25)

  52) ProofScoreBurnRouter
       "before each" hook for "should deploy with correct seer":
     HardhatError: HH700: Artifact for contract "SeerMock" not found. 
      at Artifacts._handleWrongArtifactForContractName (/workspaces/Vfide/node_modules/hardhat/src/internal/artifacts.ts:721:11)
      at Artifacts._getArtifactPathFromFiles (/workspaces/Vfide/node_modules/hardhat/src/internal/artifacts.ts:852:19)
      at Artifacts._getArtifactPath (/workspaces/Vfide/node_modules/hardhat/src/internal/artifacts.ts:516:21)
      at Artifacts.readArtifact (/workspaces/Vfide/node_modules/hardhat/src/internal/artifacts.ts:71:26)
      at getContractFactory (/workspaces/Vfide/node_modules/@nomicfoundation/hardhat-ethers/src/internal/helpers.ts:120:22)
      at Context.<anonymous> (/workspaces/Vfide/test/archive/ProofScoreBurnRouter.test.js:12:22)

  53) Advanced Security Testing - Critical Attack Vectors
       "before each" hook for "should prevent front-running in presale buy orders":
     HardhatError: HH700: Artifact for contract "VaultHubMock" not found. 
      at Artifacts._handleWrongArtifactForContractName (/workspaces/Vfide/node_modules/hardhat/src/internal/artifacts.ts:721:11)
      at Artifacts._getArtifactPathFromFiles (/workspaces/Vfide/node_modules/hardhat/src/internal/artifacts.ts:852:19)
      at Artifacts._getArtifactPath (/workspaces/Vfide/node_modules/hardhat/src/internal/artifacts.ts:516:21)
      at Artifacts.readArtifact (/workspaces/Vfide/node_modules/hardhat/src/internal/artifacts.ts:71:26)
      at getContractFactory (/workspaces/Vfide/node_modules/@nomicfoundation/hardhat-ethers/src/internal/helpers.ts:120:22)
      at Context.<anonymous> (/workspaces/Vfide/test/archive/Security.Advanced.test.js:13:22)

  54) Seer Contract Tests
       "before each" hook for "should set DAO correctly":
     HardhatError: HH700: Artifact for contract "LedgerMock" not found. 
      at Artifacts._handleWrongArtifactForContractName (/workspaces/Vfide/node_modules/hardhat/src/internal/artifacts.ts:721:11)
      at Artifacts._getArtifactPathFromFiles (/workspaces/Vfide/node_modules/hardhat/src/internal/artifacts.ts:852:19)
      at Artifacts._getArtifactPath (/workspaces/Vfide/node_modules/hardhat/src/internal/artifacts.ts:516:21)
      at Artifacts.readArtifact (/workspaces/Vfide/node_modules/hardhat/src/internal/artifacts.ts:71:26)
      at getContractFactory (/workspaces/Vfide/node_modules/@nomicfoundation/hardhat-ethers/src/internal/helpers.ts:120:22)
      at Context.<anonymous> (/workspaces/Vfide/test/archive/Seer.test.js:13:20)

  55) SystemHandover
       "before each" hook for "should deploy with correct devMultisig":
     HardhatError: HH700: Artifact for contract "DAOMock" not found. 
      at Artifacts._handleWrongArtifactForContractName (/workspaces/Vfide/node_modules/hardhat/src/internal/artifacts.ts:721:11)
      at Artifacts._getArtifactPathFromFiles (/workspaces/Vfide/node_modules/hardhat/src/internal/artifacts.ts:852:19)
      at Artifacts._getArtifactPath (/workspaces/Vfide/node_modules/hardhat/src/internal/artifacts.ts:516:21)
      at Artifacts.readArtifact (/workspaces/Vfide/node_modules/hardhat/src/internal/artifacts.ts:71:26)
      at getContractFactory (/workspaces/Vfide/node_modules/@nomicfoundation/hardhat-ethers/src/internal/helpers.ts:120:22)
      at Context.<anonymous> (/workspaces/Vfide/test/archive/SystemHandover.test.js:12:21)

  56) VFIDEToken - Exhaustive TEST Coverage
       "before each" hook for "should toggle security staticcall fail flag":
     HardhatError: HH700: Artifact for contract "contracts-min/mocks/VestingVault.sol:VestingVault" not found. 
      at Artifacts._handleWrongArtifactForFullyQualifiedName (/workspaces/Vfide/node_modules/hardhat/src/internal/artifacts.ts:697:11)
      at Artifacts._getValidArtifactPathFromFullyQualifiedName (/workspaces/Vfide/node_modules/hardhat/src/internal/artifacts.ts:646:21)
      at Artifacts._getArtifactPath (/workspaces/Vfide/node_modules/hardhat/src/internal/artifacts.ts:513:16)
      at Artifacts.readArtifact (/workspaces/Vfide/node_modules/hardhat/src/internal/artifacts.ts:71:26)
      at getContractFactory (/workspaces/Vfide/node_modules/@nomicfoundation/hardhat-ethers/src/internal/helpers.ts:120:22)
      at Context.<anonymous> (/workspaces/Vfide/test/archive/Token.exhaustive.test.js:12:26)

  57) VFIDEToken basic flows
       "before each" hook for "pre-mints dev reserve to vesting vault":
     HardhatError: HH700: Artifact for contract "contracts-min/mocks/VestingVault.sol:VestingVault" not found. 
      at Artifacts._handleWrongArtifactForFullyQualifiedName (/workspaces/Vfide/node_modules/hardhat/src/internal/artifacts.ts:697:11)
      at Artifacts._getValidArtifactPathFromFullyQualifiedName (/workspaces/Vfide/node_modules/hardhat/src/internal/artifacts.ts:646:21)
      at Artifacts._getArtifactPath (/workspaces/Vfide/node_modules/hardhat/src/internal/artifacts.ts:513:16)
      at Artifacts.readArtifact (/workspaces/Vfide/node_modules/hardhat/src/internal/artifacts.ts:71:26)
      at getContractFactory (/workspaces/Vfide/node_modules/@nomicfoundation/hardhat-ethers/src/internal/helpers.ts:120:22)
      at Context.<anonymous> (/workspaces/Vfide/test/archive/Token.test.js:15:20)

  58) VFIDEToken edge cases and fee routing
       "before each" hook for "presale cap is enforced":
     HardhatError: HH700: Artifact for contract "contracts-min/mocks/VestingVault.sol:VestingVault" not found. 
      at Artifacts._handleWrongArtifactForFullyQualifiedName (/workspaces/Vfide/node_modules/hardhat/src/internal/artifacts.ts:697:11)
      at Artifacts._getValidArtifactPathFromFullyQualifiedName (/workspaces/Vfide/node_modules/hardhat/src/internal/artifacts.ts:646:21)
      at Artifacts._getArtifactPath (/workspaces/Vfide/node_modules/hardhat/src/internal/artifacts.ts:513:16)
      at Artifacts.readArtifact (/workspaces/Vfide/node_modules/hardhat/src/internal/artifacts.ts:71:26)
      at getContractFactory (/workspaces/Vfide/node_modules/@nomicfoundation/hardhat-ethers/src/internal/helpers.ts:120:22)
      at Context.<anonymous> (/workspaces/Vfide/test/archive/TokenEdge.test.js:15:20)

  59) VFIDEToken additional behaviors
       "before each" hook for "approve/increase/decrease allowance and transferFrom":
     HardhatError: HH700: Artifact for contract "contracts-min/mocks/VestingVault.sol:VestingVault" not found. 
      at Artifacts._handleWrongArtifactForFullyQualifiedName (/workspaces/Vfide/node_modules/hardhat/src/internal/artifacts.ts:697:11)
      at Artifacts._getValidArtifactPathFromFullyQualifiedName (/workspaces/Vfide/node_modules/hardhat/src/internal/artifacts.ts:646:21)
      at Artifacts._getArtifactPath (/workspaces/Vfide/node_modules/hardhat/src/internal/artifacts.ts:513:16)
      at Artifacts.readArtifact (/workspaces/Vfide/node_modules/hardhat/src/internal/artifacts.ts:71:26)
      at getContractFactory (/workspaces/Vfide/node_modules/@nomicfoundation/hardhat-ethers/src/internal/helpers.ts:120:22)
      at Context.<anonymous> (/workspaces/Vfide/test/archive/TokenMore.test.js:15:20)

  60) VFIDECommerce extra branch coverage
       "before each" hook for "open reverts when amount == 0 (COM_BadAmount)":
     HardhatError: HH700: Artifact for contract "VaultHubMock" not found. 
      at Artifacts._handleWrongArtifactForContractName (/workspaces/Vfide/node_modules/hardhat/src/internal/artifacts.ts:721:11)
      at Artifacts._getArtifactPathFromFiles (/workspaces/Vfide/node_modules/hardhat/src/internal/artifacts.ts:852:19)
      at Artifacts._getArtifactPath (/workspaces/Vfide/node_modules/hardhat/src/internal/artifacts.ts:516:21)
      at Artifacts.readArtifact (/workspaces/Vfide/node_modules/hardhat/src/internal/artifacts.ts:71:26)
      at getContractFactory (/workspaces/Vfide/node_modules/@nomicfoundation/hardhat-ethers/src/internal/helpers.ts:120:22)
      at Context.<anonymous> (/workspaces/Vfide/test/archive/VFIDECommerce.branch.more.test.js:16:16)

  61) VFIDECommerce targeted branch tests
       "before each" hook for "MerchantRegistry: addMerchant TEST toggles and constructor zeros":
     HardhatError: HH700: Artifact for contract "VaultHubMock" not found. 
      at Artifacts._handleWrongArtifactForContractName (/workspaces/Vfide/node_modules/hardhat/src/internal/artifacts.ts:721:11)
      at Artifacts._getArtifactPathFromFiles (/workspaces/Vfide/node_modules/hardhat/src/internal/artifacts.ts:852:19)
      at Artifacts._getArtifactPath (/workspaces/Vfide/node_modules/hardhat/src/internal/artifacts.ts:516:21)
      at Artifacts.readArtifact (/workspaces/Vfide/node_modules/hardhat/src/internal/artifacts.ts:71:26)
      at getContractFactory (/workspaces/Vfide/node_modules/@nomicfoundation/hardhat-ethers/src/internal/helpers.ts:120:22)
      at Context.<anonymous> (/workspaces/Vfide/test/archive/VFIDECommerce.branches.test.js:14:16)

  62) VFIDECommerce constructor/resolve branch sweeps
       "before each" hook for "MerchantRegistry constructor reverts for each zero param (COM_Zero)":
     HardhatError: HH700: Artifact for contract "VaultHubMock" not found. 
      at Artifacts._handleWrongArtifactForContractName (/workspaces/Vfide/node_modules/hardhat/src/internal/artifacts.ts:721:11)
      at Artifacts._getArtifactPathFromFiles (/workspaces/Vfide/node_modules/hardhat/src/internal/artifacts.ts:852:19)
      at Artifacts._getArtifactPath (/workspaces/Vfide/node_modules/hardhat/src/internal/artifacts.ts:516:21)
      at Artifacts.readArtifact (/workspaces/Vfide/node_modules/hardhat/src/internal/artifacts.ts:71:26)
      at getContractFactory (/workspaces/Vfide/node_modules/@nomicfoundation/hardhat-ethers/src/internal/helpers.ts:120:22)
      at Context.<anonymous> (/workspaces/Vfide/test/archive/VFIDECommerce.constructor.branch.test.js:14:16)

  63) VFIDECommerce
       Should add a merchant successfully:
     TypeError: Cannot read properties of undefined (reading 'setVault')
      at Context.<anonymous> (test/archive/VFIDECommerce.coverage.test.js:58:20)

  64) VFIDECommerce
       Should revert if the merchant already exists:
     TypeError: Cannot read properties of undefined (reading 'setVault')
      at Context.<anonymous> (test/archive/VFIDECommerce.coverage.test.js:67:20)

  65) VFIDECommerce
       Should revert if the vault is not set:
     TypeError: Cannot read properties of undefined (reading 'setScore')
      at Context.<anonymous> (test/archive/VFIDECommerce.coverage.test.js:76:16)

  66) VFIDECommerce
       Should revert if the score is too low:
     TypeError: Cannot read properties of undefined (reading 'setVault')
      at Context.<anonymous> (test/archive/VFIDECommerce.coverage.test.js:83:20)

  67) VFIDECommerce extra focused tests (TEST_* toggles)
       "before each" hook for "TEST_forceAlreadyMerchant forces addMerchant to revert":
     HardhatError: HH700: Artifact for contract "ERC20Mock" not found. 
      at Artifacts._handleWrongArtifactForContractName (/workspaces/Vfide/node_modules/hardhat/src/internal/artifacts.ts:721:11)
      at Artifacts._getArtifactPathFromFiles (/workspaces/Vfide/node_modules/hardhat/src/internal/artifacts.ts:852:19)
      at Artifacts._getArtifactPath (/workspaces/Vfide/node_modules/hardhat/src/internal/artifacts.ts:516:21)
      at Artifacts.readArtifact (/workspaces/Vfide/node_modules/hardhat/src/internal/artifacts.ts:71:26)
      at getContractFactory (/workspaces/Vfide/node_modules/@nomicfoundation/hardhat-ethers/src/internal/helpers.ts:120:22)
      at Context.<anonymous> (/workspaces/Vfide/test/archive/VFIDECommerce.extra.focused.test.js:15:11)

  68) VFIDECommerce focused branch tests
       "before each" hook for "addMerchant: TEST_forceAlreadyMerchant triggers COM_AlreadyMerchant":
     HardhatError: HH700: Artifact for contract "ERC20Mock" not found. 
      at Artifacts._handleWrongArtifactForContractName (/workspaces/Vfide/node_modules/hardhat/src/internal/artifacts.ts:721:11)
      at Artifacts._getArtifactPathFromFiles (/workspaces/Vfide/node_modules/hardhat/src/internal/artifacts.ts:852:19)
      at Artifacts._getArtifactPath (/workspaces/Vfide/node_modules/hardhat/src/internal/artifacts.ts:516:21)
      at Artifacts.readArtifact (/workspaces/Vfide/node_modules/hardhat/src/internal/artifacts.ts:71:26)
      at getContractFactory (/workspaces/Vfide/node_modules/@nomicfoundation/hardhat-ethers/src/internal/helpers.ts:120:22)
      at Context.<anonymous> (/workspaces/Vfide/test/archive/VFIDECommerce.focused.test.js:17:13)

  69) VFIDECommerce micro-batch 1 (focused)
       "before each" hook for "addMerchant reverts when merchant has no vault":
     HardhatError: HH700: Artifact for contract "VaultHubMock" not found. 
      at Artifacts._handleWrongArtifactForContractName (/workspaces/Vfide/node_modules/hardhat/src/internal/artifacts.ts:721:11)
      at Artifacts._getArtifactPathFromFiles (/workspaces/Vfide/node_modules/hardhat/src/internal/artifacts.ts:852:19)
      at Artifacts._getArtifactPath (/workspaces/Vfide/node_modules/hardhat/src/internal/artifacts.ts:516:21)
      at Artifacts.readArtifact (/workspaces/Vfide/node_modules/hardhat/src/internal/artifacts.ts:71:26)
      at getContractFactory (/workspaces/Vfide/node_modules/@nomicfoundation/hardhat-ethers/src/internal/helpers.ts:120:22)
      at Context.<anonymous> (/workspaces/Vfide/test/archive/VFIDECommerce.microbatch1.test.js:16:16)

  70) VFIDECommerce micro-batch 2 (TEST toggles & zero-sender)
       "before each" hook for "TEST_setForceAlreadyMerchant flips already-merchant branch":
     HardhatError: HH700: Artifact for contract "VaultHubMock" not found. 
      at Artifacts._handleWrongArtifactForContractName (/workspaces/Vfide/node_modules/hardhat/src/internal/artifacts.ts:721:11)
      at Artifacts._getArtifactPathFromFiles (/workspaces/Vfide/node_modules/hardhat/src/internal/artifacts.ts:852:19)
      at Artifacts._getArtifactPath (/workspaces/Vfide/node_modules/hardhat/src/internal/artifacts.ts:516:21)
      at Artifacts.readArtifact (/workspaces/Vfide/node_modules/hardhat/src/internal/artifacts.ts:71:26)
      at getContractFactory (/workspaces/Vfide/node_modules/@nomicfoundation/hardhat-ethers/src/internal/helpers.ts:120:22)
      at Context.<anonymous> (/workspaces/Vfide/test/archive/VFIDECommerce.microbatch2.test.js:17:16)

  71) VFIDECommerce micro-batch 3 (mocks & reentrancy)
       "before each" hook for "release succeeds with GasDrainer token (covers gas-heavy transfer path)":
     HardhatError: HH700: Artifact for contract "VaultHubMock" not found. 
      at Artifacts._handleWrongArtifactForContractName (/workspaces/Vfide/node_modules/hardhat/src/internal/artifacts.ts:721:11)
      at Artifacts._getArtifactPathFromFiles (/workspaces/Vfide/node_modules/hardhat/src/internal/artifacts.ts:852:19)
      at Artifacts._getArtifactPath (/workspaces/Vfide/node_modules/hardhat/src/internal/artifacts.ts:516:21)
      at Artifacts.readArtifact (/workspaces/Vfide/node_modules/hardhat/src/internal/artifacts.ts:71:26)
      at getContractFactory (/workspaces/Vfide/node_modules/@nomicfoundation/hardhat-ethers/src/internal/helpers.ts:120:22)
      at Context.<anonymous> (/workspaces/Vfide/test/archive/VFIDECommerce.microbatch3.mocks.test.js:18:16)

  72) VFIDECommerce micro-batch 4 (DAO paths & resolve permutations)
       "before each" hook for "DAO can release an escrow (not buyer) and state becomes RELEASED":
     HardhatError: HH700: Artifact for contract "VaultHubMock" not found. 
      at Artifacts._handleWrongArtifactForContractName (/workspaces/Vfide/node_modules/hardhat/src/internal/artifacts.ts:721:11)
      at Artifacts._getArtifactPathFromFiles (/workspaces/Vfide/node_modules/hardhat/src/internal/artifacts.ts:852:19)
      at Artifacts._getArtifactPath (/workspaces/Vfide/node_modules/hardhat/src/internal/artifacts.ts:516:21)
      at Artifacts.readArtifact (/workspaces/Vfide/node_modules/hardhat/src/internal/artifacts.ts:71:26)
      at getContractFactory (/workspaces/Vfide/node_modules/@nomicfoundation/hardhat-ethers/src/internal/helpers.ts:120:22)
      at Context.<anonymous> (/workspaces/Vfide/test/archive/VFIDECommerce.microbatch4.test.js:17:16)

  73) VFIDECommerce micro-batch 5 (cond-expr permutations & disputes)
       "before each" hook for "addMerchant succeeds when score == min (boundary)":
     HardhatError: HH700: Artifact for contract "VaultHubMock" not found. 
      at Artifacts._handleWrongArtifactForContractName (/workspaces/Vfide/node_modules/hardhat/src/internal/artifacts.ts:721:11)
      at Artifacts._getArtifactPathFromFiles (/workspaces/Vfide/node_modules/hardhat/src/internal/artifacts.ts:852:19)
      at Artifacts._getArtifactPath (/workspaces/Vfide/node_modules/hardhat/src/internal/artifacts.ts:516:21)
      at Artifacts.readArtifact (/workspaces/Vfide/node_modules/hardhat/src/internal/artifacts.ts:71:26)
      at getContractFactory (/workspaces/Vfide/node_modules/@nomicfoundation/hardhat-ethers/src/internal/helpers.ts:120:22)
      at Context.<anonymous> (/workspaces/Vfide/test/archive/VFIDECommerce.microbatch5.test.js:17:16)

  74) VFIDECommerce micro-batch 6 (permute small branches)
       "before each" hook for "_noteRefund increments but does not suspend when below threshold":
     HardhatError: HH700: Artifact for contract "VaultHubMock" not found. 
      at Artifacts._handleWrongArtifactForContractName (/workspaces/Vfide/node_modules/hardhat/src/internal/artifacts.ts:721:11)
      at Artifacts._getArtifactPathFromFiles (/workspaces/Vfide/node_modules/hardhat/src/internal/artifacts.ts:852:19)
      at Artifacts._getArtifactPath (/workspaces/Vfide/node_modules/hardhat/src/internal/artifacts.ts:516:21)
      at Artifacts.readArtifact (/workspaces/Vfide/node_modules/hardhat/src/internal/artifacts.ts:71:26)
      at getContractFactory (/workspaces/Vfide/node_modules/@nomicfoundation/hardhat-ethers/src/internal/helpers.ts:120:22)
      at Context.<anonymous> (/workspaces/Vfide/test/archive/VFIDECommerce.microbatch6.test.js:17:16)

  75) VFIDECommerce micro-batch 7 (state/negative branches)
       "before each" hook for "release reverts when escrow is not FUNDED (BadState)":
     HardhatError: HH700: Artifact for contract "VaultHubMock" not found. 
      at Artifacts._handleWrongArtifactForContractName (/workspaces/Vfide/node_modules/hardhat/src/internal/artifacts.ts:721:11)
      at Artifacts._getArtifactPathFromFiles (/workspaces/Vfide/node_modules/hardhat/src/internal/artifacts.ts:852:19)
      at Artifacts._getArtifactPath (/workspaces/Vfide/node_modules/hardhat/src/internal/artifacts.ts:516:21)
      at Artifacts.readArtifact (/workspaces/Vfide/node_modules/hardhat/src/internal/artifacts.ts:71:26)
      at getContractFactory (/workspaces/Vfide/node_modules/@nomicfoundation/hardhat-ethers/src/internal/helpers.ts:120:22)
      at Context.<anonymous> (/workspaces/Vfide/test/archive/VFIDECommerce.microbatch7.test.js:17:16)

  76) VFIDECommerce micro-batch 8 (remaining conditionals & transfer-fail)
       "before each" hook for "adding merchant twice reverts (AlreadyMerchant)":
     HardhatError: HH700: Artifact for contract "VaultHubMock" not found. 
      at Artifacts._handleWrongArtifactForContractName (/workspaces/Vfide/node_modules/hardhat/src/internal/artifacts.ts:721:11)
      at Artifacts._getArtifactPathFromFiles (/workspaces/Vfide/node_modules/hardhat/src/internal/artifacts.ts:852:19)
      at Artifacts._getArtifactPath (/workspaces/Vfide/node_modules/hardhat/src/internal/artifacts.ts:516:21)
      at Artifacts.readArtifact (/workspaces/Vfide/node_modules/hardhat/src/internal/artifacts.ts:71:26)
      at getContractFactory (/workspaces/Vfide/node_modules/@nomicfoundation/hardhat-ethers/src/internal/helpers.ts:120:22)
      at Context.<anonymous> (/workspaces/Vfide/test/archive/VFIDECommerce.microbatch8.test.js:17:16)

  77) VFIDECommerce additional coverage tests
       "before each" hook for "open reverts when merchant is suspended":
     HardhatError: HH700: Artifact for contract "VaultHubMock" not found. 
      at Artifacts._handleWrongArtifactForContractName (/workspaces/Vfide/node_modules/hardhat/src/internal/artifacts.ts:721:11)
      at Artifacts._getArtifactPathFromFiles (/workspaces/Vfide/node_modules/hardhat/src/internal/artifacts.ts:852:19)
      at Artifacts._getArtifactPath (/workspaces/Vfide/node_modules/hardhat/src/internal/artifacts.ts:516:21)
      at Artifacts.readArtifact (/workspaces/Vfide/node_modules/hardhat/src/internal/artifacts.ts:71:26)
      at getContractFactory (/workspaces/Vfide/node_modules/@nomicfoundation/hardhat-ethers/src/internal/helpers.ts:120:22)
      at Context.<anonymous> (/workspaces/Vfide/test/archive/VFIDECommerce.more.coverage.test.js:16:16)

  78) VFIDECommerce reentrancy resilience
       "before each" hook for "attempted reentrancy via token.transfer should not break state (release remains safe)":
     HardhatError: HH700: Artifact for contract "ReenteringERC20" not found. 
      at Artifacts._handleWrongArtifactForContractName (/workspaces/Vfide/node_modules/hardhat/src/internal/artifacts.ts:721:11)
      at Artifacts._getArtifactPathFromFiles (/workspaces/Vfide/node_modules/hardhat/src/internal/artifacts.ts:852:19)
      at Artifacts._getArtifactPath (/workspaces/Vfide/node_modules/hardhat/src/internal/artifacts.ts:516:21)
      at Artifacts.readArtifact (/workspaces/Vfide/node_modules/hardhat/src/internal/artifacts.ts:71:26)
      at getContractFactory (/workspaces/Vfide/node_modules/@nomicfoundation/hardhat-ethers/src/internal/helpers.ts:120:22)
      at Context.<anonymous> (/workspaces/Vfide/test/archive/VFIDECommerce.reentrancy.test.js:16:20)

  79) VFIDECommerce security fuzz - malicious token behaviors
       "before each" hook for "GasDrainer token: release succeeds even when token consumes more gas":
     HardhatError: HH700: Artifact for contract "VaultHubMock" not found. 
      at Artifacts._handleWrongArtifactForContractName (/workspaces/Vfide/node_modules/hardhat/src/internal/artifacts.ts:721:11)
      at Artifacts._getArtifactPathFromFiles (/workspaces/Vfide/node_modules/hardhat/src/internal/artifacts.ts:852:19)
      at Artifacts._getArtifactPath (/workspaces/Vfide/node_modules/hardhat/src/internal/artifacts.ts:516:21)
      at Artifacts.readArtifact (/workspaces/Vfide/node_modules/hardhat/src/internal/artifacts.ts:71:26)
      at getContractFactory (/workspaces/Vfide/node_modules/@nomicfoundation/hardhat-ethers/src/internal/helpers.ts:120:22)
      at Context.<anonymous> (/workspaces/Vfide/test/archive/VFIDECommerce.security.fuzz.test.js:15:16)

  80) VFIDECommerce security & boundary tests
       "before each" hook for "open reverts with COM_SecLocked when buyer or merchant vault locked":
     HardhatError: HH700: Artifact for contract "ERC20FailTransfer" not found. 
      at Artifacts._handleWrongArtifactForContractName (/workspaces/Vfide/node_modules/hardhat/src/internal/artifacts.ts:721:11)
      at Artifacts._getArtifactPathFromFiles (/workspaces/Vfide/node_modules/hardhat/src/internal/artifacts.ts:852:19)
      at Artifacts._getArtifactPath (/workspaces/Vfide/node_modules/hardhat/src/internal/artifacts.ts:516:21)
      at Artifacts.readArtifact (/workspaces/Vfide/node_modules/hardhat/src/internal/artifacts.ts:71:26)
      at getContractFactory (/workspaces/Vfide/node_modules/@nomicfoundation/hardhat-ethers/src/internal/helpers.ts:120:22)
      at Context.<anonymous> (/workspaces/Vfide/test/archive/VFIDECommerce.security.test.js:16:17)

  81) VFIDEFinance targeted branch tests
       "before each" hook for "StablecoinRegistry constructor and TEST_setForceDecimals & decimals fallback":
     HardhatError: HH700: Artifact for contract "ERC20Mock" not found. 
      at Artifacts._handleWrongArtifactForContractName (/workspaces/Vfide/node_modules/hardhat/src/internal/artifacts.ts:721:11)
      at Artifacts._getArtifactPathFromFiles (/workspaces/Vfide/node_modules/hardhat/src/internal/artifacts.ts:852:19)
      at Artifacts._getArtifactPath (/workspaces/Vfide/node_modules/hardhat/src/internal/artifacts.ts:516:21)
      at Artifacts.readArtifact (/workspaces/Vfide/node_modules/hardhat/src/internal/artifacts.ts:71:26)
      at getContractFactory (/workspaces/Vfide/node_modules/@nomicfoundation/hardhat-ethers/src/internal/helpers.ts:120:22)
      at Context.<anonymous> (/workspaces/Vfide/test/archive/VFIDEFinance.branches.test.js:14:13)

  82) VFIDEFinance coverage-focused tests
       "before each" hook for "setDAO and setLedger by DAO and addAsset fallback decimals path":
     HardhatError: HH700: Artifact for contract "ERC20Mock" not found. 
      at Artifacts._handleWrongArtifactForContractName (/workspaces/Vfide/node_modules/hardhat/src/internal/artifacts.ts:721:11)
      at Artifacts._getArtifactPathFromFiles (/workspaces/Vfide/node_modules/hardhat/src/internal/artifacts.ts:852:19)
      at Artifacts._getArtifactPath (/workspaces/Vfide/node_modules/hardhat/src/internal/artifacts.ts:516:21)
      at Artifacts.readArtifact (/workspaces/Vfide/node_modules/hardhat/src/internal/artifacts.ts:71:26)
      at getContractFactory (/workspaces/Vfide/node_modules/@nomicfoundation/hardhat-ethers/src/internal/helpers.ts:120:22)
      at Context.<anonymous> (/workspaces/Vfide/test/archive/VFIDEFinance.coverage.test.js:14:17)

  83) VFIDEFinance extra focused tests
       "before each" hook for "addAsset then adding again reverts with FI_AlreadyWhitelisted":
     HardhatError: HH700: Artifact for contract "ERC20Mock" not found. 
      at Artifacts._handleWrongArtifactForContractName (/workspaces/Vfide/node_modules/hardhat/src/internal/artifacts.ts:721:11)
      at Artifacts._getArtifactPathFromFiles (/workspaces/Vfide/node_modules/hardhat/src/internal/artifacts.ts:852:19)
      at Artifacts._getArtifactPath (/workspaces/Vfide/node_modules/hardhat/src/internal/artifacts.ts:516:21)
      at Artifacts.readArtifact (/workspaces/Vfide/node_modules/hardhat/src/internal/artifacts.ts:71:26)
      at getContractFactory (/workspaces/Vfide/node_modules/@nomicfoundation/hardhat-ethers/src/internal/helpers.ts:120:22)
      at Context.<anonymous> (/workspaces/Vfide/test/archive/VFIDEFinance.extra.test.js:15:13)

  84) VFIDEFinance focused branch tests
       "before each" hook for "_decimalsOrTry: staticcall failure returns fallback 18 (reverting contract)":
     HardhatError: HH700: Artifact for contract "StablecoinRegistry" not found. 
      at Artifacts._handleWrongArtifactForContractName (/workspaces/Vfide/node_modules/hardhat/src/internal/artifacts.ts:721:11)
      at Artifacts._getArtifactPathFromFiles (/workspaces/Vfide/node_modules/hardhat/src/internal/artifacts.ts:852:19)
      at Artifacts._getArtifactPath (/workspaces/Vfide/node_modules/hardhat/src/internal/artifacts.ts:516:21)
      at Artifacts.readArtifact (/workspaces/Vfide/node_modules/hardhat/src/internal/artifacts.ts:71:26)
      at getContractFactory (/workspaces/Vfide/node_modules/@nomicfoundation/hardhat-ethers/src/internal/helpers.ts:120:22)
      at Context.<anonymous> (/workspaces/Vfide/test/archive/VFIDEFinance.focused.test.js:11:16)

  85) VFIDEFinance microbatch1 tests
       "before each" hook for "addAsset uses token.decimals and falling back when decimals() reverts":
     HardhatError: HH700: Artifact for contract "ERC20Mock" not found. 
      at Artifacts._handleWrongArtifactForContractName (/workspaces/Vfide/node_modules/hardhat/src/internal/artifacts.ts:721:11)
      at Artifacts._getArtifactPathFromFiles (/workspaces/Vfide/node_modules/hardhat/src/internal/artifacts.ts:852:19)
      at Artifacts._getArtifactPath (/workspaces/Vfide/node_modules/hardhat/src/internal/artifacts.ts:516:21)
      at Artifacts.readArtifact (/workspaces/Vfide/node_modules/hardhat/src/internal/artifacts.ts:71:26)
      at getContractFactory (/workspaces/Vfide/node_modules/@nomicfoundation/hardhat-ethers/src/internal/helpers.ts:120:22)
      at Context.<anonymous> (/workspaces/Vfide/test/archive/VFIDEFinance.microbatch1.test.js:16:11)

  86) VFIDEFinance micro-batch 2 (vfide token path & onlyDAO toggle)
       "before each" hook for "send allows vfideToken even if not whitelisted":
     HardhatError: HH700: Artifact for contract "ERC20Mock" not found. 
      at Artifacts._handleWrongArtifactForContractName (/workspaces/Vfide/node_modules/hardhat/src/internal/artifacts.ts:721:11)
      at Artifacts._getArtifactPathFromFiles (/workspaces/Vfide/node_modules/hardhat/src/internal/artifacts.ts:852:19)
      at Artifacts._getArtifactPath (/workspaces/Vfide/node_modules/hardhat/src/internal/artifacts.ts:516:21)
      at Artifacts.readArtifact (/workspaces/Vfide/node_modules/hardhat/src/internal/artifacts.ts:71:26)
      at getContractFactory (/workspaces/Vfide/node_modules/@nomicfoundation/hardhat-ethers/src/internal/helpers.ts:120:22)
      at Context.<anonymous> (/workspaces/Vfide/test/archive/VFIDEFinance.microbatch2.test.js:13:13)

  87) VFIDEFinance micro-batch 3 (admin guards & send/deposit edge cases)
       "before each" hook for "setDAO rejects zero address and setLedger onlyDAO behavior":
     HardhatError: HH700: Artifact for contract "ERC20Mock" not found. 
      at Artifacts._handleWrongArtifactForContractName (/workspaces/Vfide/node_modules/hardhat/src/internal/artifacts.ts:721:11)
      at Artifacts._getArtifactPathFromFiles (/workspaces/Vfide/node_modules/hardhat/src/internal/artifacts.ts:852:19)
      at Artifacts._getArtifactPath (/workspaces/Vfide/node_modules/hardhat/src/internal/artifacts.ts:516:21)
      at Artifacts.readArtifact (/workspaces/Vfide/node_modules/hardhat/src/internal/artifacts.ts:71:26)
      at getContractFactory (/workspaces/Vfide/node_modules/@nomicfoundation/hardhat-ethers/src/internal/helpers.ts:120:22)
      at Context.<anonymous> (/workspaces/Vfide/test/archive/VFIDEFinance.microbatch3.test.js:13:13)

  88) VFIDEFinance micro-batch 4 (decimals permutations & transfer-fail)
       "before each" hook for "_decimalsOrTry: contract that reverts falls back to 18":
     HardhatError: HH700: Artifact for contract "ERC20Mock" not found. 
      at Artifacts._handleWrongArtifactForContractName (/workspaces/Vfide/node_modules/hardhat/src/internal/artifacts.ts:721:11)
      at Artifacts._getArtifactPathFromFiles (/workspaces/Vfide/node_modules/hardhat/src/internal/artifacts.ts:852:19)
      at Artifacts._getArtifactPath (/workspaces/Vfide/node_modules/hardhat/src/internal/artifacts.ts:516:21)
      at Artifacts.readArtifact (/workspaces/Vfide/node_modules/hardhat/src/internal/artifacts.ts:71:26)
      at getContractFactory (/workspaces/Vfide/node_modules/@nomicfoundation/hardhat-ethers/src/internal/helpers.ts:120:22)
      at Context.<anonymous> (/workspaces/Vfide/test/archive/VFIDEFinance.microbatch4.test.js:14:13)

  89) VFIDEFinance more focused tests
       "before each" hook for "addAsset -> setSymbolHint -> removeAsset success path":
     HardhatError: HH700: Artifact for contract "ERC20Mock" not found. 
      at Artifacts._handleWrongArtifactForContractName (/workspaces/Vfide/node_modules/hardhat/src/internal/artifacts.ts:721:11)
      at Artifacts._getArtifactPathFromFiles (/workspaces/Vfide/node_modules/hardhat/src/internal/artifacts.ts:852:19)
      at Artifacts._getArtifactPath (/workspaces/Vfide/node_modules/hardhat/src/internal/artifacts.ts:516:21)
      at Artifacts.readArtifact (/workspaces/Vfide/node_modules/hardhat/src/internal/artifacts.ts:71:26)
      at getContractFactory (/workspaces/Vfide/node_modules/@nomicfoundation/hardhat-ethers/src/internal/helpers.ts:120:22)
      at Context.<anonymous> (/workspaces/Vfide/test/archive/VFIDEFinance.more.focused.test.js:15:13)

  90) VFIDEFinance targeted branch tests
       "before each" hook for "onlyDAO modifier rejects non-dao calls and allows dao when set":
     HardhatError: HH700: Artifact for contract "StablecoinRegistry" not found. 
      at Artifacts._handleWrongArtifactForContractName (/workspaces/Vfide/node_modules/hardhat/src/internal/artifacts.ts:721:11)
      at Artifacts._getArtifactPathFromFiles (/workspaces/Vfide/node_modules/hardhat/src/internal/artifacts.ts:852:19)
      at Artifacts._getArtifactPath (/workspaces/Vfide/node_modules/hardhat/src/internal/artifacts.ts:516:21)
      at Artifacts.readArtifact (/workspaces/Vfide/node_modules/hardhat/src/internal/artifacts.ts:71:26)
      at getContractFactory (/workspaces/Vfide/node_modules/@nomicfoundation/hardhat-ethers/src/internal/helpers.ts:120:22)
      at Context.<anonymous> (/workspaces/Vfide/test/archive/VFIDEFinance.targeted.test.js:12:16)

  91) VFIDEPresale
       "before each" hook for "should deploy with correct vfide":
     HardhatError: HH700: Artifact for contract "VFIDEPresaleMock" not found. 
      at Artifacts._handleWrongArtifactForContractName (/workspaces/Vfide/node_modules/hardhat/src/internal/artifacts.ts:721:11)
      at Artifacts._getArtifactPathFromFiles (/workspaces/Vfide/node_modules/hardhat/src/internal/artifacts.ts:852:19)
      at Artifacts._getArtifactPath (/workspaces/Vfide/node_modules/hardhat/src/internal/artifacts.ts:516:21)
      at Artifacts.readArtifact (/workspaces/Vfide/node_modules/hardhat/src/internal/artifacts.ts:71:26)
      at getContractFactory (/workspaces/Vfide/node_modules/@nomicfoundation/hardhat-ethers/src/internal/helpers.ts:120:22)
      at Context.<anonymous> (/workspaces/Vfide/test/archive/VFIDEPresale.test.js:13:23)

  92) VFIDESecurity - GuardianRegistry
       "before each" hook for "should deploy with correct DAO":
     HardhatError: HH700: Artifact for contract "GuardianRegistry" not found. 
      at Artifacts._handleWrongArtifactForContractName (/workspaces/Vfide/node_modules/hardhat/src/internal/artifacts.ts:721:11)
      at Artifacts._getArtifactPathFromFiles (/workspaces/Vfide/node_modules/hardhat/src/internal/artifacts.ts:852:19)
      at Artifacts._getArtifactPath (/workspaces/Vfide/node_modules/hardhat/src/internal/artifacts.ts:516:21)
      at Artifacts.readArtifact (/workspaces/Vfide/node_modules/hardhat/src/internal/artifacts.ts:71:26)
      at getContractFactory (/workspaces/Vfide/node_modules/@nomicfoundation/hardhat-ethers/src/internal/helpers.ts:120:22)
      at Context.<anonymous> (/workspaces/Vfide/test/archive/VFIDESecurity.test.js:11:30)

  93) VFIDESecurity - SecurityHub
       "before each" hook for "should deploy with correct components":
     HardhatError: HH700: Artifact for contract "GuardianLockMock" not found. 
      at Artifacts._handleWrongArtifactForContractName (/workspaces/Vfide/node_modules/hardhat/src/internal/artifacts.ts:721:11)
      at Artifacts._getArtifactPathFromFiles (/workspaces/Vfide/node_modules/hardhat/src/internal/artifacts.ts:852:19)
      at Artifacts._getArtifactPath (/workspaces/Vfide/node_modules/hardhat/src/internal/artifacts.ts:516:21)
      at Artifacts.readArtifact (/workspaces/Vfide/node_modules/hardhat/src/internal/artifacts.ts:71:26)
      at getContractFactory (/workspaces/Vfide/node_modules/@nomicfoundation/hardhat-ethers/src/internal/helpers.ts:120:22)
      at Context.<anonymous> (/workspaces/Vfide/test/archive/VFIDESecurity.test.js:138:30)

  94) VFIDEStaking Expanded Tests
       "before each" hook for "should allow staking with valid parameters":
     HardhatError: HH700: Artifact for contract "VFIDEToken" not found. 
      at Artifacts._handleWrongArtifactForContractName (/workspaces/Vfide/node_modules/hardhat/src/internal/artifacts.ts:721:11)
      at Artifacts._getArtifactPathFromFiles (/workspaces/Vfide/node_modules/hardhat/src/internal/artifacts.ts:852:19)
      at Artifacts._getArtifactPath (/workspaces/Vfide/node_modules/hardhat/src/internal/artifacts.ts:516:21)
      at Artifacts.readArtifact (/workspaces/Vfide/node_modules/hardhat/src/internal/artifacts.ts:71:26)
      at getContractFactory (/workspaces/Vfide/node_modules/@nomicfoundation/hardhat-ethers/src/internal/helpers.ts:120:22)
      at Context.<anonymous> (/workspaces/Vfide/test/archive/VFIDEStaking.expanded.test.js:11:24)

  95) VFIDEToken branch-combination tests
       "before each" hook for "cover some fee/router and vault/security helper branches":
     HardhatError: HH700: Artifact for contract "contracts-min/mocks/VestingVault.sol:VestingVault" not found. 
      at Artifacts._handleWrongArtifactForFullyQualifiedName (/workspaces/Vfide/node_modules/hardhat/src/internal/artifacts.ts:697:11)
      at Artifacts._getValidArtifactPathFromFullyQualifiedName (/workspaces/Vfide/node_modules/hardhat/src/internal/artifacts.ts:646:21)
      at Artifacts._getArtifactPath (/workspaces/Vfide/node_modules/hardhat/src/internal/artifacts.ts:513:16)
      at Artifacts.readArtifact (/workspaces/Vfide/node_modules/hardhat/src/internal/artifacts.ts:71:26)
      at getContractFactory (/workspaces/Vfide/node_modules/@nomicfoundation/hardhat-ethers/src/internal/helpers.ts:120:22)
      at Context.<anonymous> (/workspaces/Vfide/test/archive/VFIDEToken.branches.test.js:14:15)

  96) VFIDEToken coverage-focused tests
       "before each" hook for "owner admin paths: set modules and ledger":
     HardhatError: HH700: Artifact for contract "contracts-min/mocks/VestingVault.sol:VestingVault" not found. 
      at Artifacts._handleWrongArtifactForFullyQualifiedName (/workspaces/Vfide/node_modules/hardhat/src/internal/artifacts.ts:697:11)
      at Artifacts._getValidArtifactPathFromFullyQualifiedName (/workspaces/Vfide/node_modules/hardhat/src/internal/artifacts.ts:646:21)
      at Artifacts._getArtifactPath (/workspaces/Vfide/node_modules/hardhat/src/internal/artifacts.ts:513:16)
      at Artifacts.readArtifact (/workspaces/Vfide/node_modules/hardhat/src/internal/artifacts.ts:71:26)
      at getContractFactory (/workspaces/Vfide/node_modules/@nomicfoundation/hardhat-ethers/src/internal/helpers.ts:120:22)
      at Context.<anonymous> (/workspaces/Vfide/test/archive/VFIDEToken.coverage.test.js:16:20)

  97) VFIDEToken exhaustive branch tests
       "before each" hook for "hard burn (burnAmt>0, burnSink=0) decreases totalSupply and emits Transfer to zero":
     HardhatError: HH700: Artifact for contract "contracts-min/mocks/VestingVault.sol:VestingVault" not found. 
      at Artifacts._handleWrongArtifactForFullyQualifiedName (/workspaces/Vfide/node_modules/hardhat/src/internal/artifacts.ts:697:11)
      at Artifacts._getValidArtifactPathFromFullyQualifiedName (/workspaces/Vfide/node_modules/hardhat/src/internal/artifacts.ts:646:21)
      at Artifacts._getArtifactPath (/workspaces/Vfide/node_modules/hardhat/src/internal/artifacts.ts:513:16)
      at Artifacts.readArtifact (/workspaces/Vfide/node_modules/hardhat/src/internal/artifacts.ts:71:26)
      at getContractFactory (/workspaces/Vfide/node_modules/@nomicfoundation/hardhat-ethers/src/internal/helpers.ts:120:22)
      at Context.<anonymous> (/workspaces/Vfide/test/archive/VFIDEToken.exhaustive.test.js:11:21)

  98) VFIDEToken extra focused tests
       "before each" hook for "_isVault returns true/false and TEST flag forces false":
     HardhatError: HH700: Artifact for contract "contracts-min/mocks/VestingVault.sol:VestingVault" not found. 
      at Artifacts._handleWrongArtifactForFullyQualifiedName (/workspaces/Vfide/node_modules/hardhat/src/internal/artifacts.ts:697:11)
      at Artifacts._getValidArtifactPathFromFullyQualifiedName (/workspaces/Vfide/node_modules/hardhat/src/internal/artifacts.ts:646:21)
      at Artifacts._getArtifactPath (/workspaces/Vfide/node_modules/hardhat/src/internal/artifacts.ts:513:16)
      at Artifacts.readArtifact (/workspaces/Vfide/node_modules/hardhat/src/internal/artifacts.ts:71:26)
      at getContractFactory (/workspaces/Vfide/node_modules/@nomicfoundation/hardhat-ethers/src/internal/helpers.ts:120:22)
      at Context.<anonymous> (/workspaces/Vfide/test/archive/VFIDEToken.extra.test.js:14:20)

  99) VFIDEToken focused branch tests
       "before each" hook for "_isVault respects vaultHub and TEST_force_vaultHub_zero":
     HardhatError: HH700: Artifact for contract "contracts-min/mocks/VestingVault.sol:VestingVault" not found. 
      at Artifacts._handleWrongArtifactForFullyQualifiedName (/workspaces/Vfide/node_modules/hardhat/src/internal/artifacts.ts:697:11)
      at Artifacts._getValidArtifactPathFromFullyQualifiedName (/workspaces/Vfide/node_modules/hardhat/src/internal/artifacts.ts:646:21)
      at Artifacts._getArtifactPath (/workspaces/Vfide/node_modules/hardhat/src/internal/artifacts.ts:513:16)
      at Artifacts.readArtifact (/workspaces/Vfide/node_modules/hardhat/src/internal/artifacts.ts:71:26)
      at getContractFactory (/workspaces/Vfide/node_modules/@nomicfoundation/hardhat-ethers/src/internal/helpers.ts:120:22)
      at Context.<anonymous> (/workspaces/Vfide/test/archive/VFIDEToken.focused.test.js:15:15)

  100) VFIDEToken micro-batch 1 (vault, lock, policy, presale)
       "before each" hook for "_isVault returns true when vault hub maps owner->self and false when TEST_force_vaultHub_zero set":
     HardhatError: HH700: Artifact for contract "contracts-min/mocks/VestingVault.sol:VestingVault" not found. 
      at Artifacts._handleWrongArtifactForFullyQualifiedName (/workspaces/Vfide/node_modules/hardhat/src/internal/artifacts.ts:697:11)
      at Artifacts._getValidArtifactPathFromFullyQualifiedName (/workspaces/Vfide/node_modules/hardhat/src/internal/artifacts.ts:646:21)
      at Artifacts._getArtifactPath (/workspaces/Vfide/node_modules/hardhat/src/internal/artifacts.ts:513:16)
      at Artifacts.readArtifact (/workspaces/Vfide/node_modules/hardhat/src/internal/artifacts.ts:71:26)
      at getContractFactory (/workspaces/Vfide/node_modules/@nomicfoundation/hardhat-ethers/src/internal/helpers.ts:120:22)
      at Context.<anonymous> (/workspaces/Vfide/test/archive/VFIDEToken.microbatch1.test.js:14:15)

  101) VFIDEToken microbatch 10 — presale & policy guards
       "before each" hook for "mintPresale exceeding PRESALE_SUPPLY_CAP reverts with VF_CAP":
     HardhatError: HH700: Artifact for contract "contracts-min/mocks/VestingVault.sol:VestingVault" not found. 
      at Artifacts._handleWrongArtifactForFullyQualifiedName (/workspaces/Vfide/node_modules/hardhat/src/internal/artifacts.ts:697:11)
      at Artifacts._getValidArtifactPathFromFullyQualifiedName (/workspaces/Vfide/node_modules/hardhat/src/internal/artifacts.ts:646:21)
      at Artifacts._getArtifactPath (/workspaces/Vfide/node_modules/hardhat/src/internal/artifacts.ts:513:16)
      at Artifacts.readArtifact (/workspaces/Vfide/node_modules/hardhat/src/internal/artifacts.ts:71:26)
      at getContractFactory (/workspaces/Vfide/node_modules/@nomicfoundation/hardhat-ethers/src/internal/helpers.ts:120:22)
      at Context.<anonymous> (/workspaces/Vfide/test/archive/VFIDEToken.microbatch10.test.js:11:15)

  102) VFIDEToken microbatch 11 — security locks & TEST toggles
       "before each" hook for "securityHub locked -> transfers revert with VF_LOCKED":
     HardhatError: HH700: Artifact for contract "contracts-min/mocks/VestingVault.sol:VestingVault" not found. 
      at Artifacts._handleWrongArtifactForFullyQualifiedName (/workspaces/Vfide/node_modules/hardhat/src/internal/artifacts.ts:697:11)
      at Artifacts._getValidArtifactPathFromFullyQualifiedName (/workspaces/Vfide/node_modules/hardhat/src/internal/artifacts.ts:646:21)
      at Artifacts._getArtifactPath (/workspaces/Vfide/node_modules/hardhat/src/internal/artifacts.ts:513:16)
      at Artifacts.readArtifact (/workspaces/Vfide/node_modules/hardhat/src/internal/artifacts.ts:71:26)
      at getContractFactory (/workspaces/Vfide/node_modules/@nomicfoundation/hardhat-ethers/src/internal/helpers.ts:120:22)
      at Context.<anonymous> (/workspaces/Vfide/test/archive/VFIDEToken.microbatch11.test.js:11:15)

  103) VFIDEToken microbatch 12 — matrix sweep for fee/exception permutations
       "before each" hook for "scenario 0: no fees":
     HardhatError: HH700: Artifact for contract "contracts-min/mocks/VestingVault.sol:VestingVault" not found. 
      at Artifacts._handleWrongArtifactForFullyQualifiedName (/workspaces/Vfide/node_modules/hardhat/src/internal/artifacts.ts:697:11)
      at Artifacts._getValidArtifactPathFromFullyQualifiedName (/workspaces/Vfide/node_modules/hardhat/src/internal/artifacts.ts:646:21)
      at Artifacts._getArtifactPath (/workspaces/Vfide/node_modules/hardhat/src/internal/artifacts.ts:513:16)
      at Artifacts.readArtifact (/workspaces/Vfide/node_modules/hardhat/src/internal/artifacts.ts:71:26)
      at getContractFactory (/workspaces/Vfide/node_modules/@nomicfoundation/hardhat-ethers/src/internal/helpers.ts:120:22)
      at Context.<anonymous> (/workspaces/Vfide/test/archive/VFIDEToken.microbatch12.test.js:11:15)

  104) VFIDEToken microbatch 13 — policy/vault/presale/security/approve edges
       "before each" hook for "transfer 0 emits Transfer and returns (short-circuit)":
     HardhatError: HH700: Artifact for contract "contracts-min/mocks/VestingVault.sol:VestingVault" not found. 
      at Artifacts._handleWrongArtifactForFullyQualifiedName (/workspaces/Vfide/node_modules/hardhat/src/internal/artifacts.ts:697:11)
      at Artifacts._getValidArtifactPathFromFullyQualifiedName (/workspaces/Vfide/node_modules/hardhat/src/internal/artifacts.ts:646:21)
      at Artifacts._getArtifactPath (/workspaces/Vfide/node_modules/hardhat/src/internal/artifacts.ts:513:16)
      at Artifacts.readArtifact (/workspaces/Vfide/node_modules/hardhat/src/internal/artifacts.ts:71:26)
      at getContractFactory (/workspaces/Vfide/node_modules/@nomicfoundation/hardhat-ethers/src/internal/helpers.ts:120:22)
      at Context.<anonymous> (/workspaces/Vfide/test/archive/VFIDEToken.microbatch13.test.js:11:13)

  105) VFIDEToken microbatch 14 — _isVault and vaultHub edge cases
       "before each" hook for "v==a && v!=0 -> _isVault true":
     HardhatError: HH700: Artifact for contract "contracts-min/mocks/VestingVault.sol:VestingVault" not found. 
      at Artifacts._handleWrongArtifactForFullyQualifiedName (/workspaces/Vfide/node_modules/hardhat/src/internal/artifacts.ts:697:11)
      at Artifacts._getValidArtifactPathFromFullyQualifiedName (/workspaces/Vfide/node_modules/hardhat/src/internal/artifacts.ts:646:21)
      at Artifacts._getArtifactPath (/workspaces/Vfide/node_modules/hardhat/src/internal/artifacts.ts:513:16)
      at Artifacts.readArtifact (/workspaces/Vfide/node_modules/hardhat/src/internal/artifacts.ts:71:26)
      at getContractFactory (/workspaces/Vfide/node_modules/@nomicfoundation/hardhat-ethers/src/internal/helpers.ts:120:22)
      at Context.<anonymous> (/workspaces/Vfide/test/archive/VFIDEToken.microbatch14.test.js:11:13)

  106) VFIDEToken microbatch 15 — policy/router/treasury/fee matrix
       "before each" hook for "matrix 0: router present, no fees":
     HardhatError: HH700: Artifact for contract "contracts-min/mocks/VestingVault.sol:VestingVault" not found. 
      at Artifacts._handleWrongArtifactForFullyQualifiedName (/workspaces/Vfide/node_modules/hardhat/src/internal/artifacts.ts:697:11)
      at Artifacts._getValidArtifactPathFromFullyQualifiedName (/workspaces/Vfide/node_modules/hardhat/src/internal/artifacts.ts:646:21)
      at Artifacts._getArtifactPath (/workspaces/Vfide/node_modules/hardhat/src/internal/artifacts.ts:513:16)
      at Artifacts.readArtifact (/workspaces/Vfide/node_modules/hardhat/src/internal/artifacts.ts:71:26)
      at getContractFactory (/workspaces/Vfide/node_modules/@nomicfoundation/hardhat-ethers/src/internal/helpers.ts:120:22)
      at Context.<anonymous> (/workspaces/Vfide/test/archive/VFIDEToken.microbatch15.test.js:12:15)

  107) VFIDEToken microbatch 16 — exhaustive sink/fee/treasury permutations
       "before each" hook for "case 0: sanctum Z -> treasury":
     HardhatError: HH700: Artifact for contract "contracts-min/mocks/VestingVault.sol:VestingVault" not found. 
      at Artifacts._handleWrongArtifactForFullyQualifiedName (/workspaces/Vfide/node_modules/hardhat/src/internal/artifacts.ts:697:11)
      at Artifacts._getValidArtifactPathFromFullyQualifiedName (/workspaces/Vfide/node_modules/hardhat/src/internal/artifacts.ts:646:21)
      at Artifacts._getArtifactPath (/workspaces/Vfide/node_modules/hardhat/src/internal/artifacts.ts:513:16)
      at Artifacts.readArtifact (/workspaces/Vfide/node_modules/hardhat/src/internal/artifacts.ts:71:26)
      at getContractFactory (/workspaces/Vfide/node_modules/@nomicfoundation/hardhat-ethers/src/internal/helpers.ts:120:22)
      at Context.<anonymous> (/workspaces/Vfide/test/archive/VFIDEToken.microbatch16.test.js:11:15)

  108) VFIDEToken microbatch 17 — remaining cond-exprs, vaultOnly=false and TEST toggles
       "before each" hook for "both fees non-zero, sanctumSink==Z -> treasury when set, burn soft to charlie":
     HardhatError: HH700: Artifact for contract "contracts-min/mocks/VestingVault.sol:VestingVault" not found. 
      at Artifacts._handleWrongArtifactForFullyQualifiedName (/workspaces/Vfide/node_modules/hardhat/src/internal/artifacts.ts:697:11)
      at Artifacts._getValidArtifactPathFromFullyQualifiedName (/workspaces/Vfide/node_modules/hardhat/src/internal/artifacts.ts:646:21)
      at Artifacts._getArtifactPath (/workspaces/Vfide/node_modules/hardhat/src/internal/artifacts.ts:513:16)
      at Artifacts.readArtifact (/workspaces/Vfide/node_modules/hardhat/src/internal/artifacts.ts:71:26)
      at getContractFactory (/workspaces/Vfide/node_modules/@nomicfoundation/hardhat-ethers/src/internal/helpers.ts:120:22)
      at Context.<anonymous> (/workspaces/Vfide/test/archive/VFIDEToken.microbatch17.test.js:11:15)

  109) VFIDEToken microbatch 18 — final cond-expr/sink/vault/policy permutations
       "before each" hook for "both fees non-zero with mixed sinks (sanctum Z -> treasury, burnSink non-zero) across transfer and transferFrom":
     HardhatError: HH700: Artifact for contract "contracts-min/mocks/VestingVault.sol:VestingVault" not found. 
      at Artifacts._handleWrongArtifactForFullyQualifiedName (/workspaces/Vfide/node_modules/hardhat/src/internal/artifacts.ts:697:11)
      at Artifacts._getValidArtifactPathFromFullyQualifiedName (/workspaces/Vfide/node_modules/hardhat/src/internal/artifacts.ts:646:21)
      at Artifacts._getArtifactPath (/workspaces/Vfide/node_modules/hardhat/src/internal/artifacts.ts:513:16)
      at Artifacts.readArtifact (/workspaces/Vfide/node_modules/hardhat/src/internal/artifacts.ts:71:26)
      at getContractFactory (/workspaces/Vfide/node_modules/@nomicfoundation/hardhat-ethers/src/internal/helpers.ts:120:22)
      at Context.<anonymous> (/workspaces/Vfide/test/archive/VFIDEToken.microbatch18.test.js:11:15)

  110) VFIDEToken microbatch19 - fee & sink permutations
       "before each" hook for "applies both burn and sanctum amounts when both sinks present (transfer)":
     HardhatError: HH700: Artifact for contract "contracts-min/mocks/VestingVault.sol:VestingVault" not found. 
      at Artifacts._handleWrongArtifactForFullyQualifiedName (/workspaces/Vfide/node_modules/hardhat/src/internal/artifacts.ts:697:11)
      at Artifacts._getValidArtifactPathFromFullyQualifiedName (/workspaces/Vfide/node_modules/hardhat/src/internal/artifacts.ts:646:21)
      at Artifacts._getArtifactPath (/workspaces/Vfide/node_modules/hardhat/src/internal/artifacts.ts:513:16)
      at Artifacts.readArtifact (/workspaces/Vfide/node_modules/hardhat/src/internal/artifacts.ts:71:26)
      at getContractFactory (/workspaces/Vfide/node_modules/@nomicfoundation/hardhat-ethers/src/internal/helpers.ts:120:22)
      at Context.<anonymous> (/workspaces/Vfide/test/archive/VFIDEToken.microbatch19.test.js:15:20)

  111) VFIDEToken micro-batch 2 (burn router fees & systemExempt)
       "before each" hook for "applies burn and sanctum amounts, using treasurySink fallback":
     HardhatError: HH700: Artifact for contract "contracts-min/mocks/VestingVault.sol:VestingVault" not found. 
      at Artifacts._handleWrongArtifactForFullyQualifiedName (/workspaces/Vfide/node_modules/hardhat/src/internal/artifacts.ts:697:11)
      at Artifacts._getValidArtifactPathFromFullyQualifiedName (/workspaces/Vfide/node_modules/hardhat/src/internal/artifacts.ts:646:21)
      at Artifacts._getArtifactPath (/workspaces/Vfide/node_modules/hardhat/src/internal/artifacts.ts:513:16)
      at Artifacts.readArtifact (/workspaces/Vfide/node_modules/hardhat/src/internal/artifacts.ts:71:26)
      at getContractFactory (/workspaces/Vfide/node_modules/@nomicfoundation/hardhat-ethers/src/internal/helpers.ts:120:22)
      at Context.<anonymous> (/workspaces/Vfide/test/archive/VFIDEToken.microbatch2.test.js:14:15)

  112) VFIDEToken microbatch20 - leftover fee/vault/policy permutations
       "before each" hook for "hard burn when burnSink == zero and sanctum routes to treasury":
     HardhatError: HH700: Artifact for contract "contracts-min/mocks/VestingVault.sol:VestingVault" not found. 
      at Artifacts._handleWrongArtifactForFullyQualifiedName (/workspaces/Vfide/node_modules/hardhat/src/internal/artifacts.ts:697:11)
      at Artifacts._getValidArtifactPathFromFullyQualifiedName (/workspaces/Vfide/node_modules/hardhat/src/internal/artifacts.ts:646:21)
      at Artifacts._getArtifactPath (/workspaces/Vfide/node_modules/hardhat/src/internal/artifacts.ts:513:16)
      at Artifacts.readArtifact (/workspaces/Vfide/node_modules/hardhat/src/internal/artifacts.ts:71:26)
      at getContractFactory (/workspaces/Vfide/node_modules/@nomicfoundation/hardhat-ethers/src/internal/helpers.ts:120:22)
      at Context.<anonymous> (/workspaces/Vfide/test/archive/VFIDEToken.microbatch20.test.js:11:15)

  113) VFIDEToken microbatch21 - combinatorial fee/sink permutations
       "before each" hook for "combo: both non-zero sinks non-zero":
     HardhatError: HH700: Artifact for contract "contracts-min/mocks/VestingVault.sol:VestingVault" not found. 
      at Artifacts._handleWrongArtifactForFullyQualifiedName (/workspaces/Vfide/node_modules/hardhat/src/internal/artifacts.ts:697:11)
      at Artifacts._getValidArtifactPathFromFullyQualifiedName (/workspaces/Vfide/node_modules/hardhat/src/internal/artifacts.ts:646:21)
      at Artifacts._getArtifactPath (/workspaces/Vfide/node_modules/hardhat/src/internal/artifacts.ts:513:16)
      at Artifacts.readArtifact (/workspaces/Vfide/node_modules/hardhat/src/internal/artifacts.ts:71:26)
      at getContractFactory (/workspaces/Vfide/node_modules/@nomicfoundation/hardhat-ethers/src/internal/helpers.ts:120:22)
      at Context.<anonymous> (/workspaces/Vfide/test/archive/VFIDEToken.microbatch21.test.js:11:15)

  114) VFIDEToken microbatch22 - broad permutation sweep
       "before each" hook for "sweeps many permutations without throwing (collects results)":
     HardhatError: HH700: Artifact for contract "contracts-min/mocks/VestingVault.sol:VestingVault" not found. 
      at Artifacts._handleWrongArtifactForFullyQualifiedName (/workspaces/Vfide/node_modules/hardhat/src/internal/artifacts.ts:697:11)
      at Artifacts._getValidArtifactPathFromFullyQualifiedName (/workspaces/Vfide/node_modules/hardhat/src/internal/artifacts.ts:646:21)
      at Artifacts._getArtifactPath (/workspaces/Vfide/node_modules/hardhat/src/internal/artifacts.ts:513:16)
      at Artifacts.readArtifact (/workspaces/Vfide/node_modules/hardhat/src/internal/artifacts.ts:71:26)
      at getContractFactory (/workspaces/Vfide/node_modules/@nomicfoundation/hardhat-ethers/src/internal/helpers.ts:120:22)
      at Context.<anonymous> (/workspaces/Vfide/test/archive/VFIDEToken.microbatch22.test.js:11:15)

  115) VFIDEToken microbatch-23 — burn sink and sanctum fallback
       "before each" hook for "hard burn when burnSink == address(0) reduces totalSupply and leaves recipient with net":
     HardhatError: HH700: Artifact for contract "contracts-min/mocks/VestingVault.sol:VestingVault" not found. 
      at Artifacts._handleWrongArtifactForFullyQualifiedName (/workspaces/Vfide/node_modules/hardhat/src/internal/artifacts.ts:697:11)
      at Artifacts._getValidArtifactPathFromFullyQualifiedName (/workspaces/Vfide/node_modules/hardhat/src/internal/artifacts.ts:646:21)
      at Artifacts._getArtifactPath (/workspaces/Vfide/node_modules/hardhat/src/internal/artifacts.ts:513:16)
      at Artifacts.readArtifact (/workspaces/Vfide/node_modules/hardhat/src/internal/artifacts.ts:71:26)
      at getContractFactory (/workspaces/Vfide/node_modules/@nomicfoundation/hardhat-ethers/src/internal/helpers.ts:120:22)
      at Context.<anonymous> (/workspaces/Vfide/test/archive/VFIDEToken.microbatch23.test.js:12:20)

  116) VFIDEToken microbatch-24 — presale + vaultOnly combos
       "before each" hook for "reverts when vaultOnly is true and presale target is not a vault":
     HardhatError: HH700: Artifact for contract "contracts-min/mocks/VestingVault.sol:VestingVault" not found. 
      at Artifacts._handleWrongArtifactForFullyQualifiedName (/workspaces/Vfide/node_modules/hardhat/src/internal/artifacts.ts:697:11)
      at Artifacts._getValidArtifactPathFromFullyQualifiedName (/workspaces/Vfide/node_modules/hardhat/src/internal/artifacts.ts:646:21)
      at Artifacts._getArtifactPath (/workspaces/Vfide/node_modules/hardhat/src/internal/artifacts.ts:513:16)
      at Artifacts.readArtifact (/workspaces/Vfide/node_modules/hardhat/src/internal/artifacts.ts:71:26)
      at getContractFactory (/workspaces/Vfide/node_modules/@nomicfoundation/hardhat-ethers/src/internal/helpers.ts:120:22)
      at Context.<anonymous> (/workspaces/Vfide/test/archive/VFIDEToken.microbatch24.test.js:12:20)

  117) VFIDEToken microbatch-25 — security staticcall failures and policy-lock router requirement
       "before each" hook for "reverts transfers when security hub marks vault as locked":
     HardhatError: HH700: Artifact for contract "contracts-min/mocks/VestingVault.sol:VestingVault" not found. 
      at Artifacts._handleWrongArtifactForFullyQualifiedName (/workspaces/Vfide/node_modules/hardhat/src/internal/artifacts.ts:697:11)
      at Artifacts._getValidArtifactPathFromFullyQualifiedName (/workspaces/Vfide/node_modules/hardhat/src/internal/artifacts.ts:646:21)
      at Artifacts._getArtifactPath (/workspaces/Vfide/node_modules/hardhat/src/internal/artifacts.ts:513:16)
      at Artifacts.readArtifact (/workspaces/Vfide/node_modules/hardhat/src/internal/artifacts.ts:71:26)
      at getContractFactory (/workspaces/Vfide/node_modules/@nomicfoundation/hardhat-ethers/src/internal/helpers.ts:120:22)
      at Context.<anonymous> (/workspaces/Vfide/test/archive/VFIDEToken.microbatch25.test.js:11:20)

  118) VFIDEToken microbatch-26 — transferFrom and allowance flows
       "before each" hook for "reverts when allowance is insufficient for transferFrom":
     HardhatError: HH700: Artifact for contract "contracts-min/mocks/VestingVault.sol:VestingVault" not found. 
      at Artifacts._handleWrongArtifactForFullyQualifiedName (/workspaces/Vfide/node_modules/hardhat/src/internal/artifacts.ts:697:11)
      at Artifacts._getValidArtifactPathFromFullyQualifiedName (/workspaces/Vfide/node_modules/hardhat/src/internal/artifacts.ts:646:21)
      at Artifacts._getArtifactPath (/workspaces/Vfide/node_modules/hardhat/src/internal/artifacts.ts:513:16)
      at Artifacts.readArtifact (/workspaces/Vfide/node_modules/hardhat/src/internal/artifacts.ts:71:26)
      at getContractFactory (/workspaces/Vfide/node_modules/@nomicfoundation/hardhat-ethers/src/internal/helpers.ts:120:22)
      at Context.<anonymous> (/workspaces/Vfide/test/archive/VFIDEToken.microbatch26.test.js:11:20)

  119) VFIDEToken microbatch-27 — small edge cases (zero-transfer, allowance underflow, approve zero)
       "before each" hook for "emits Transfer and returns early for zero-amount transfer":
     HardhatError: HH700: Artifact for contract "contracts-min/mocks/VestingVault.sol:VestingVault" not found. 
      at Artifacts._handleWrongArtifactForFullyQualifiedName (/workspaces/Vfide/node_modules/hardhat/src/internal/artifacts.ts:697:11)
      at Artifacts._getValidArtifactPathFromFullyQualifiedName (/workspaces/Vfide/node_modules/hardhat/src/internal/artifacts.ts:646:21)
      at Artifacts._getArtifactPath (/workspaces/Vfide/node_modules/hardhat/src/internal/artifacts.ts:513:16)
      at Artifacts.readArtifact (/workspaces/Vfide/node_modules/hardhat/src/internal/artifacts.ts:71:26)
      at getContractFactory (/workspaces/Vfide/node_modules/@nomicfoundation/hardhat-ethers/src/internal/helpers.ts:120:22)
      at Context.<anonymous> (/workspaces/Vfide/test/archive/VFIDEToken.microbatch27.test.js:11:20)

  120) VFIDEToken microbatch-28 — router/policy, systemExempt permutations, sanctum fallback, TEST helpers
       "before each" hook for "lockPolicy requires router (policyLocked path) — transfer reverts when no router":
     HardhatError: HH700: Artifact for contract "contracts-min/mocks/VestingVault.sol:VestingVault" not found. 
      at Artifacts._handleWrongArtifactForFullyQualifiedName (/workspaces/Vfide/node_modules/hardhat/src/internal/artifacts.ts:697:11)
      at Artifacts._getValidArtifactPathFromFullyQualifiedName (/workspaces/Vfide/node_modules/hardhat/src/internal/artifacts.ts:646:21)
      at Artifacts._getArtifactPath (/workspaces/Vfide/node_modules/hardhat/src/internal/artifacts.ts:513:16)
      at Artifacts.readArtifact (/workspaces/Vfide/node_modules/hardhat/src/internal/artifacts.ts:71:26)
      at getContractFactory (/workspaces/Vfide/node_modules/@nomicfoundation/hardhat-ethers/src/internal/helpers.ts:120:22)
      at Context.<anonymous> (/workspaces/Vfide/test/archive/VFIDEToken.microbatch28.test.js:11:20)

  121) VFIDEToken microbatch-29 — admin policy lock guards & presale branches
       "before each" hook for "setVaultOnly(false) reverts after policy locked (VF_POLICY_LOCKED)":
     HardhatError: HH700: Artifact for contract "contracts-min/mocks/VestingVault.sol:VestingVault" not found. 
      at Artifacts._handleWrongArtifactForFullyQualifiedName (/workspaces/Vfide/node_modules/hardhat/src/internal/artifacts.ts:697:11)
      at Artifacts._getValidArtifactPathFromFullyQualifiedName (/workspaces/Vfide/node_modules/hardhat/src/internal/artifacts.ts:646:21)
      at Artifacts._getArtifactPath (/workspaces/Vfide/node_modules/hardhat/src/internal/artifacts.ts:513:16)
      at Artifacts.readArtifact (/workspaces/Vfide/node_modules/hardhat/src/internal/artifacts.ts:71:26)
      at getContractFactory (/workspaces/Vfide/node_modules/@nomicfoundation/hardhat-ethers/src/internal/helpers.ts:120:22)
      at Context.<anonymous> (/workspaces/Vfide/test/archive/VFIDEToken.microbatch29.test.js:11:20)

  122) VFIDEToken microbatch 3 — soft-burn sinks & vaultOnly/policy toggles
       "before each" hook for "applies soft-burn and sends sanctum portion to sanctumSink when configured":
     HardhatError: HH700: Artifact for contract "contracts-min/mocks/VestingVault.sol:VestingVault" not found. 
      at Artifacts._handleWrongArtifactForFullyQualifiedName (/workspaces/Vfide/node_modules/hardhat/src/internal/artifacts.ts:697:11)
      at Artifacts._getValidArtifactPathFromFullyQualifiedName (/workspaces/Vfide/node_modules/hardhat/src/internal/artifacts.ts:646:21)
      at Artifacts._getArtifactPath (/workspaces/Vfide/node_modules/hardhat/src/internal/artifacts.ts:513:16)
      at Artifacts.readArtifact (/workspaces/Vfide/node_modules/hardhat/src/internal/artifacts.ts:71:26)
      at getContractFactory (/workspaces/Vfide/node_modules/@nomicfoundation/hardhat-ethers/src/internal/helpers.ts:120:22)
      at Context.<anonymous> (/workspaces/Vfide/test/archive/VFIDEToken.microbatch3.test.js:9:21)

  123) VFIDEToken microbatch-30 — fee/exception permutations and transferFrom variants
       "before each" hook for "fromExempt only: fees bypassed when sender exempt":
     HardhatError: HH700: Artifact for contract "contracts-min/mocks/VestingVault.sol:VestingVault" not found. 
      at Artifacts._handleWrongArtifactForFullyQualifiedName (/workspaces/Vfide/node_modules/hardhat/src/internal/artifacts.ts:697:11)
      at Artifacts._getValidArtifactPathFromFullyQualifiedName (/workspaces/Vfide/node_modules/hardhat/src/internal/artifacts.ts:646:21)
      at Artifacts._getArtifactPath (/workspaces/Vfide/node_modules/hardhat/src/internal/artifacts.ts:513:16)
      at Artifacts.readArtifact (/workspaces/Vfide/node_modules/hardhat/src/internal/artifacts.ts:71:26)
      at getContractFactory (/workspaces/Vfide/node_modules/@nomicfoundation/hardhat-ethers/src/internal/helpers.ts:120:22)
      at Context.<anonymous> (/workspaces/Vfide/test/archive/VFIDEToken.microbatch30.test.js:11:20)

  124) VFIDEToken microbatch-31 — policy branches, securityHub absence, VF_CAP via harness
       "before each" hook for "setVaultOnly(true) succeeds after policy locked (no revert path)":
     HardhatError: HH700: Artifact for contract "contracts-min/mocks/VestingVault.sol:VestingVault" not found. 
      at Artifacts._handleWrongArtifactForFullyQualifiedName (/workspaces/Vfide/node_modules/hardhat/src/internal/artifacts.ts:697:11)
      at Artifacts._getValidArtifactPathFromFullyQualifiedName (/workspaces/Vfide/node_modules/hardhat/src/internal/artifacts.ts:646:21)
      at Artifacts._getArtifactPath (/workspaces/Vfide/node_modules/hardhat/src/internal/artifacts.ts:513:16)
      at Artifacts.readArtifact (/workspaces/Vfide/node_modules/hardhat/src/internal/artifacts.ts:71:26)
      at getContractFactory (/workspaces/Vfide/node_modules/@nomicfoundation/hardhat-ethers/src/internal/helpers.ts:120:22)
      at Context.<anonymous> (/workspaces/Vfide/test/archive/VFIDEToken.microbatch31.test.js:11:20)

  125) VFIDEToken microbatch-32 — owner guards, vaultOnly toggles and presale unset
       "before each" hook for "owner can disable vaultOnly when policy not locked":
     HardhatError: HH700: Artifact for contract "contracts-min/mocks/VestingVault.sol:VestingVault" not found. 
      at Artifacts._handleWrongArtifactForFullyQualifiedName (/workspaces/Vfide/node_modules/hardhat/src/internal/artifacts.ts:697:11)
      at Artifacts._getValidArtifactPathFromFullyQualifiedName (/workspaces/Vfide/node_modules/hardhat/src/internal/artifacts.ts:646:21)
      at Artifacts._getArtifactPath (/workspaces/Vfide/node_modules/hardhat/src/internal/artifacts.ts:513:16)
      at Artifacts.readArtifact (/workspaces/Vfide/node_modules/hardhat/src/internal/artifacts.ts:71:26)
      at getContractFactory (/workspaces/Vfide/node_modules/@nomicfoundation/hardhat-ethers/src/internal/helpers.ts:120:22)
      at Context.<anonymous> (/workspaces/Vfide/test/archive/VFIDEToken.microbatch32.test.js:11:20)

  126) VFIDEToken microbatch-33 — both-fees non-zero and router-required explicit
       "before each" hook for "both burnAmt and sanctumAmt non-zero with non-zero sinks credits both sinks and emits FeeApplied":
     HardhatError: HH700: Artifact for contract "contracts-min/mocks/VestingVault.sol:VestingVault" not found. 
      at Artifacts._handleWrongArtifactForFullyQualifiedName (/workspaces/Vfide/node_modules/hardhat/src/internal/artifacts.ts:697:11)
      at Artifacts._getValidArtifactPathFromFullyQualifiedName (/workspaces/Vfide/node_modules/hardhat/src/internal/artifacts.ts:646:21)
      at Artifacts._getArtifactPath (/workspaces/Vfide/node_modules/hardhat/src/internal/artifacts.ts:513:16)
      at Artifacts.readArtifact (/workspaces/Vfide/node_modules/hardhat/src/internal/artifacts.ts:71:26)
      at getContractFactory (/workspaces/Vfide/node_modules/@nomicfoundation/hardhat-ethers/src/internal/helpers.ts:120:22)
      at Context.<anonymous> (/workspaces/Vfide/test/archive/VFIDEToken.microbatch33.test.js:11:20)

  127) VFIDEToken microbatch-34 — policy-locked setters + fee permutations + TEST view
       "before each" hook for "setBurnRouter(0) and setTreasurySink(0) revert once policyLocked (custom error)":
     HardhatError: HH700: Artifact for contract "contracts-min/mocks/VestingVault.sol:VestingVault" not found. 
      at Artifacts._handleWrongArtifactForFullyQualifiedName (/workspaces/Vfide/node_modules/hardhat/src/internal/artifacts.ts:697:11)
      at Artifacts._getValidArtifactPathFromFullyQualifiedName (/workspaces/Vfide/node_modules/hardhat/src/internal/artifacts.ts:646:21)
      at Artifacts._getArtifactPath (/workspaces/Vfide/node_modules/hardhat/src/internal/artifacts.ts:513:16)
      at Artifacts.readArtifact (/workspaces/Vfide/node_modules/hardhat/src/internal/artifacts.ts:71:26)
      at getContractFactory (/workspaces/Vfide/node_modules/@nomicfoundation/hardhat-ethers/src/internal/helpers.ts:120:22)
      at Context.<anonymous> (/workspaces/Vfide/test/archive/VFIDEToken.microbatch34.test.js:11:20)

  128) VFIDEToken microbatch-35 — zero/zero-address and policyLocked+router present paths
       "before each" hook for "zero-amount transfer emits Transfer(from,to,0) and returns":
     HardhatError: HH700: Artifact for contract "contracts-min/mocks/VestingVault.sol:VestingVault" not found. 
      at Artifacts._handleWrongArtifactForFullyQualifiedName (/workspaces/Vfide/node_modules/hardhat/src/internal/artifacts.ts:697:11)
      at Artifacts._getValidArtifactPathFromFullyQualifiedName (/workspaces/Vfide/node_modules/hardhat/src/internal/artifacts.ts:646:21)
      at Artifacts._getArtifactPath (/workspaces/Vfide/node_modules/hardhat/src/internal/artifacts.ts:513:16)
      at Artifacts.readArtifact (/workspaces/Vfide/node_modules/hardhat/src/internal/artifacts.ts:71:26)
      at getContractFactory (/workspaces/Vfide/node_modules/@nomicfoundation/hardhat-ethers/src/internal/helpers.ts:120:22)
      at Context.<anonymous> (/workspaces/Vfide/test/archive/VFIDEToken.microbatch35.test.js:10:20)

  129) VFIDEToken microbatch-36 — harness expose transfer and vaultOnly enable under policyLocked
       "before each" hook for "_transfer reverts when from==address(0) (VF_ZERO) via harness call":
     HardhatError: HH700: Artifact for contract "contracts-min/mocks/VestingVault.sol:VestingVault" not found. 
      at Artifacts._handleWrongArtifactForFullyQualifiedName (/workspaces/Vfide/node_modules/hardhat/src/internal/artifacts.ts:697:11)
      at Artifacts._getValidArtifactPathFromFullyQualifiedName (/workspaces/Vfide/node_modules/hardhat/src/internal/artifacts.ts:646:21)
      at Artifacts._getArtifactPath (/workspaces/Vfide/node_modules/hardhat/src/internal/artifacts.ts:513:16)
      at Artifacts.readArtifact (/workspaces/Vfide/node_modules/hardhat/src/internal/artifacts.ts:71:26)
      at getContractFactory (/workspaces/Vfide/node_modules/@nomicfoundation/hardhat-ethers/src/internal/helpers.ts:120:22)
      at Context.<anonymous> (/workspaces/Vfide/test/archive/VFIDEToken.microbatch36.test.js:10:20)

  130) VFIDEToken microbatch-37 — systemExempt toggles, presale event, TEST router-pass path
       "before each" hook for "setSystemExempt true then false emits events and updates mapping":
     HardhatError: HH700: Artifact for contract "contracts-min/mocks/VestingVault.sol:VestingVault" not found. 
      at Artifacts._handleWrongArtifactForFullyQualifiedName (/workspaces/Vfide/node_modules/hardhat/src/internal/artifacts.ts:697:11)
      at Artifacts._getValidArtifactPathFromFullyQualifiedName (/workspaces/Vfide/node_modules/hardhat/src/internal/artifacts.ts:646:21)
      at Artifacts._getArtifactPath (/workspaces/Vfide/node_modules/hardhat/src/internal/artifacts.ts:513:16)
      at Artifacts.readArtifact (/workspaces/Vfide/node_modules/hardhat/src/internal/artifacts.ts:71:26)
      at getContractFactory (/workspaces/Vfide/node_modules/@nomicfoundation/hardhat-ethers/src/internal/helpers.ts:120:22)
      at Context.<anonymous> (/workspaces/Vfide/test/archive/VFIDEToken.microbatch37.test.js:10:20)

  131) VFIDEToken microbatch-38 — explicit coverage for setVaultOnly, setPresale and TEST router permutations
       "before each" hook for "setVaultOnly: before lock can disable; after lock enabling is allowed and disabling reverts":
     HardhatError: HH700: Artifact for contract "contracts-min/mocks/VestingVault.sol:VestingVault" not found. 
      at Artifacts._handleWrongArtifactForFullyQualifiedName (/workspaces/Vfide/node_modules/hardhat/src/internal/artifacts.ts:697:11)
      at Artifacts._getValidArtifactPathFromFullyQualifiedName (/workspaces/Vfide/node_modules/hardhat/src/internal/artifacts.ts:646:21)
      at Artifacts._getArtifactPath (/workspaces/Vfide/node_modules/hardhat/src/internal/artifacts.ts:513:16)
      at Artifacts.readArtifact (/workspaces/Vfide/node_modules/hardhat/src/internal/artifacts.ts:71:26)
      at getContractFactory (/workspaces/Vfide/node_modules/@nomicfoundation/hardhat-ethers/src/internal/helpers.ts:120:22)
      at Context.<anonymous> (/workspaces/Vfide/test/archive/VFIDEToken.microbatch38.test.js:11:20)

  132) VFIDEToken microbatch-39 — final permutations for setVaultOnly, setPresale and router-required arms
       "before each" hook for "setVaultOnly explicit toggles and double-calls exercise both arms":
     HardhatError: HH700: Artifact for contract "contracts-min/mocks/VestingVault.sol:VestingVault" not found. 
      at Artifacts._handleWrongArtifactForFullyQualifiedName (/workspaces/Vfide/node_modules/hardhat/src/internal/artifacts.ts:697:11)
      at Artifacts._getValidArtifactPathFromFullyQualifiedName (/workspaces/Vfide/node_modules/hardhat/src/internal/artifacts.ts:646:21)
      at Artifacts._getArtifactPath (/workspaces/Vfide/node_modules/hardhat/src/internal/artifacts.ts:513:16)
      at Artifacts.readArtifact (/workspaces/Vfide/node_modules/hardhat/src/internal/artifacts.ts:71:26)
      at getContractFactory (/workspaces/Vfide/node_modules/@nomicfoundation/hardhat-ethers/src/internal/helpers.ts:120:22)
      at Context.<anonymous> (/workspaces/Vfide/test/archive/VFIDEToken.microbatch39.test.js:11:20)

  133) VFIDEToken microbatch 4 — router-required, hard-burn, security lock, vaultOnly toggle
       "before each" hook for "hard burn path: burnSink==address(0) decreases totalSupply":
     HardhatError: HH700: Artifact for contract "contracts-min/mocks/VestingVault.sol:VestingVault" not found. 
      at Artifacts._handleWrongArtifactForFullyQualifiedName (/workspaces/Vfide/node_modules/hardhat/src/internal/artifacts.ts:697:11)
      at Artifacts._getValidArtifactPathFromFullyQualifiedName (/workspaces/Vfide/node_modules/hardhat/src/internal/artifacts.ts:646:21)
      at Artifacts._getArtifactPath (/workspaces/Vfide/node_modules/hardhat/src/internal/artifacts.ts:513:16)
      at Artifacts.readArtifact (/workspaces/Vfide/node_modules/hardhat/src/internal/artifacts.ts:71:26)
      at getContractFactory (/workspaces/Vfide/node_modules/@nomicfoundation/hardhat-ethers/src/internal/helpers.ts:120:22)
      at Context.<anonymous> (/workspaces/Vfide/test/archive/VFIDEToken.microbatch4.test.js:12:15)

  134) VFIDEToken microbatch-40 — admin-only reverts (non-owner calls)
       "before each" hook for "non-owner cannot call setVaultOnly":
     HardhatError: HH700: Artifact for contract "contracts-min/mocks/VestingVault.sol:VestingVault" not found. 
      at Artifacts._handleWrongArtifactForFullyQualifiedName (/workspaces/Vfide/node_modules/hardhat/src/internal/artifacts.ts:697:11)
      at Artifacts._getValidArtifactPathFromFullyQualifiedName (/workspaces/Vfide/node_modules/hardhat/src/internal/artifacts.ts:646:21)
      at Artifacts._getArtifactPath (/workspaces/Vfide/node_modules/hardhat/src/internal/artifacts.ts:513:16)
      at Artifacts.readArtifact (/workspaces/Vfide/node_modules/hardhat/src/internal/artifacts.ts:71:26)
      at getContractFactory (/workspaces/Vfide/node_modules/@nomicfoundation/hardhat-ethers/src/internal/helpers.ts:120:22)
      at Context.<anonymous> (/workspaces/Vfide/test/archive/VFIDEToken.microbatch40.test.js:10:20)

  135) VFIDEToken microbatch-41 — transferFrom with policyLocked + router present/absent
       "before each" hook for "transferFrom succeeds when policyLocked and burnRouter present":
     HardhatError: HH700: Artifact for contract "contracts-min/mocks/VestingVault.sol:VestingVault" not found. 
      at Artifacts._handleWrongArtifactForFullyQualifiedName (/workspaces/Vfide/node_modules/hardhat/src/internal/artifacts.ts:697:11)
      at Artifacts._getValidArtifactPathFromFullyQualifiedName (/workspaces/Vfide/node_modules/hardhat/src/internal/artifacts.ts:646:21)
      at Artifacts._getArtifactPath (/workspaces/Vfide/node_modules/hardhat/src/internal/artifacts.ts:513:16)
      at Artifacts.readArtifact (/workspaces/Vfide/node_modules/hardhat/src/internal/artifacts.ts:71:26)
      at getContractFactory (/workspaces/Vfide/node_modules/@nomicfoundation/hardhat-ethers/src/internal/helpers.ts:120:22)
      at Context.<anonymous> (/workspaces/Vfide/test/archive/VFIDEToken.microbatch41.test.js:10:20)

  136) VFIDEToken microbatch 5 — burn/sanctum permutations & vaultOnly rejections
       "before each" hook for "sanctum fallback: when sanctumSink==0, token sends sanctumAmt to treasurySink":
     HardhatError: HH700: Artifact for contract "contracts-min/mocks/VestingVault.sol:VestingVault" not found. 
      at Artifacts._handleWrongArtifactForFullyQualifiedName (/workspaces/Vfide/node_modules/hardhat/src/internal/artifacts.ts:697:11)
      at Artifacts._getValidArtifactPathFromFullyQualifiedName (/workspaces/Vfide/node_modules/hardhat/src/internal/artifacts.ts:646:21)
      at Artifacts._getArtifactPath (/workspaces/Vfide/node_modules/hardhat/src/internal/artifacts.ts:513:16)
      at Artifacts.readArtifact (/workspaces/Vfide/node_modules/hardhat/src/internal/artifacts.ts:71:26)
      at getContractFactory (/workspaces/Vfide/node_modules/@nomicfoundation/hardhat-ethers/src/internal/helpers.ts:120:22)
      at Context.<anonymous> (/workspaces/Vfide/test/archive/VFIDEToken.microbatch5.test.js:11:15)

  137) VFIDEToken microbatch 6 — fee permutations & systemExempt combos
       "before each" hook for "burn+sanctum both non-zero with sanctumSink != recipient routes correctly":
     HardhatError: HH700: Artifact for contract "contracts-min/mocks/VestingVault.sol:VestingVault" not found. 
      at Artifacts._handleWrongArtifactForFullyQualifiedName (/workspaces/Vfide/node_modules/hardhat/src/internal/artifacts.ts:697:11)
      at Artifacts._getValidArtifactPathFromFullyQualifiedName (/workspaces/Vfide/node_modules/hardhat/src/internal/artifacts.ts:646:21)
      at Artifacts._getArtifactPath (/workspaces/Vfide/node_modules/hardhat/src/internal/artifacts.ts:513:16)
      at Artifacts.readArtifact (/workspaces/Vfide/node_modules/hardhat/src/internal/artifacts.ts:71:26)
      at getContractFactory (/workspaces/Vfide/node_modules/@nomicfoundation/hardhat-ethers/src/internal/helpers.ts:120:22)
      at Context.<anonymous> (/workspaces/Vfide/test/archive/VFIDEToken.microbatch6.test.js:11:15)

  138) VFIDEToken microbatch 7 — presale & policy guards
       "before each" hook for "presale target must be a vault when vaultOnly is active":
     HardhatError: HH700: Artifact for contract "contracts-min/mocks/VestingVault.sol:VestingVault" not found. 
      at Artifacts._handleWrongArtifactForFullyQualifiedName (/workspaces/Vfide/node_modules/hardhat/src/internal/artifacts.ts:697:11)
      at Artifacts._getValidArtifactPathFromFullyQualifiedName (/workspaces/Vfide/node_modules/hardhat/src/internal/artifacts.ts:646:21)
      at Artifacts._getArtifactPath (/workspaces/Vfide/node_modules/hardhat/src/internal/artifacts.ts:513:16)
      at Artifacts.readArtifact (/workspaces/Vfide/node_modules/hardhat/src/internal/artifacts.ts:71:26)
      at getContractFactory (/workspaces/Vfide/node_modules/@nomicfoundation/hardhat-ethers/src/internal/helpers.ts:120:22)
      at Context.<anonymous> (/workspaces/Vfide/test/archive/VFIDEToken.microbatch7.test.js:11:15)

  139) VFIDEToken microbatch 8 — transfer cond-expr & router-required branches
       "before each" hook for "transfer 0 amount is a no-op (emits Transfer 0) and balances unchanged":
     HardhatError: HH700: Artifact for contract "contracts-min/mocks/VestingVault.sol:VestingVault" not found. 
      at Artifacts._handleWrongArtifactForFullyQualifiedName (/workspaces/Vfide/node_modules/hardhat/src/internal/artifacts.ts:697:11)
      at Artifacts._getValidArtifactPathFromFullyQualifiedName (/workspaces/Vfide/node_modules/hardhat/src/internal/artifacts.ts:646:21)
      at Artifacts._getArtifactPath (/workspaces/Vfide/node_modules/hardhat/src/internal/artifacts.ts:513:16)
      at Artifacts.readArtifact (/workspaces/Vfide/node_modules/hardhat/src/internal/artifacts.ts:71:26)
      at getContractFactory (/workspaces/Vfide/node_modules/@nomicfoundation/hardhat-ethers/src/internal/helpers.ts:120:22)
      at Context.<anonymous> (/workspaces/Vfide/test/archive/VFIDEToken.microbatch8.test.js:10:15)

  140) VFIDEToken microbatch 9 — burn-router permutations & systemExempt combos
       "before each" hook for "burn+sanctum both non-zero with sanctumSink != recipient routes correctly (soft-burn to burnSink)":
     HardhatError: HH700: Artifact for contract "contracts-min/mocks/VestingVault.sol:VestingVault" not found. 
      at Artifacts._handleWrongArtifactForFullyQualifiedName (/workspaces/Vfide/node_modules/hardhat/src/internal/artifacts.ts:697:11)
      at Artifacts._getValidArtifactPathFromFullyQualifiedName (/workspaces/Vfide/node_modules/hardhat/src/internal/artifacts.ts:646:21)
      at Artifacts._getArtifactPath (/workspaces/Vfide/node_modules/hardhat/src/internal/artifacts.ts:513:16)
      at Artifacts.readArtifact (/workspaces/Vfide/node_modules/hardhat/src/internal/artifacts.ts:71:26)
      at getContractFactory (/workspaces/Vfide/node_modules/@nomicfoundation/hardhat-ethers/src/internal/helpers.ts:120:22)
      at Context.<anonymous> (/workspaces/Vfide/test/archive/VFIDEToken.microbatch9.test.js:11:15)

  141) VFIDEToken negative owner & policy tests
       "before each" hook for "onlyOwner modifier rejects non-owner calls":
     HardhatError: HH700: Artifact for contract "contracts-min/mocks/VestingVault.sol:VestingVault" not found. 
      at Artifacts._handleWrongArtifactForFullyQualifiedName (/workspaces/Vfide/node_modules/hardhat/src/internal/artifacts.ts:697:11)
      at Artifacts._getValidArtifactPathFromFullyQualifiedName (/workspaces/Vfide/node_modules/hardhat/src/internal/artifacts.ts:646:21)
      at Artifacts._getArtifactPath (/workspaces/Vfide/node_modules/hardhat/src/internal/artifacts.ts:513:16)
      at Artifacts.readArtifact (/workspaces/Vfide/node_modules/hardhat/src/internal/artifacts.ts:71:26)
      at getContractFactory (/workspaces/Vfide/node_modules/@nomicfoundation/hardhat-ethers/src/internal/helpers.ts:120:22)
      at Context.<anonymous> (/workspaces/Vfide/test/archive/VFIDEToken.ownerNegative.test.js:11:21)

  142) VFIDEToken permutation engine to flip branches
       "before each" hook for "exercise to/from locked vault branches and mixed systemExempt combos":
     HardhatError: HH700: Artifact for contract "contracts-min/mocks/VestingVault.sol:VestingVault" not found. 
      at Artifacts._handleWrongArtifactForFullyQualifiedName (/workspaces/Vfide/node_modules/hardhat/src/internal/artifacts.ts:697:11)
      at Artifacts._getValidArtifactPathFromFullyQualifiedName (/workspaces/Vfide/node_modules/hardhat/src/internal/artifacts.ts:646:21)
      at Artifacts._getArtifactPath (/workspaces/Vfide/node_modules/hardhat/src/internal/artifacts.ts:513:16)
      at Artifacts.readArtifact (/workspaces/Vfide/node_modules/hardhat/src/internal/artifacts.ts:71:26)
      at getContractFactory (/workspaces/Vfide/node_modules/@nomicfoundation/hardhat-ethers/src/internal/helpers.ts:120:22)
      at Context.<anonymous> (/workspaces/Vfide/test/archive/VFIDEToken.permutationEngine.test.js:11:21)

  143) VFIDEToken permutations (router/burn/sanctum/systemExempt/policyLocked)
       "before each" hook for "hard burn with fees applied and policyUnlocked decreases totalSupply":
     HardhatError: HH700: Artifact for contract "contracts-min/mocks/VestingVault.sol:VestingVault" not found. 
      at Artifacts._handleWrongArtifactForFullyQualifiedName (/workspaces/Vfide/node_modules/hardhat/src/internal/artifacts.ts:697:11)
      at Artifacts._getValidArtifactPathFromFullyQualifiedName (/workspaces/Vfide/node_modules/hardhat/src/internal/artifacts.ts:646:21)
      at Artifacts._getArtifactPath (/workspaces/Vfide/node_modules/hardhat/src/internal/artifacts.ts:513:16)
      at Artifacts.readArtifact (/workspaces/Vfide/node_modules/hardhat/src/internal/artifacts.ts:71:26)
      at getContractFactory (/workspaces/Vfide/node_modules/@nomicfoundation/hardhat-ethers/src/internal/helpers.ts:120:22)
      at Context.<anonymous> (/workspaces/Vfide/test/archive/VFIDEToken.permutations.test.js:11:21)

  144) VFIDEToken TEST-ONLY helper coverage
       "before each" hook for "TEST helpers: force router requirement and vault/staticcall checks":
     HardhatError: HH700: Artifact for contract "contracts-min/mocks/VestingVault.sol:VestingVault" not found. 
      at Artifacts._handleWrongArtifactForFullyQualifiedName (/workspaces/Vfide/node_modules/hardhat/src/internal/artifacts.ts:697:11)
      at Artifacts._getValidArtifactPathFromFullyQualifiedName (/workspaces/Vfide/node_modules/hardhat/src/internal/artifacts.ts:646:21)
      at Artifacts._getArtifactPath (/workspaces/Vfide/node_modules/hardhat/src/internal/artifacts.ts:513:16)
      at Artifacts.readArtifact (/workspaces/Vfide/node_modules/hardhat/src/internal/artifacts.ts:71:26)
      at getContractFactory (/workspaces/Vfide/node_modules/@nomicfoundation/hardhat-ethers/src/internal/helpers.ts:120:22)
      at Context.<anonymous> (/workspaces/Vfide/test/archive/VFIDEToken.testHelpers.test.js:11:21)

  145) VFIDETrust - Seer (ProofScore)
       "before each" hook for "should deploy with correct DAO":
     HardhatError: HH700: Artifact for contract "contracts-min/VFIDETrust.sol:ProofLedger" not found. 
      at Artifacts._handleWrongArtifactForFullyQualifiedName (/workspaces/Vfide/node_modules/hardhat/src/internal/artifacts.ts:697:11)
      at Artifacts._getValidArtifactPathFromFullyQualifiedName (/workspaces/Vfide/node_modules/hardhat/src/internal/artifacts.ts:646:21)
      at Artifacts._getArtifactPath (/workspaces/Vfide/node_modules/hardhat/src/internal/artifacts.ts:513:16)
      at Artifacts.readArtifact (/workspaces/Vfide/node_modules/hardhat/src/internal/artifacts.ts:71:26)
      at getContractFactory (/workspaces/Vfide/node_modules/@nomicfoundation/hardhat-ethers/src/internal/helpers.ts:120:22)
      at Context.<anonymous> (/workspaces/Vfide/test/archive/VFIDETrust.test.js:12:25)

  146) VaultInfrastructure - VaultHub
       "before each" hook for "should deploy successfully":
     HardhatError: HH700: Artifact for contract "VaultInfrastructure" not found. 
      at Artifacts._handleWrongArtifactForContractName (/workspaces/Vfide/node_modules/hardhat/src/internal/artifacts.ts:721:11)
      at Artifacts._getArtifactPathFromFiles (/workspaces/Vfide/node_modules/hardhat/src/internal/artifacts.ts:852:19)
      at Artifacts._getArtifactPath (/workspaces/Vfide/node_modules/hardhat/src/internal/artifacts.ts:516:21)
      at Artifacts.readArtifact (/workspaces/Vfide/node_modules/hardhat/src/internal/artifacts.ts:71:26)
      at getContractFactory (/workspaces/Vfide/node_modules/@nomicfoundation/hardhat-ethers/src/internal/helpers.ts:120:22)
      at Context.<anonymous> (/workspaces/Vfide/test/archive/VaultInfrastructure.test.js:11:22)

  147) VaultInfrastructure - UserVault
       Guardian Management
         should allow owner to add guardians:
     TypeError: Cannot read properties of undefined (reading 'ensureVault')
      at Context.<anonymous> (test/archive/VaultInfrastructure.test.js:227:22)
      at processImmediate (node:internal/timers:485:21)

  148) VaultInfrastructure - UserVault
       Guardian Management
         should allow owner to remove guardians:
     TypeError: Cannot read properties of undefined (reading 'ensureVault')
      at Context.<anonymous> (test/archive/VaultInfrastructure.test.js:236:22)
      at processImmediate (node:internal/timers:485:21)

  149) VaultInfrastructure - UserVault
       Guardian Management
         should set next of kin:
     TypeError: Cannot read properties of undefined (reading 'ensureVault')
      at Context.<anonymous> (test/archive/VaultInfrastructure.test.js:246:22)
      at processImmediate (node:internal/timers:485:21)

  150) VaultInfrastructure - UserVault
       Integration - Full Lifecycle
         should test complete vault lifecycle:
     TypeError: Cannot read properties of undefined (reading 'ensureVault')
      at Context.<anonymous> (test/archive/VaultInfrastructure.test.js:293:22)
      at processImmediate (node:internal/timers:485:21)

  151) Coverage: addMerchant and Additional Functions
       "before all" hook in "Coverage: addMerchant and Additional Functions":
     HardhatError: HH700: Artifact for contract "VaultHubMock" not found. 
      at Artifacts._handleWrongArtifactForContractName (/workspaces/Vfide/node_modules/hardhat/src/internal/artifacts.ts:721:11)
      at Artifacts._getArtifactPathFromFiles (/workspaces/Vfide/node_modules/hardhat/src/internal/artifacts.ts:852:19)
      at Artifacts._getArtifactPath (/workspaces/Vfide/node_modules/hardhat/src/internal/artifacts.ts:516:21)
      at Artifacts.readArtifact (/workspaces/Vfide/node_modules/hardhat/src/internal/artifacts.ts:71:26)
      at getContractFactory (/workspaces/Vfide/node_modules/@nomicfoundation/hardhat-ethers/src/internal/helpers.ts:120:22)
      at Context.<anonymous> (/workspaces/Vfide/test/archive/coverage.addmerchant.complete.test.js:14:22)

  152) both-bruteforce3: combined permutations using many helpers and toggles
       sweeps many helpers in MR + Vault to flip stubborn arms:
     HardhatError: HH700: Artifact for contract "VaultHubMock" not found. 
      at Artifacts._handleWrongArtifactForContractName (/workspaces/Vfide/node_modules/hardhat/src/internal/artifacts.ts:721:11)
      at Artifacts._getArtifactPathFromFiles (/workspaces/Vfide/node_modules/hardhat/src/internal/artifacts.ts:852:19)
      at Artifacts._getArtifactPath (/workspaces/Vfide/node_modules/hardhat/src/internal/artifacts.ts:516:21)
      at Artifacts.readArtifact (/workspaces/Vfide/node_modules/hardhat/src/internal/artifacts.ts:71:26)
      at getContractFactory (/workspaces/Vfide/node_modules/@nomicfoundation/hardhat-ethers/src/internal/helpers.ts:120:22)
      at Context.<anonymous> (/workspaces/Vfide/test/archive/coverage.both.bruteforce3.test.js:10:22)

  153) Coverage Bruteforce: More TEST Functions
       "before all" hook in "Coverage Bruteforce: More TEST Functions":
     HardhatError: HH700: Artifact for contract "VaultHubMock" not found. 
      at Artifacts._handleWrongArtifactForContractName (/workspaces/Vfide/node_modules/hardhat/src/internal/artifacts.ts:721:11)
      at Artifacts._getArtifactPathFromFiles (/workspaces/Vfide/node_modules/hardhat/src/internal/artifacts.ts:852:19)
      at Artifacts._getArtifactPath (/workspaces/Vfide/node_modules/hardhat/src/internal/artifacts.ts:516:21)
      at Artifacts.readArtifact (/workspaces/Vfide/node_modules/hardhat/src/internal/artifacts.ts:71:26)
      at getContractFactory (/workspaces/Vfide/node_modules/@nomicfoundation/hardhat-ethers/src/internal/helpers.ts:120:22)
      at Context.<anonymous> (/workspaces/Vfide/test/archive/coverage.bruteforce.additional.test.js:14:22)

  154) VFIDECommerce - Exhaustive TEST Coverage
       "before each" hook for "should set all force flags on MerchantRegistry":
     HardhatError: HH700: Artifact for contract "VaultHubMock" not found. 
      at Artifacts._handleWrongArtifactForContractName (/workspaces/Vfide/node_modules/hardhat/src/internal/artifacts.ts:721:11)
      at Artifacts._getArtifactPathFromFiles (/workspaces/Vfide/node_modules/hardhat/src/internal/artifacts.ts:852:19)
      at Artifacts._getArtifactPath (/workspaces/Vfide/node_modules/hardhat/src/internal/artifacts.ts:516:21)
      at Artifacts.readArtifact (/workspaces/Vfide/node_modules/hardhat/src/internal/artifacts.ts:71:26)
      at getContractFactory (/workspaces/Vfide/node_modules/@nomicfoundation/hardhat-ethers/src/internal/helpers.ts:120:22)
      at Context.<anonymous> (/workspaces/Vfide/test/archive/coverage.commerce.exhaustive.test.js:12:26)

  155) VFIDECommerce - Production Paths via TEST Helpers
       "before each" hook for "should cover line 87 constructor validation via TEST helpers":
     HardhatError: HH700: Artifact for contract "VaultHubMock" not found. 
      at Artifacts._handleWrongArtifactForContractName (/workspaces/Vfide/node_modules/hardhat/src/internal/artifacts.ts:721:11)
      at Artifacts._getArtifactPathFromFiles (/workspaces/Vfide/node_modules/hardhat/src/internal/artifacts.ts:852:19)
      at Artifacts._getArtifactPath (/workspaces/Vfide/node_modules/hardhat/src/internal/artifacts.ts:516:21)
      at Artifacts.readArtifact (/workspaces/Vfide/node_modules/hardhat/src/internal/artifacts.ts:71:26)
      at getContractFactory (/workspaces/Vfide/node_modules/@nomicfoundation/hardhat-ethers/src/internal/helpers.ts:120:22)
      at Context.<anonymous> (/workspaces/Vfide/test/archive/coverage.commerce.production.test.js:13:26)

  156) VFIDECommerce - Systematic TEST Helper Coverage Part 1 (lines 295-560)
       "before each" hook for "should cover line 295-309 via TEST_exec_addMerchant_branches":
     HardhatError: HH700: Artifact for contract "VaultHubMock" not found. 
      at Artifacts._handleWrongArtifactForContractName (/workspaces/Vfide/node_modules/hardhat/src/internal/artifacts.ts:721:11)
      at Artifacts._getArtifactPathFromFiles (/workspaces/Vfide/node_modules/hardhat/src/internal/artifacts.ts:852:19)
      at Artifacts._getArtifactPath (/workspaces/Vfide/node_modules/hardhat/src/internal/artifacts.ts:516:21)
      at Artifacts.readArtifact (/workspaces/Vfide/node_modules/hardhat/src/internal/artifacts.ts:71:26)
      at getContractFactory (/workspaces/Vfide/node_modules/@nomicfoundation/hardhat-ethers/src/internal/helpers.ts:120:22)
      at Context.<anonymous> (/workspaces/Vfide/test/archive/coverage.commerce.systematic1.test.js:12:26)

  157) VFIDECommerce - Systematic TEST Helper Coverage Part 2 (lines 560-1000)
       "before each" hook for "should cover line 644 combo variants":
     HardhatError: HH700: Artifact for contract "VaultHubMock" not found. 
      at Artifacts._handleWrongArtifactForContractName (/workspaces/Vfide/node_modules/hardhat/src/internal/artifacts.ts:721:11)
      at Artifacts._getArtifactPathFromFiles (/workspaces/Vfide/node_modules/hardhat/src/internal/artifacts.ts:852:19)
      at Artifacts._getArtifactPath (/workspaces/Vfide/node_modules/hardhat/src/internal/artifacts.ts:516:21)
      at Artifacts.readArtifact (/workspaces/Vfide/node_modules/hardhat/src/internal/artifacts.ts:71:26)
      at getContractFactory (/workspaces/Vfide/node_modules/@nomicfoundation/hardhat-ethers/src/internal/helpers.ts:120:22)
      at Context.<anonymous> (/workspaces/Vfide/test/archive/coverage.commerce.systematic2.test.js:12:26)

  158) VFIDECommerce - Systematic TEST Helper Coverage Part 3 (remaining functions)
       "before each" hook for "should cover TEST_line1060_condexpr_alt":
     HardhatError: HH700: Artifact for contract "VaultHubMock" not found. 
      at Artifacts._handleWrongArtifactForContractName (/workspaces/Vfide/node_modules/hardhat/src/internal/artifacts.ts:721:11)
      at Artifacts._getArtifactPathFromFiles (/workspaces/Vfide/node_modules/hardhat/src/internal/artifacts.ts:852:19)
      at Artifacts._getArtifactPath (/workspaces/Vfide/node_modules/hardhat/src/internal/artifacts.ts:516:21)
      at Artifacts.readArtifact (/workspaces/Vfide/node_modules/hardhat/src/internal/artifacts.ts:71:26)
      at getContractFactory (/workspaces/Vfide/node_modules/@nomicfoundation/hardhat-ethers/src/internal/helpers.ts:120:22)
      at Context.<anonymous> (/workspaces/Vfide/test/archive/coverage.commerce.systematic3.test.js:12:26)

  159) coverage.escrow.bruteforce: exercise escrow hotspots
       runs permutations of helpers and tries production flows safely:
     HardhatError: HH700: Artifact for contract "VaultHubMock" not found. 
      at Artifacts._handleWrongArtifactForContractName (/workspaces/Vfide/node_modules/hardhat/src/internal/artifacts.ts:721:11)
      at Artifacts._getArtifactPathFromFiles (/workspaces/Vfide/node_modules/hardhat/src/internal/artifacts.ts:852:19)
      at Artifacts._getArtifactPath (/workspaces/Vfide/node_modules/hardhat/src/internal/artifacts.ts:516:21)
      at Artifacts.readArtifact (/workspaces/Vfide/node_modules/hardhat/src/internal/artifacts.ts:71:26)
      at getContractFactory (/workspaces/Vfide/node_modules/@nomicfoundation/hardhat-ethers/src/internal/helpers.ts:120:22)
      at Context.<anonymous> (/workspaces/Vfide/test/archive/coverage.escrow.bruteforce.test.js:9:22)

  160) Final Push: All Remaining TEST Functions Part 1
       "before all" hook in "Final Push: All Remaining TEST Functions Part 1":
     HardhatError: HH700: Artifact for contract "VaultHubMock" not found. 
      at Artifacts._handleWrongArtifactForContractName (/workspaces/Vfide/node_modules/hardhat/src/internal/artifacts.ts:721:11)
      at Artifacts._getArtifactPathFromFiles (/workspaces/Vfide/node_modules/hardhat/src/internal/artifacts.ts:852:19)
      at Artifacts._getArtifactPath (/workspaces/Vfide/node_modules/hardhat/src/internal/artifacts.ts:516:21)
      at Artifacts.readArtifact (/workspaces/Vfide/node_modules/hardhat/src/internal/artifacts.ts:71:26)
      at getContractFactory (/workspaces/Vfide/node_modules/@nomicfoundation/hardhat-ethers/src/internal/helpers.ts:120:22)
      at Context.<anonymous> (/workspaces/Vfide/test/archive/coverage.exhaustive.part1.test.js:14:22)

  161) Final Push: All Remaining TEST Functions Part 2
       "before all" hook in "Final Push: All Remaining TEST Functions Part 2":
     HardhatError: HH700: Artifact for contract "VaultHubMock" not found. 
      at Artifacts._handleWrongArtifactForContractName (/workspaces/Vfide/node_modules/hardhat/src/internal/artifacts.ts:721:11)
      at Artifacts._getArtifactPathFromFiles (/workspaces/Vfide/node_modules/hardhat/src/internal/artifacts.ts:852:19)
      at Artifacts._getArtifactPath (/workspaces/Vfide/node_modules/hardhat/src/internal/artifacts.ts:516:21)
      at Artifacts.readArtifact (/workspaces/Vfide/node_modules/hardhat/src/internal/artifacts.ts:71:26)
      at getContractFactory (/workspaces/Vfide/node_modules/@nomicfoundation/hardhat-ethers/src/internal/helpers.ts:120:22)
      at Context.<anonymous> (/workspaces/Vfide/test/archive/coverage.exhaustive.part2.test.js:14:22)

  162) Final Coverage Push: All Remaining Variants
       "before all" hook in "Final Coverage Push: All Remaining Variants":
     HardhatError: HH700: Artifact for contract "VaultHubMock" not found. 
      at Artifacts._handleWrongArtifactForContractName (/workspaces/Vfide/node_modules/hardhat/src/internal/artifacts.ts:721:11)
      at Artifacts._getArtifactPathFromFiles (/workspaces/Vfide/node_modules/hardhat/src/internal/artifacts.ts:852:19)
      at Artifacts._getArtifactPath (/workspaces/Vfide/node_modules/hardhat/src/internal/artifacts.ts:516:21)
      at Artifacts.readArtifact (/workspaces/Vfide/node_modules/hardhat/src/internal/artifacts.ts:71:26)
      at getContractFactory (/workspaces/Vfide/node_modules/@nomicfoundation/hardhat-ethers/src/internal/helpers.ts:120:22)
      at Context.<anonymous> (/workspaces/Vfide/test/archive/coverage.final.exhaustive.all.test.js:14:22)

  163) VFIDEFinance: Exhaustive Coverage to 100%
       "before all" hook in "VFIDEFinance: Exhaustive Coverage to 100%":
     HardhatError: HH700: Artifact for contract "VaultHubMock" not found. 
      at Artifacts._handleWrongArtifactForContractName (/workspaces/Vfide/node_modules/hardhat/src/internal/artifacts.ts:721:11)
      at Artifacts._getArtifactPathFromFiles (/workspaces/Vfide/node_modules/hardhat/src/internal/artifacts.ts:852:19)
      at Artifacts._getArtifactPath (/workspaces/Vfide/node_modules/hardhat/src/internal/artifacts.ts:516:21)
      at Artifacts.readArtifact (/workspaces/Vfide/node_modules/hardhat/src/internal/artifacts.ts:71:26)
      at getContractFactory (/workspaces/Vfide/node_modules/@nomicfoundation/hardhat-ethers/src/internal/helpers.ts:120:22)
      at Context.<anonymous> (/workspaces/Vfide/test/archive/coverage.finance.exhaustive.test.js:16:22)

  164) Finance Remaining 20 Branches
       "before all" hook in "Finance Remaining 20 Branches":
     HardhatError: HH700: Artifact for contract "VaultHubMock" not found. 
      at Artifacts._handleWrongArtifactForContractName (/workspaces/Vfide/node_modules/hardhat/src/internal/artifacts.ts:721:11)
      at Artifacts._getArtifactPathFromFiles (/workspaces/Vfide/node_modules/hardhat/src/internal/artifacts.ts:852:19)
      at Artifacts._getArtifactPath (/workspaces/Vfide/node_modules/hardhat/src/internal/artifacts.ts:516:21)
      at Artifacts.readArtifact (/workspaces/Vfide/node_modules/hardhat/src/internal/artifacts.ts:71:26)
      at getContractFactory (/workspaces/Vfide/node_modules/@nomicfoundation/hardhat-ethers/src/internal/helpers.ts:120:22)
      at Context.<anonymous> (/workspaces/Vfide/test/archive/coverage.finance.remaining20.test.js:15:22)

  165) big helpers: deterministic helpers for commerce + finance
       calls commerce msg.sender helpers and toggles to flip branch arms:
     HardhatError: HH700: Artifact for contract "VaultHubMock" not found. 
      at Artifacts._handleWrongArtifactForContractName (/workspaces/Vfide/node_modules/hardhat/src/internal/artifacts.ts:721:11)
      at Artifacts._getArtifactPathFromFiles (/workspaces/Vfide/node_modules/hardhat/src/internal/artifacts.ts:852:19)
      at Artifacts._getArtifactPath (/workspaces/Vfide/node_modules/hardhat/src/internal/artifacts.ts:516:21)
      at Artifacts.readArtifact (/workspaces/Vfide/node_modules/hardhat/src/internal/artifacts.ts:71:26)
      at getContractFactory (/workspaces/Vfide/node_modules/@nomicfoundation/hardhat-ethers/src/internal/helpers.ts:120:22)
      at Context.<anonymous> (/workspaces/Vfide/test/archive/coverage.finish.big.helpers.test.js:9:22)

  166) big helpers: deterministic helpers for commerce + finance
       calls finance helpers to deterministically hit decimals/send branch arms:
     HardhatError: HH700: Artifact for contract "LedgerMock" not found. 
      at Artifacts._handleWrongArtifactForContractName (/workspaces/Vfide/node_modules/hardhat/src/internal/artifacts.ts:721:11)
      at Artifacts._getArtifactPathFromFiles (/workspaces/Vfide/node_modules/hardhat/src/internal/artifacts.ts:852:19)
      at Artifacts._getArtifactPath (/workspaces/Vfide/node_modules/hardhat/src/internal/artifacts.ts:516:21)
      at Artifacts.readArtifact (/workspaces/Vfide/node_modules/hardhat/src/internal/artifacts.ts:71:26)
      at getContractFactory (/workspaces/Vfide/node_modules/@nomicfoundation/hardhat-ethers/src/internal/helpers.ts:120:22)
      at Context.<anonymous> (/workspaces/Vfide/test/archive/coverage.finish.big.helpers.test.js:42:20)

  167) bruteforce: commerce + finance permutation sweep
       runs a compact set of ordered permutations for both subsystems:
     HardhatError: HH700: Artifact for contract "VaultHubMock" not found. 
      at Artifacts._handleWrongArtifactForContractName (/workspaces/Vfide/node_modules/hardhat/src/internal/artifacts.ts:721:11)
      at Artifacts._getArtifactPathFromFiles (/workspaces/Vfide/node_modules/hardhat/src/internal/artifacts.ts:852:19)
      at Artifacts._getArtifactPath (/workspaces/Vfide/node_modules/hardhat/src/internal/artifacts.ts:516:21)
      at Artifacts.readArtifact (/workspaces/Vfide/node_modules/hardhat/src/internal/artifacts.ts:71:26)
      at getContractFactory (/workspaces/Vfide/node_modules/@nomicfoundation/hardhat-ethers/src/internal/helpers.ts:120:22)
      at Context.<anonymous> (/workspaces/Vfide/test/archive/coverage.finish.bruteforce.both.test.js:15:22)

  168) sequence: commerce addMerchant ordered-call sweep (118/130)
       runs ordered helper + production call sequences to hit missing branch indexes:
     HardhatError: HH700: Artifact for contract "VaultHubMock" not found. 
      at Artifacts._handleWrongArtifactForContractName (/workspaces/Vfide/node_modules/hardhat/src/internal/artifacts.ts:721:11)
      at Artifacts._getArtifactPathFromFiles (/workspaces/Vfide/node_modules/hardhat/src/internal/artifacts.ts:852:19)
      at Artifacts._getArtifactPath (/workspaces/Vfide/node_modules/hardhat/src/internal/artifacts.ts:516:21)
      at Artifacts.readArtifact (/workspaces/Vfide/node_modules/hardhat/src/internal/artifacts.ts:71:26)
      at getContractFactory (/workspaces/Vfide/node_modules/@nomicfoundation/hardhat-ethers/src/internal/helpers.ts:120:22)
      at Context.<anonymous> (/workspaces/Vfide/test/archive/coverage.finish.commerce.118_130.sequence.test.js:9:22)

  169) coverage.finish.commerce.250_410.narrow
       calls mass/region/hotspot helpers with permutations to flip escrow-region arms:
     HardhatError: HH700: Artifact for contract "ERC20Mock" not found. 
      at Artifacts._handleWrongArtifactForContractName (/workspaces/Vfide/node_modules/hardhat/src/internal/artifacts.ts:721:11)
      at Artifacts._getArtifactPathFromFiles (/workspaces/Vfide/node_modules/hardhat/src/internal/artifacts.ts:852:19)
      at Artifacts._getArtifactPath (/workspaces/Vfide/node_modules/hardhat/src/internal/artifacts.ts:516:21)
      at Artifacts.readArtifact (/workspaces/Vfide/node_modules/hardhat/src/internal/artifacts.ts:71:26)
      at getContractFactory (/workspaces/Vfide/node_modules/@nomicfoundation/hardhat-ethers/src/internal/helpers.ts:120:22)
      at Context.<anonymous> (/workspaces/Vfide/test/archive/coverage.finish.commerce.250_410.narrow.test.js:8:19)

  170) coverage.finish.commerce.250_410 - focused escrow cluster
       exercises many TEST helpers across 250-410 region to flip branch arms:
     HardhatError: HH700: Artifact for contract "VaultHubMock" not found. 
      at Artifacts._handleWrongArtifactForContractName (/workspaces/Vfide/node_modules/hardhat/src/internal/artifacts.ts:721:11)
      at Artifacts._getArtifactPathFromFiles (/workspaces/Vfide/node_modules/hardhat/src/internal/artifacts.ts:852:19)
      at Artifacts._getArtifactPath (/workspaces/Vfide/node_modules/hardhat/src/internal/artifacts.ts:516:21)
      at Artifacts.readArtifact (/workspaces/Vfide/node_modules/hardhat/src/internal/artifacts.ts:71:26)
      at getContractFactory (/workspaces/Vfide/node_modules/@nomicfoundation/hardhat-ethers/src/internal/helpers.ts:120:22)
      at Context.<anonymous> (/workspaces/Vfide/test/archive/coverage.finish.commerce.250_410.test.js:11:22)

  171) micro: addMerchant line 118/130 deterministic sweep
       exhaustively calls production addMerchant with force flags and msg.sender variants:
     HardhatError: HH700: Artifact for contract "VaultHubMock" not found. 
      at Artifacts._handleWrongArtifactForContractName (/workspaces/Vfide/node_modules/hardhat/src/internal/artifacts.ts:721:11)
      at Artifacts._getArtifactPathFromFiles (/workspaces/Vfide/node_modules/hardhat/src/internal/artifacts.ts:852:19)
      at Artifacts._getArtifactPath (/workspaces/Vfide/node_modules/hardhat/src/internal/artifacts.ts:516:21)
      at Artifacts.readArtifact (/workspaces/Vfide/node_modules/hardhat/src/internal/artifacts.ts:71:26)
      at getContractFactory (/workspaces/Vfide/node_modules/@nomicfoundation/hardhat-ethers/src/internal/helpers.ts:120:22)
      at Context.<anonymous> (/workspaces/Vfide/test/archive/coverage.finish.commerce.addMerchant.118_130.micro.test.js:9:22)

  172) coverage.finish.commerce.addMerchant.targeted - flip msg.sender/vault arms (118/130)
       registers a merchant and exercises msg.sender-specific helpers to flip both arms:
     HardhatError: HH700: Artifact for contract "VaultHubMock" not found. 
      at Artifacts._handleWrongArtifactForContractName (/workspaces/Vfide/node_modules/hardhat/src/internal/artifacts.ts:721:11)
      at Artifacts._getArtifactPathFromFiles (/workspaces/Vfide/node_modules/hardhat/src/internal/artifacts.ts:852:19)
      at Artifacts._getArtifactPath (/workspaces/Vfide/node_modules/hardhat/src/internal/artifacts.ts:516:21)
      at Artifacts.readArtifact (/workspaces/Vfide/node_modules/hardhat/src/internal/artifacts.ts:71:26)
      at getContractFactory (/workspaces/Vfide/node_modules/@nomicfoundation/hardhat-ethers/src/internal/helpers.ts:120:22)
      at Context.<anonymous> (/workspaces/Vfide/test/archive/coverage.finish.commerce.addMerchant.118_130.targeted.test.js:11:22)

  173) bruteforce: addMerchant permutations to flip stubborn arms
       permutations of toggles, helpers and production calls to flip remaining branch nodes:
     HardhatError: HH700: Artifact for contract "VaultHubMock" not found. 
      at Artifacts._handleWrongArtifactForContractName (/workspaces/Vfide/node_modules/hardhat/src/internal/artifacts.ts:721:11)
      at Artifacts._getArtifactPathFromFiles (/workspaces/Vfide/node_modules/hardhat/src/internal/artifacts.ts:852:19)
      at Artifacts._getArtifactPath (/workspaces/Vfide/node_modules/hardhat/src/internal/artifacts.ts:516:21)
      at Artifacts.readArtifact (/workspaces/Vfide/node_modules/hardhat/src/internal/artifacts.ts:71:26)
      at getContractFactory (/workspaces/Vfide/node_modules/@nomicfoundation/hardhat-ethers/src/internal/helpers.ts:120:22)
      at Context.<anonymous> (/workspaces/Vfide/test/archive/coverage.finish.commerce.addMerchant.bruteforce.test.js:9:22)

  174) bruteforce2: commerce addMerchant deep permutations for lines ~118/130 and escrow cluster
       exhaustively calls TEST helpers and production addMerchant in many orders to hit missing index arms:
     HardhatError: HH700: Artifact for contract "VaultHubMock" not found. 
      at Artifacts._handleWrongArtifactForContractName (/workspaces/Vfide/node_modules/hardhat/src/internal/artifacts.ts:721:11)
      at Artifacts._getArtifactPathFromFiles (/workspaces/Vfide/node_modules/hardhat/src/internal/artifacts.ts:852:19)
      at Artifacts._getArtifactPath (/workspaces/Vfide/node_modules/hardhat/src/internal/artifacts.ts:516:21)
      at Artifacts.readArtifact (/workspaces/Vfide/node_modules/hardhat/src/internal/artifacts.ts:71:26)
      at getContractFactory (/workspaces/Vfide/node_modules/@nomicfoundation/hardhat-ethers/src/internal/helpers.ts:120:22)
      at Context.<anonymous> (/workspaces/Vfide/test/archive/coverage.finish.commerce.addMerchant.bruteforce2.test.js:9:22)

  175) coverage.finish.commerce.addMerchant.combine
       executes both true and false arms for addMerchant lines ~118 and ~130 (explicit + msg.sender):
     HardhatError: HH700: Artifact for contract "ERC20Mock" not found. 
      at Artifacts._handleWrongArtifactForContractName (/workspaces/Vfide/node_modules/hardhat/src/internal/artifacts.ts:721:11)
      at Artifacts._getArtifactPathFromFiles (/workspaces/Vfide/node_modules/hardhat/src/internal/artifacts.ts:852:19)
      at Artifacts._getArtifactPath (/workspaces/Vfide/node_modules/hardhat/src/internal/artifacts.ts:516:21)
      at Artifacts.readArtifact (/workspaces/Vfide/node_modules/hardhat/src/internal/artifacts.ts:71:26)
      at getContractFactory (/workspaces/Vfide/node_modules/@nomicfoundation/hardhat-ethers/src/internal/helpers.ts:120:22)
      at Context.<anonymous> (/workspaces/Vfide/test/archive/coverage.finish.commerce.addMerchant.combine.test.js:8:19)

  176) coverage.finish.commerce.addMerchant.exhaustive - exhaust permutations for lines 118/130
       calls addMerchant-related pinpoint helpers with all signer/force permutations:
     HardhatError: HH700: Artifact for contract "VaultHubMock" not found. 
      at Artifacts._handleWrongArtifactForContractName (/workspaces/Vfide/node_modules/hardhat/src/internal/artifacts.ts:721:11)
      at Artifacts._getArtifactPathFromFiles (/workspaces/Vfide/node_modules/hardhat/src/internal/artifacts.ts:852:19)
      at Artifacts._getArtifactPath (/workspaces/Vfide/node_modules/hardhat/src/internal/artifacts.ts:516:21)
      at Artifacts.readArtifact (/workspaces/Vfide/node_modules/hardhat/src/internal/artifacts.ts:71:26)
      at getContractFactory (/workspaces/Vfide/node_modules/@nomicfoundation/hardhat-ethers/src/internal/helpers.ts:120:22)
      at Context.<anonymous> (/workspaces/Vfide/test/archive/coverage.finish.commerce.addMerchant.exhaustive.test.js:11:22)

  177) coverage.finish.commerce.addMerchant.extra2 - exhaustive addMerchant permutations
       runs many permutations of addMerchant TEST helpers to flip left/right/msg.sender arms:
     HardhatError: HH700: Artifact for contract "VaultHubMock" not found. 
      at Artifacts._handleWrongArtifactForContractName (/workspaces/Vfide/node_modules/hardhat/src/internal/artifacts.ts:721:11)
      at Artifacts._getArtifactPathFromFiles (/workspaces/Vfide/node_modules/hardhat/src/internal/artifacts.ts:852:19)
      at Artifacts._getArtifactPath (/workspaces/Vfide/node_modules/hardhat/src/internal/artifacts.ts:516:21)
      at Artifacts.readArtifact (/workspaces/Vfide/node_modules/hardhat/src/internal/artifacts.ts:71:26)
      at getContractFactory (/workspaces/Vfide/node_modules/@nomicfoundation/hardhat-ethers/src/internal/helpers.ts:120:22)
      at Context.<anonymous> (/workspaces/Vfide/test/archive/coverage.finish.commerce.addMerchant.extra2.test.js:13:22)

  178) coverage.finish.commerce.addMerchant.forceLeft - force alreadyMerchant arm
       forces alreadyMerchant and calls narrow helpers to hit left arms:
     HardhatError: HH700: Artifact for contract "VaultHubMock" not found. 
      at Artifacts._handleWrongArtifactForContractName (/workspaces/Vfide/node_modules/hardhat/src/internal/artifacts.ts:721:11)
      at Artifacts._getArtifactPathFromFiles (/workspaces/Vfide/node_modules/hardhat/src/internal/artifacts.ts:852:19)
      at Artifacts._getArtifactPath (/workspaces/Vfide/node_modules/hardhat/src/internal/artifacts.ts:516:21)
      at Artifacts.readArtifact (/workspaces/Vfide/node_modules/hardhat/src/internal/artifacts.ts:71:26)
      at getContractFactory (/workspaces/Vfide/node_modules/@nomicfoundation/hardhat-ethers/src/internal/helpers.ts:120:22)
      at Context.<anonymous> (/workspaces/Vfide/test/archive/coverage.finish.commerce.addMerchant.forceLeft.test.js:8:22)

  179) coverage.finish.commerce.addMerchant.forceRight - force noVault/lowScore arm
       forces noVault/lowScore and calls narrow helpers to hit right arms:
     HardhatError: HH700: Artifact for contract "VaultHubMock" not found. 
      at Artifacts._handleWrongArtifactForContractName (/workspaces/Vfide/node_modules/hardhat/src/internal/artifacts.ts:721:11)
      at Artifacts._getArtifactPathFromFiles (/workspaces/Vfide/node_modules/hardhat/src/internal/artifacts.ts:852:19)
      at Artifacts._getArtifactPath (/workspaces/Vfide/node_modules/hardhat/src/internal/artifacts.ts:516:21)
      at Artifacts.readArtifact (/workspaces/Vfide/node_modules/hardhat/src/internal/artifacts.ts:71:26)
      at getContractFactory (/workspaces/Vfide/node_modules/@nomicfoundation/hardhat-ethers/src/internal/helpers.ts:120:22)
      at Context.<anonymous> (/workspaces/Vfide/test/archive/coverage.finish.commerce.addMerchant.forceRight.test.js:8:22)

  180) coverage.finish.commerce.addMerchant.narrow - target lines 118/130
       targets addMerchant left/right and msg.sender vaultZero arms:
     HardhatError: HH700: Artifact for contract "VaultHubMock" not found. 
      at Artifacts._handleWrongArtifactForContractName (/workspaces/Vfide/node_modules/hardhat/src/internal/artifacts.ts:721:11)
      at Artifacts._getArtifactPathFromFiles (/workspaces/Vfide/node_modules/hardhat/src/internal/artifacts.ts:852:19)
      at Artifacts._getArtifactPath (/workspaces/Vfide/node_modules/hardhat/src/internal/artifacts.ts:516:21)
      at Artifacts.readArtifact (/workspaces/Vfide/node_modules/hardhat/src/internal/artifacts.ts:71:26)
      at getContractFactory (/workspaces/Vfide/node_modules/@nomicfoundation/hardhat-ethers/src/internal/helpers.ts:120:22)
      at Context.<anonymous> (/workspaces/Vfide/test/archive/coverage.finish.commerce.addMerchant.narrow.test.js:13:22)

  181) coverage.finish.commerce.addMerchant.narrow3
       targets addMerchant lines ~118 and ~130 including msg.sender variants and force flags:
     HardhatError: HH700: Artifact for contract "ERC20Mock" not found. 
      at Artifacts._handleWrongArtifactForContractName (/workspaces/Vfide/node_modules/hardhat/src/internal/artifacts.ts:721:11)
      at Artifacts._getArtifactPathFromFiles (/workspaces/Vfide/node_modules/hardhat/src/internal/artifacts.ts:852:19)
      at Artifacts._getArtifactPath (/workspaces/Vfide/node_modules/hardhat/src/internal/artifacts.ts:516:21)
      at Artifacts.readArtifact (/workspaces/Vfide/node_modules/hardhat/src/internal/artifacts.ts:71:26)
      at getContractFactory (/workspaces/Vfide/node_modules/@nomicfoundation/hardhat-ethers/src/internal/helpers.ts:120:22)
      at Context.<anonymous> (/workspaces/Vfide/test/archive/coverage.finish.commerce.addMerchant.narrow3.test.js:8:19)

  182) coverage.finish.commerce.addMerchant.narrow4
       registers one signer and uses a no-vault signer to flip left/right msg.sender arms:
     HardhatError: HH700: Artifact for contract "ERC20Mock" not found. 
      at Artifacts._handleWrongArtifactForContractName (/workspaces/Vfide/node_modules/hardhat/src/internal/artifacts.ts:721:11)
      at Artifacts._getArtifactPathFromFiles (/workspaces/Vfide/node_modules/hardhat/src/internal/artifacts.ts:852:19)
      at Artifacts._getArtifactPath (/workspaces/Vfide/node_modules/hardhat/src/internal/artifacts.ts:516:21)
      at Artifacts.readArtifact (/workspaces/Vfide/node_modules/hardhat/src/internal/artifacts.ts:71:26)
      at getContractFactory (/workspaces/Vfide/node_modules/@nomicfoundation/hardhat-ethers/src/internal/helpers.ts:120:22)
      at Context.<anonymous> (/workspaces/Vfide/test/archive/coverage.finish.commerce.addMerchant.narrow4.test.js:8:19)

  183) micro-orderings: addMerchant ordered sequences to hit index-specific arms
       runs a few ordered sequences that previously left index=0 uncovered:
     HardhatError: HH700: Artifact for contract "VaultHubMock" not found. 
      at Artifacts._handleWrongArtifactForContractName (/workspaces/Vfide/node_modules/hardhat/src/internal/artifacts.ts:721:11)
      at Artifacts._getArtifactPathFromFiles (/workspaces/Vfide/node_modules/hardhat/src/internal/artifacts.ts:852:19)
      at Artifacts._getArtifactPath (/workspaces/Vfide/node_modules/hardhat/src/internal/artifacts.ts:516:21)
      at Artifacts.readArtifact (/workspaces/Vfide/node_modules/hardhat/src/internal/artifacts.ts:71:26)
      at getContractFactory (/workspaces/Vfide/node_modules/@nomicfoundation/hardhat-ethers/src/internal/helpers.ts:120:22)
      at Context.<anonymous> (/workspaces/Vfide/test/archive/coverage.finish.commerce.addMerchant.orderings.test.js:9:22)

  184) coverage.finish.commerce.addMerchant.pinpoint - call exact line helpers
       exercises pinpoint helpers TEST_line118_*/TEST_line130_* and msg.sender variants:
     HardhatError: HH700: Artifact for contract "VaultHubMock" not found. 
      at Artifacts._handleWrongArtifactForContractName (/workspaces/Vfide/node_modules/hardhat/src/internal/artifacts.ts:721:11)
      at Artifacts._getArtifactPathFromFiles (/workspaces/Vfide/node_modules/hardhat/src/internal/artifacts.ts:852:19)
      at Artifacts._getArtifactPath (/workspaces/Vfide/node_modules/hardhat/src/internal/artifacts.ts:516:21)
      at Artifacts.readArtifact (/workspaces/Vfide/node_modules/hardhat/src/internal/artifacts.ts:71:26)
      at getContractFactory (/workspaces/Vfide/node_modules/@nomicfoundation/hardhat-ethers/src/internal/helpers.ts:120:22)
      at Context.<anonymous> (/workspaces/Vfide/test/archive/coverage.finish.commerce.addMerchant.pinpoint.test.js:8:22)

  185) coverage.finish.commerce.addMerchant - focused addMerchant helpers
       exercises addMerchant conditional arms via TEST helpers and msg.sender variants:
     HardhatError: HH700: Artifact for contract "VaultHubMock" not found. 
      at Artifacts._handleWrongArtifactForContractName (/workspaces/Vfide/node_modules/hardhat/src/internal/artifacts.ts:721:11)
      at Artifacts._getArtifactPathFromFiles (/workspaces/Vfide/node_modules/hardhat/src/internal/artifacts.ts:852:19)
      at Artifacts._getArtifactPath (/workspaces/Vfide/node_modules/hardhat/src/internal/artifacts.ts:516:21)
      at Artifacts.readArtifact (/workspaces/Vfide/node_modules/hardhat/src/internal/artifacts.ts:71:26)
      at getContractFactory (/workspaces/Vfide/node_modules/@nomicfoundation/hardhat-ethers/src/internal/helpers.ts:120:22)
      at Context.<anonymous> (/workspaces/Vfide/test/archive/coverage.finish.commerce.addMerchant.test.js:11:22)

  186) coverage.finish.commerce.exec.addMerchant - call addMerchant to exercise production branches
       calls addMerchant with registered, no-vault and low-score signers to exercise real branches:
     HardhatError: HH700: Artifact for contract "VaultHubMock" not found. 
      at Artifacts._handleWrongArtifactForContractName (/workspaces/Vfide/node_modules/hardhat/src/internal/artifacts.ts:721:11)
      at Artifacts._getArtifactPathFromFiles (/workspaces/Vfide/node_modules/hardhat/src/internal/artifacts.ts:852:19)
      at Artifacts._getArtifactPath (/workspaces/Vfide/node_modules/hardhat/src/internal/artifacts.ts:516:21)
      at Artifacts.readArtifact (/workspaces/Vfide/node_modules/hardhat/src/internal/artifacts.ts:71:26)
      at getContractFactory (/workspaces/Vfide/node_modules/@nomicfoundation/hardhat-ethers/src/internal/helpers.ts:120:22)
      at Context.<anonymous> (/workspaces/Vfide/test/archive/coverage.finish.commerce.exec.addMerchant.test.js:11:22)

  187) coverage.finish.commerce.stateful - stateful escrow and merchant flows
       creates merchant, opens/funds/resolve/refund/dispute/resolve flows and triggers refund/dispute thresholds:
     HardhatError: HH700: Artifact for contract "VaultHubMock" not found. 
      at Artifacts._handleWrongArtifactForContractName (/workspaces/Vfide/node_modules/hardhat/src/internal/artifacts.ts:721:11)
      at Artifacts._getArtifactPathFromFiles (/workspaces/Vfide/node_modules/hardhat/src/internal/artifacts.ts:852:19)
      at Artifacts._getArtifactPath (/workspaces/Vfide/node_modules/hardhat/src/internal/artifacts.ts:516:21)
      at Artifacts.readArtifact (/workspaces/Vfide/node_modules/hardhat/src/internal/artifacts.ts:71:26)
      at getContractFactory (/workspaces/Vfide/node_modules/@nomicfoundation/hardhat-ethers/src/internal/helpers.ts:120:22)
      at Context.<anonymous> (/workspaces/Vfide/test/archive/coverage.finish.commerce.stateful.test.js:11:22)

  188) coverage: targeted extra arms
       mocks: transferFrom allowance revert arms (GasDrainer & Reentering):
     HardhatError: HH700: Artifact for contract "GasDrainerERC20" not found. 
      at Artifacts._handleWrongArtifactForContractName (/workspaces/Vfide/node_modules/hardhat/src/internal/artifacts.ts:721:11)
      at Artifacts._getArtifactPathFromFiles (/workspaces/Vfide/node_modules/hardhat/src/internal/artifacts.ts:852:19)
      at Artifacts._getArtifactPath (/workspaces/Vfide/node_modules/hardhat/src/internal/artifacts.ts:516:21)
      at Artifacts.readArtifact (/workspaces/Vfide/node_modules/hardhat/src/internal/artifacts.ts:71:26)
      at getContractFactory (/workspaces/Vfide/node_modules/@nomicfoundation/hardhat-ethers/src/internal/helpers.ts:120:22)
      at Context.<anonymous> (/workspaces/Vfide/test/archive/coverage.finish.extra.test.js:9:17)

  189) coverage: targeted extra arms
       CommerceEscrow: refund/dispute caller permutations exercise NotAllowed and success paths:
     HardhatError: HH700: Artifact for contract "VaultHubMock" not found. 
      at Artifacts._handleWrongArtifactForContractName (/workspaces/Vfide/node_modules/hardhat/src/internal/artifacts.ts:721:11)
      at Artifacts._getArtifactPathFromFiles (/workspaces/Vfide/node_modules/hardhat/src/internal/artifacts.ts:852:19)
      at Artifacts._getArtifactPath (/workspaces/Vfide/node_modules/hardhat/src/internal/artifacts.ts:516:21)
      at Artifacts.readArtifact (/workspaces/Vfide/node_modules/hardhat/src/internal/artifacts.ts:71:26)
      at getContractFactory (/workspaces/Vfide/node_modules/@nomicfoundation/hardhat-ethers/src/internal/helpers.ts:120:22)
      at Context.<anonymous> (/workspaces/Vfide/test/archive/coverage.finish.extra.test.js:43:22)

  190) coverage: targeted extra arms
       Finance: onlyDAO and NotWhitelisted arms:
     HardhatError: HH700: Artifact for contract "LedgerMock" not found. 
      at Artifacts._handleWrongArtifactForContractName (/workspaces/Vfide/node_modules/hardhat/src/internal/artifacts.ts:721:11)
      at Artifacts._getArtifactPathFromFiles (/workspaces/Vfide/node_modules/hardhat/src/internal/artifacts.ts:852:19)
      at Artifacts._getArtifactPath (/workspaces/Vfide/node_modules/hardhat/src/internal/artifacts.ts:516:21)
      at Artifacts.readArtifact (/workspaces/Vfide/node_modules/hardhat/src/internal/artifacts.ts:71:26)
      at getContractFactory (/workspaces/Vfide/node_modules/@nomicfoundation/hardhat-ethers/src/internal/helpers.ts:120:22)
      at Context.<anonymous> (/workspaces/Vfide/test/archive/coverage.finish.extra.test.js:109:20)

  191) coverage.finish.extra10 - final pinpoint sweep
       MerchantRegistry extra helpers:
     HardhatError: HH700: Artifact for contract "VaultHubMock" not found. 
      at Artifacts._handleWrongArtifactForContractName (/workspaces/Vfide/node_modules/hardhat/src/internal/artifacts.ts:721:11)
      at Artifacts._getArtifactPathFromFiles (/workspaces/Vfide/node_modules/hardhat/src/internal/artifacts.ts:852:19)
      at Artifacts._getArtifactPath (/workspaces/Vfide/node_modules/hardhat/src/internal/artifacts.ts:516:21)
      at Artifacts.readArtifact (/workspaces/Vfide/node_modules/hardhat/src/internal/artifacts.ts:71:26)
      at getContractFactory (/workspaces/Vfide/node_modules/@nomicfoundation/hardhat-ethers/src/internal/helpers.ts:120:22)
      at Context.<anonymous> (/workspaces/Vfide/test/archive/coverage.finish.extra10.test.js:12:22)

  192) coverage.finish.extra10 - final pinpoint sweep
       StablecoinRegistry extra helpers:
     HardhatError: HH700: Artifact for contract "ERC20Mock" not found. 
      at Artifacts._handleWrongArtifactForContractName (/workspaces/Vfide/node_modules/hardhat/src/internal/artifacts.ts:721:11)
      at Artifacts._getArtifactPathFromFiles (/workspaces/Vfide/node_modules/hardhat/src/internal/artifacts.ts:852:19)
      at Artifacts._getArtifactPath (/workspaces/Vfide/node_modules/hardhat/src/internal/artifacts.ts:516:21)
      at Artifacts.readArtifact (/workspaces/Vfide/node_modules/hardhat/src/internal/artifacts.ts:71:26)
      at getContractFactory (/workspaces/Vfide/node_modules/@nomicfoundation/hardhat-ethers/src/internal/helpers.ts:120:22)
      at Context.<anonymous> (/workspaces/Vfide/test/archive/coverage.finish.extra10.test.js:31:19)

  193) coverage.finish.extra11 - escrow & treasury pinpoint helpers
       Escrow helpers and securityCheck:
     HardhatError: HH700: Artifact for contract "VaultHubMock" not found. 
      at Artifacts._handleWrongArtifactForContractName (/workspaces/Vfide/node_modules/hardhat/src/internal/artifacts.ts:721:11)
      at Artifacts._getArtifactPathFromFiles (/workspaces/Vfide/node_modules/hardhat/src/internal/artifacts.ts:852:19)
      at Artifacts._getArtifactPath (/workspaces/Vfide/node_modules/hardhat/src/internal/artifacts.ts:516:21)
      at Artifacts.readArtifact (/workspaces/Vfide/node_modules/hardhat/src/internal/artifacts.ts:71:26)
      at getContractFactory (/workspaces/Vfide/node_modules/@nomicfoundation/hardhat-ethers/src/internal/helpers.ts:120:22)
      at Context.<anonymous> (/workspaces/Vfide/test/archive/coverage.finish.extra11.test.js:12:22)

  194) coverage.finish.extra11 - escrow & treasury pinpoint helpers
       Treasury helpers:
     HardhatError: HH700: Artifact for contract "ERC20Mock" not found. 
      at Artifacts._handleWrongArtifactForContractName (/workspaces/Vfide/node_modules/hardhat/src/internal/artifacts.ts:721:11)
      at Artifacts._getArtifactPathFromFiles (/workspaces/Vfide/node_modules/hardhat/src/internal/artifacts.ts:852:19)
      at Artifacts._getArtifactPath (/workspaces/Vfide/node_modules/hardhat/src/internal/artifacts.ts:516:21)
      at Artifacts.readArtifact (/workspaces/Vfide/node_modules/hardhat/src/internal/artifacts.ts:71:26)
      at getContractFactory (/workspaces/Vfide/node_modules/@nomicfoundation/hardhat-ethers/src/internal/helpers.ts:120:22)
      at Context.<anonymous> (/workspaces/Vfide/test/archive/coverage.finish.extra11.test.js:36:19)

  195) coverage.finish.extra12 - pinpoint helper sweep (Commerce)
       MerchantRegistry pinpoint helpers and permutations:
     HardhatError: HH700: Artifact for contract "VaultHubMock" not found. 
      at Artifacts._handleWrongArtifactForContractName (/workspaces/Vfide/node_modules/hardhat/src/internal/artifacts.ts:721:11)
      at Artifacts._getArtifactPathFromFiles (/workspaces/Vfide/node_modules/hardhat/src/internal/artifacts.ts:852:19)
      at Artifacts._getArtifactPath (/workspaces/Vfide/node_modules/hardhat/src/internal/artifacts.ts:516:21)
      at Artifacts.readArtifact (/workspaces/Vfide/node_modules/hardhat/src/internal/artifacts.ts:71:26)
      at getContractFactory (/workspaces/Vfide/node_modules/@nomicfoundation/hardhat-ethers/src/internal/helpers.ts:120:22)
      at Context.<anonymous> (/workspaces/Vfide/test/archive/coverage.finish.extra12.test.js:12:22)

  196) coverage.finish.extra12 - pinpoint helper sweep (Commerce)
       Escrow pinpoint helpers exercise open/access arms:
     HardhatError: HH700: Artifact for contract "VaultHubMock" not found. 
      at Artifacts._handleWrongArtifactForContractName (/workspaces/Vfide/node_modules/hardhat/src/internal/artifacts.ts:721:11)
      at Artifacts._getArtifactPathFromFiles (/workspaces/Vfide/node_modules/hardhat/src/internal/artifacts.ts:852:19)
      at Artifacts._getArtifactPath (/workspaces/Vfide/node_modules/hardhat/src/internal/artifacts.ts:516:21)
      at Artifacts.readArtifact (/workspaces/Vfide/node_modules/hardhat/src/internal/artifacts.ts:71:26)
      at getContractFactory (/workspaces/Vfide/node_modules/@nomicfoundation/hardhat-ethers/src/internal/helpers.ts:120:22)
      at Context.<anonymous> (/workspaces/Vfide/test/archive/coverage.finish.extra12.test.js:64:22)

  197) coverage.finish.extra13 - additional Commerce pinpoint helpers
       covers extra MerchantRegistry combined branches:
     HardhatError: HH700: Artifact for contract "VaultHubMock" not found. 
      at Artifacts._handleWrongArtifactForContractName (/workspaces/Vfide/node_modules/hardhat/src/internal/artifacts.ts:721:11)
      at Artifacts._getArtifactPathFromFiles (/workspaces/Vfide/node_modules/hardhat/src/internal/artifacts.ts:852:19)
      at Artifacts._getArtifactPath (/workspaces/Vfide/node_modules/hardhat/src/internal/artifacts.ts:516:21)
      at Artifacts.readArtifact (/workspaces/Vfide/node_modules/hardhat/src/internal/artifacts.ts:71:26)
      at getContractFactory (/workspaces/Vfide/node_modules/@nomicfoundation/hardhat-ethers/src/internal/helpers.ts:120:22)
      at Context.<anonymous> (/workspaces/Vfide/test/archive/coverage.finish.extra13.test.js:12:22)

  198) coverage.finish.extra14 - Finance pinpoint helpers
       covers composite finance helper with permutations:
     HardhatError: HH700: Artifact for contract "LedgerMock" not found. 
      at Artifacts._handleWrongArtifactForContractName (/workspaces/Vfide/node_modules/hardhat/src/internal/artifacts.ts:721:11)
      at Artifacts._getArtifactPathFromFiles (/workspaces/Vfide/node_modules/hardhat/src/internal/artifacts.ts:852:19)
      at Artifacts._getArtifactPath (/workspaces/Vfide/node_modules/hardhat/src/internal/artifacts.ts:516:21)
      at Artifacts.readArtifact (/workspaces/Vfide/node_modules/hardhat/src/internal/artifacts.ts:71:26)
      at getContractFactory (/workspaces/Vfide/node_modules/@nomicfoundation/hardhat-ethers/src/internal/helpers.ts:120:22)
      at Context.<anonymous> (/workspaces/Vfide/test/archive/coverage.finish.extra14.test.js:12:20)

  199) coverage.finish.extra15 - stateful Commerce flows to flip branches
       creates merchant, triggers refund/dispute thresholds and escrow flows:
     HardhatError: HH700: Artifact for contract "VaultHubMock" not found. 
      at Artifacts._handleWrongArtifactForContractName (/workspaces/Vfide/node_modules/hardhat/src/internal/artifacts.ts:721:11)
      at Artifacts._getArtifactPathFromFiles (/workspaces/Vfide/node_modules/hardhat/src/internal/artifacts.ts:852:19)
      at Artifacts._getArtifactPath (/workspaces/Vfide/node_modules/hardhat/src/internal/artifacts.ts:516:21)
      at Artifacts.readArtifact (/workspaces/Vfide/node_modules/hardhat/src/internal/artifacts.ts:71:26)
      at getContractFactory (/workspaces/Vfide/node_modules/@nomicfoundation/hardhat-ethers/src/internal/helpers.ts:120:22)
      at Context.<anonymous> (/workspaces/Vfide/test/archive/coverage.finish.extra15.test.js:12:22)

  200) coverage.finish.extra16 - broad permutations to flip remaining arms
       sweeps many TEST helpers in Commerce and Finance:
     HardhatError: HH700: Artifact for contract "VaultHubMock" not found. 
      at Artifacts._handleWrongArtifactForContractName (/workspaces/Vfide/node_modules/hardhat/src/internal/artifacts.ts:721:11)
      at Artifacts._getArtifactPathFromFiles (/workspaces/Vfide/node_modules/hardhat/src/internal/artifacts.ts:852:19)
      at Artifacts._getArtifactPath (/workspaces/Vfide/node_modules/hardhat/src/internal/artifacts.ts:516:21)
      at Artifacts.readArtifact (/workspaces/Vfide/node_modules/hardhat/src/internal/artifacts.ts:71:26)
      at getContractFactory (/workspaces/Vfide/node_modules/@nomicfoundation/hardhat-ethers/src/internal/helpers.ts:120:22)
      at Context.<anonymous> (/workspaces/Vfide/test/archive/coverage.finish.extra16.test.js:12:22)

  201) coverage.finish.extra17 - pinpoint helpers for remaining Commerce arms
       exercises newly added TEST helpers in MerchantRegistry and CommerceEscrow:
     HardhatError: HH700: Artifact for contract "VaultHubMock" not found. 
      at Artifacts._handleWrongArtifactForContractName (/workspaces/Vfide/node_modules/hardhat/src/internal/artifacts.ts:721:11)
      at Artifacts._getArtifactPathFromFiles (/workspaces/Vfide/node_modules/hardhat/src/internal/artifacts.ts:852:19)
      at Artifacts._getArtifactPath (/workspaces/Vfide/node_modules/hardhat/src/internal/artifacts.ts:516:21)
      at Artifacts.readArtifact (/workspaces/Vfide/node_modules/hardhat/src/internal/artifacts.ts:71:26)
      at getContractFactory (/workspaces/Vfide/node_modules/@nomicfoundation/hardhat-ethers/src/internal/helpers.ts:120:22)
      at Context.<anonymous> (/workspaces/Vfide/test/archive/coverage.finish.extra17.test.js:12:22)

  202) coverage.finish.extra18 - targeted helpers to flip Commerce remaining arms
       calls pinpoint helpers with permutations to flip branch arms:
     HardhatError: HH700: Artifact for contract "VaultHubMock" not found. 
      at Artifacts._handleWrongArtifactForContractName (/workspaces/Vfide/node_modules/hardhat/src/internal/artifacts.ts:721:11)
      at Artifacts._getArtifactPathFromFiles (/workspaces/Vfide/node_modules/hardhat/src/internal/artifacts.ts:852:19)
      at Artifacts._getArtifactPath (/workspaces/Vfide/node_modules/hardhat/src/internal/artifacts.ts:516:21)
      at Artifacts.readArtifact (/workspaces/Vfide/node_modules/hardhat/src/internal/artifacts.ts:71:26)
      at getContractFactory (/workspaces/Vfide/node_modules/@nomicfoundation/hardhat-ethers/src/internal/helpers.ts:120:22)
      at Context.<anonymous> (/workspaces/Vfide/test/archive/coverage.finish.extra18.test.js:12:22)

  203) coverage.finish.extra19 - hotspot helpers for Commerce (300-410, 490-610)
       exercises hotspot helpers with permutations:
     HardhatError: HH700: Artifact for contract "VaultHubMock" not found. 
      at Artifacts._handleWrongArtifactForContractName (/workspaces/Vfide/node_modules/hardhat/src/internal/artifacts.ts:721:11)
      at Artifacts._getArtifactPathFromFiles (/workspaces/Vfide/node_modules/hardhat/src/internal/artifacts.ts:852:19)
      at Artifacts._getArtifactPath (/workspaces/Vfide/node_modules/hardhat/src/internal/artifacts.ts:516:21)
      at Artifacts.readArtifact (/workspaces/Vfide/node_modules/hardhat/src/internal/artifacts.ts:71:26)
      at getContractFactory (/workspaces/Vfide/node_modules/@nomicfoundation/hardhat-ethers/src/internal/helpers.ts:120:22)
      at Context.<anonymous> (/workspaces/Vfide/test/archive/coverage.finish.extra19.test.js:12:22)

  204) coverage.finish.extra2 - targeted branch hits
       MerchantRegistry: exercise addMerchant subexprs and force flags:
     HardhatError: HH700: Artifact for contract "VaultHubMock" not found. 
      at Artifacts._handleWrongArtifactForContractName (/workspaces/Vfide/node_modules/hardhat/src/internal/artifacts.ts:721:11)
      at Artifacts._getArtifactPathFromFiles (/workspaces/Vfide/node_modules/hardhat/src/internal/artifacts.ts:852:19)
      at Artifacts._getArtifactPath (/workspaces/Vfide/node_modules/hardhat/src/internal/artifacts.ts:516:21)
      at Artifacts.readArtifact (/workspaces/Vfide/node_modules/hardhat/src/internal/artifacts.ts:71:26)
      at getContractFactory (/workspaces/Vfide/node_modules/@nomicfoundation/hardhat-ethers/src/internal/helpers.ts:120:22)
      at Context.<anonymous> (/workspaces/Vfide/test/archive/coverage.finish.extra2.test.js:12:22)

  205) coverage.finish.extra2 - targeted branch hits
       Finance: decimals helper and deposit/send insufficient paths:
     HardhatError: HH700: Artifact for contract "ERC20ReturnFalse" not found. 
      at Artifacts._handleWrongArtifactForContractName (/workspaces/Vfide/node_modules/hardhat/src/internal/artifacts.ts:721:11)
      at Artifacts._getArtifactPathFromFiles (/workspaces/Vfide/node_modules/hardhat/src/internal/artifacts.ts:852:19)
      at Artifacts._getArtifactPath (/workspaces/Vfide/node_modules/hardhat/src/internal/artifacts.ts:516:21)
      at Artifacts.readArtifact (/workspaces/Vfide/node_modules/hardhat/src/internal/artifacts.ts:71:26)
      at getContractFactory (/workspaces/Vfide/node_modules/@nomicfoundation/hardhat-ethers/src/internal/helpers.ts:120:22)
      at Context.<anonymous> (/workspaces/Vfide/test/archive/coverage.finish.extra2.test.js:66:30)

  206) coverage.finish.extra20 - sweep all TEST helpers to flip remaining arms
       sweeps MR and CE TEST helpers broadly:
     HardhatError: HH700: Artifact for contract "VaultHubMock" not found. 
      at Artifacts._handleWrongArtifactForContractName (/workspaces/Vfide/node_modules/hardhat/src/internal/artifacts.ts:721:11)
      at Artifacts._getArtifactPathFromFiles (/workspaces/Vfide/node_modules/hardhat/src/internal/artifacts.ts:852:19)
      at Artifacts._getArtifactPath (/workspaces/Vfide/node_modules/hardhat/src/internal/artifacts.ts:516:21)
      at Artifacts.readArtifact (/workspaces/Vfide/node_modules/hardhat/src/internal/artifacts.ts:71:26)
      at getContractFactory (/workspaces/Vfide/node_modules/@nomicfoundation/hardhat-ethers/src/internal/helpers.ts:120:22)
      at Context.<anonymous> (/workspaces/Vfide/test/archive/coverage.finish.extra20.test.js:12:22)

  207) coverage.finish.extra21 - Finance sweep to flip remaining arms
       exercises StablecoinRegistry and EcoTreasuryVault TEST helpers:
     HardhatError: HH700: Artifact for contract "LedgerMock" not found. 
      at Artifacts._handleWrongArtifactForContractName (/workspaces/Vfide/node_modules/hardhat/src/internal/artifacts.ts:721:11)
      at Artifacts._getArtifactPathFromFiles (/workspaces/Vfide/node_modules/hardhat/src/internal/artifacts.ts:852:19)
      at Artifacts._getArtifactPath (/workspaces/Vfide/node_modules/hardhat/src/internal/artifacts.ts:516:21)
      at Artifacts.readArtifact (/workspaces/Vfide/node_modules/hardhat/src/internal/artifacts.ts:71:26)
      at getContractFactory (/workspaces/Vfide/node_modules/@nomicfoundation/hardhat-ethers/src/internal/helpers.ts:120:22)
      at Context.<anonymous> (/workspaces/Vfide/test/archive/coverage.finish.extra21.test.js:11:20)

  208) coverage.finish.extra22 - finance hotspot helper sweep
       calls TEST_cover_finance_more2 with permutations to flip branches:
     HardhatError: HH700: Artifact for contract "LedgerMock" not found. 
      at Artifacts._handleWrongArtifactForContractName (/workspaces/Vfide/node_modules/hardhat/src/internal/artifacts.ts:721:11)
      at Artifacts._getArtifactPathFromFiles (/workspaces/Vfide/node_modules/hardhat/src/internal/artifacts.ts:852:19)
      at Artifacts._getArtifactPath (/workspaces/Vfide/node_modules/hardhat/src/internal/artifacts.ts:516:21)
      at Artifacts.readArtifact (/workspaces/Vfide/node_modules/hardhat/src/internal/artifacts.ts:71:26)
      at getContractFactory (/workspaces/Vfide/node_modules/@nomicfoundation/hardhat-ethers/src/internal/helpers.ts:120:22)
      at Context.<anonymous> (/workspaces/Vfide/test/archive/coverage.finish.extra22.test.js:11:20)

  209) coverage.finish.extra23 - Commerce pinpoint near lines 118/130
       exercises TEST_cover_addMerchant_near118_130 and toggles flags:
     HardhatError: HH700: Artifact for contract "VaultHubMock" not found. 
      at Artifacts._handleWrongArtifactForContractName (/workspaces/Vfide/node_modules/hardhat/src/internal/artifacts.ts:721:11)
      at Artifacts._getArtifactPathFromFiles (/workspaces/Vfide/node_modules/hardhat/src/internal/artifacts.ts:852:19)
      at Artifacts._getArtifactPath (/workspaces/Vfide/node_modules/hardhat/src/internal/artifacts.ts:516:21)
      at Artifacts.readArtifact (/workspaces/Vfide/node_modules/hardhat/src/internal/artifacts.ts:71:26)
      at getContractFactory (/workspaces/Vfide/node_modules/@nomicfoundation/hardhat-ethers/src/internal/helpers.ts:120:22)
      at Context.<anonymous> (/workspaces/Vfide/test/archive/coverage.finish.extra23.test.js:11:22)

  210) coverage.finish.extra24 - Commerce region 250-300 helper
       calls TEST_cover_250_300_region with permutations to flip arms:
     HardhatError: HH700: Artifact for contract "VaultHubMock" not found. 
      at Artifacts._handleWrongArtifactForContractName (/workspaces/Vfide/node_modules/hardhat/src/internal/artifacts.ts:721:11)
      at Artifacts._getArtifactPathFromFiles (/workspaces/Vfide/node_modules/hardhat/src/internal/artifacts.ts:852:19)
      at Artifacts._getArtifactPath (/workspaces/Vfide/node_modules/hardhat/src/internal/artifacts.ts:516:21)
      at Artifacts.readArtifact (/workspaces/Vfide/node_modules/hardhat/src/internal/artifacts.ts:71:26)
      at getContractFactory (/workspaces/Vfide/node_modules/@nomicfoundation/hardhat-ethers/src/internal/helpers.ts:120:22)
      at Context.<anonymous> (/workspaces/Vfide/test/archive/coverage.finish.extra24.test.js:11:22)

  211) coverage.finish.extra25 - flip addMerchant and 250-300 region arms
       flips alreadyMerchant and vault/noVault arms and exercises 250-300 region:
     HardhatError: HH700: Artifact for contract "VaultHubMock" not found. 
      at Artifacts._handleWrongArtifactForContractName (/workspaces/Vfide/node_modules/hardhat/src/internal/artifacts.ts:721:11)
      at Artifacts._getArtifactPathFromFiles (/workspaces/Vfide/node_modules/hardhat/src/internal/artifacts.ts:852:19)
      at Artifacts._getArtifactPath (/workspaces/Vfide/node_modules/hardhat/src/internal/artifacts.ts:516:21)
      at Artifacts.readArtifact (/workspaces/Vfide/node_modules/hardhat/src/internal/artifacts.ts:71:26)
      at getContractFactory (/workspaces/Vfide/node_modules/@nomicfoundation/hardhat-ethers/src/internal/helpers.ts:120:22)
      at Context.<anonymous> (/workspaces/Vfide/test/archive/coverage.finish.extra25.test.js:11:22)

  212) coverage.finish.extra26 - msg.sender addMerchant helpers (line 118/130)
       calls msg.sender-based helpers to flip the exact addMerchant arms:
     HardhatError: HH700: Artifact for contract "VaultHubMock" not found. 
      at Artifacts._handleWrongArtifactForContractName (/workspaces/Vfide/node_modules/hardhat/src/internal/artifacts.ts:721:11)
      at Artifacts._getArtifactPathFromFiles (/workspaces/Vfide/node_modules/hardhat/src/internal/artifacts.ts:852:19)
      at Artifacts._getArtifactPath (/workspaces/Vfide/node_modules/hardhat/src/internal/artifacts.ts:516:21)
      at Artifacts.readArtifact (/workspaces/Vfide/node_modules/hardhat/src/internal/artifacts.ts:71:26)
      at getContractFactory (/workspaces/Vfide/node_modules/@nomicfoundation/hardhat-ethers/src/internal/helpers.ts:120:22)
      at Context.<anonymous> (/workspaces/Vfide/test/archive/coverage.finish.extra26.test.js:11:22)

  213) coverage.finish.extra27 - msg.sender vault helper (line 130)
       uses msg.sender vault helper to flip vaultZero arms:
     HardhatError: HH700: Artifact for contract "VaultHubMock" not found. 
      at Artifacts._handleWrongArtifactForContractName (/workspaces/Vfide/node_modules/hardhat/src/internal/artifacts.ts:721:11)
      at Artifacts._getArtifactPathFromFiles (/workspaces/Vfide/node_modules/hardhat/src/internal/artifacts.ts:852:19)
      at Artifacts._getArtifactPath (/workspaces/Vfide/node_modules/hardhat/src/internal/artifacts.ts:516:21)
      at Artifacts.readArtifact (/workspaces/Vfide/node_modules/hardhat/src/internal/artifacts.ts:71:26)
      at getContractFactory (/workspaces/Vfide/node_modules/@nomicfoundation/hardhat-ethers/src/internal/helpers.ts:120:22)
      at Context.<anonymous> (/workspaces/Vfide/test/archive/coverage.finish.extra27.test.js:11:22)

  214) coverage.finish.extra28 - mass 250-410 region tester
       calls TEST_cover_mass_250_410 with permutations to flip many arms:
     HardhatError: HH700: Artifact for contract "VaultHubMock" not found. 
      at Artifacts._handleWrongArtifactForContractName (/workspaces/Vfide/node_modules/hardhat/src/internal/artifacts.ts:721:11)
      at Artifacts._getArtifactPathFromFiles (/workspaces/Vfide/node_modules/hardhat/src/internal/artifacts.ts:852:19)
      at Artifacts._getArtifactPath (/workspaces/Vfide/node_modules/hardhat/src/internal/artifacts.ts:516:21)
      at Artifacts.readArtifact (/workspaces/Vfide/node_modules/hardhat/src/internal/artifacts.ts:71:26)
      at getContractFactory (/workspaces/Vfide/node_modules/@nomicfoundation/hardhat-ethers/src/internal/helpers.ts:120:22)
      at Context.<anonymous> (/workspaces/Vfide/test/archive/coverage.finish.extra28.test.js:11:22)

  215) coverage.finish.extra29 - addMerchant permutations
       exercises addMerchant conditional arms via TEST helpers:
     HardhatError: HH700: Artifact for contract "VaultHubMock" not found. 
      at Artifacts._handleWrongArtifactForContractName (/workspaces/Vfide/node_modules/hardhat/src/internal/artifacts.ts:721:11)
      at Artifacts._getArtifactPathFromFiles (/workspaces/Vfide/node_modules/hardhat/src/internal/artifacts.ts:852:19)
      at Artifacts._getArtifactPath (/workspaces/Vfide/node_modules/hardhat/src/internal/artifacts.ts:516:21)
      at Artifacts.readArtifact (/workspaces/Vfide/node_modules/hardhat/src/internal/artifacts.ts:71:26)
      at getContractFactory (/workspaces/Vfide/node_modules/@nomicfoundation/hardhat-ethers/src/internal/helpers.ts:120:22)
      at Context.<anonymous> (/workspaces/Vfide/test/archive/coverage.finish.extra29.test.js:11:22)

  216) coverage.finish.extra3 - final targeted branch hits
       MerchantRegistry: hit addMerchant already/noVault/lowScore arms:
     HardhatError: HH700: Artifact for contract "VaultHubMock" not found. 
      at Artifacts._handleWrongArtifactForContractName (/workspaces/Vfide/node_modules/hardhat/src/internal/artifacts.ts:721:11)
      at Artifacts._getArtifactPathFromFiles (/workspaces/Vfide/node_modules/hardhat/src/internal/artifacts.ts:852:19)
      at Artifacts._getArtifactPath (/workspaces/Vfide/node_modules/hardhat/src/internal/artifacts.ts:516:21)
      at Artifacts.readArtifact (/workspaces/Vfide/node_modules/hardhat/src/internal/artifacts.ts:71:26)
      at getContractFactory (/workspaces/Vfide/node_modules/@nomicfoundation/hardhat-ethers/src/internal/helpers.ts:120:22)
      at Context.<anonymous> (/workspaces/Vfide/test/archive/coverage.finish.extra3.test.js:12:22)

  217) coverage.finish.extra3 - final targeted branch hits
       MerchantRegistry: noteDispute zero-flag and CommerceEscrow access NotAllowed arms:
     HardhatError: HH700: Artifact for contract "VaultHubMock" not found. 
      at Artifacts._handleWrongArtifactForContractName (/workspaces/Vfide/node_modules/hardhat/src/internal/artifacts.ts:721:11)
      at Artifacts._getArtifactPathFromFiles (/workspaces/Vfide/node_modules/hardhat/src/internal/artifacts.ts:852:19)
      at Artifacts._getArtifactPath (/workspaces/Vfide/node_modules/hardhat/src/internal/artifacts.ts:516:21)
      at Artifacts.readArtifact (/workspaces/Vfide/node_modules/hardhat/src/internal/artifacts.ts:71:26)
      at getContractFactory (/workspaces/Vfide/node_modules/@nomicfoundation/hardhat-ethers/src/internal/helpers.ts:120:22)
      at Context.<anonymous> (/workspaces/Vfide/test/archive/coverage.finish.extra3.test.js:58:22)

  218) coverage.finish.extra3 - final targeted branch hits
       Finance: ledger revert try/catch and send zero/to checks:
     HardhatError: HH700: Artifact for contract "ERC20ReturnFalse" not found. 
      at Artifacts._handleWrongArtifactForContractName (/workspaces/Vfide/node_modules/hardhat/src/internal/artifacts.ts:721:11)
      at Artifacts._getArtifactPathFromFiles (/workspaces/Vfide/node_modules/hardhat/src/internal/artifacts.ts:852:19)
      at Artifacts._getArtifactPath (/workspaces/Vfide/node_modules/hardhat/src/internal/artifacts.ts:516:21)
      at Artifacts.readArtifact (/workspaces/Vfide/node_modules/hardhat/src/internal/artifacts.ts:71:26)
      at getContractFactory (/workspaces/Vfide/node_modules/@nomicfoundation/hardhat-ethers/src/internal/helpers.ts:120:22)
      at Context.<anonymous> (/workspaces/Vfide/test/archive/coverage.finish.extra3.test.js:102:30)

  219) coverage.finish.extra30 - escrow release/refund/dispute permutations
       opens/funds escrows and exercises allowed and not-allowed arms:
     HardhatError: HH700: Artifact for contract "VaultHubMock" not found. 
      at Artifacts._handleWrongArtifactForContractName (/workspaces/Vfide/node_modules/hardhat/src/internal/artifacts.ts:721:11)
      at Artifacts._getArtifactPathFromFiles (/workspaces/Vfide/node_modules/hardhat/src/internal/artifacts.ts:852:19)
      at Artifacts._getArtifactPath (/workspaces/Vfide/node_modules/hardhat/src/internal/artifacts.ts:516:21)
      at Artifacts.readArtifact (/workspaces/Vfide/node_modules/hardhat/src/internal/artifacts.ts:71:26)
      at getContractFactory (/workspaces/Vfide/node_modules/@nomicfoundation/hardhat-ethers/src/internal/helpers.ts:120:22)
      at Context.<anonymous> (/workspaces/Vfide/test/archive/coverage.finish.extra30.test.js:11:22)

  220) coverage.finish.extra31 - pinpoint addMerchant msg.sender arms
       toggles TEST flags and calls msg.sender helpers to flip arms:
     HardhatError: HH700: Artifact for contract "VaultHubMock" not found. 
      at Artifacts._handleWrongArtifactForContractName (/workspaces/Vfide/node_modules/hardhat/src/internal/artifacts.ts:721:11)
      at Artifacts._getArtifactPathFromFiles (/workspaces/Vfide/node_modules/hardhat/src/internal/artifacts.ts:852:19)
      at Artifacts._getArtifactPath (/workspaces/Vfide/node_modules/hardhat/src/internal/artifacts.ts:516:21)
      at Artifacts.readArtifact (/workspaces/Vfide/node_modules/hardhat/src/internal/artifacts.ts:71:26)
      at getContractFactory (/workspaces/Vfide/node_modules/@nomicfoundation/hardhat-ethers/src/internal/helpers.ts:120:22)
      at Context.<anonymous> (/workspaces/Vfide/test/archive/coverage.finish.extra31.test.js:11:22)

  221) coverage.finish.extra32 - mass coverage 250-410 region
       calls mass and region helpers with permutations to flip arms:
     HardhatError: HH700: Artifact for contract "VaultHubMock" not found. 
      at Artifacts._handleWrongArtifactForContractName (/workspaces/Vfide/node_modules/hardhat/src/internal/artifacts.ts:721:11)
      at Artifacts._getArtifactPathFromFiles (/workspaces/Vfide/node_modules/hardhat/src/internal/artifacts.ts:852:19)
      at Artifacts._getArtifactPath (/workspaces/Vfide/node_modules/hardhat/src/internal/artifacts.ts:516:21)
      at Artifacts.readArtifact (/workspaces/Vfide/node_modules/hardhat/src/internal/artifacts.ts:71:26)
      at getContractFactory (/workspaces/Vfide/node_modules/@nomicfoundation/hardhat-ethers/src/internal/helpers.ts:120:22)
      at Context.<anonymous> (/workspaces/Vfide/test/archive/coverage.finish.extra32.test.js:11:22)

  222) coverage.finish.extra33 - extended permutations for 300-410 hotspots
       exercises many hotspot helpers with permutations:
     HardhatError: HH700: Artifact for contract "VaultHubMock" not found. 
      at Artifacts._handleWrongArtifactForContractName (/workspaces/Vfide/node_modules/hardhat/src/internal/artifacts.ts:721:11)
      at Artifacts._getArtifactPathFromFiles (/workspaces/Vfide/node_modules/hardhat/src/internal/artifacts.ts:852:19)
      at Artifacts._getArtifactPath (/workspaces/Vfide/node_modules/hardhat/src/internal/artifacts.ts:516:21)
      at Artifacts.readArtifact (/workspaces/Vfide/node_modules/hardhat/src/internal/artifacts.ts:71:26)
      at getContractFactory (/workspaces/Vfide/node_modules/@nomicfoundation/hardhat-ethers/src/internal/helpers.ts:120:22)
      at Context.<anonymous> (/workspaces/Vfide/test/archive/coverage.finish.extra33.test.js:11:22)

  223) coverage.finish.extra34 - broad sweep of TEST helpers
       calls a broad set of TEST helpers to flip remaining arms:
     HardhatError: HH700: Artifact for contract "VaultHubMock" not found. 
      at Artifacts._handleWrongArtifactForContractName (/workspaces/Vfide/node_modules/hardhat/src/internal/artifacts.ts:721:11)
      at Artifacts._getArtifactPathFromFiles (/workspaces/Vfide/node_modules/hardhat/src/internal/artifacts.ts:852:19)
      at Artifacts._getArtifactPath (/workspaces/Vfide/node_modules/hardhat/src/internal/artifacts.ts:516:21)
      at Artifacts.readArtifact (/workspaces/Vfide/node_modules/hardhat/src/internal/artifacts.ts:71:26)
      at getContractFactory (/workspaces/Vfide/node_modules/@nomicfoundation/hardhat-ethers/src/internal/helpers.ts:120:22)
      at Context.<anonymous> (/workspaces/Vfide/test/archive/coverage.finish.extra34.test.js:11:22)

  224) coverage.finish.extra4 - TEST-only helpers exercise
       Commerce: use TEST_exercise_addMerchant_checks to flip arms:
     HardhatError: HH700: Artifact for contract "VaultHubMock" not found. 
      at Artifacts._handleWrongArtifactForContractName (/workspaces/Vfide/node_modules/hardhat/src/internal/artifacts.ts:721:11)
      at Artifacts._getArtifactPathFromFiles (/workspaces/Vfide/node_modules/hardhat/src/internal/artifacts.ts:852:19)
      at Artifacts._getArtifactPath (/workspaces/Vfide/node_modules/hardhat/src/internal/artifacts.ts:516:21)
      at Artifacts.readArtifact (/workspaces/Vfide/node_modules/hardhat/src/internal/artifacts.ts:71:26)
      at getContractFactory (/workspaces/Vfide/node_modules/@nomicfoundation/hardhat-ethers/src/internal/helpers.ts:120:22)
      at Context.<anonymous> (/workspaces/Vfide/test/archive/coverage.finish.extra4.test.js:12:22)

  225) coverage.finish.extra4 - TEST-only helpers exercise
       Finance: use TEST_exercise_decimals_try and TEST_exercise_deposit_send_checks:
     HardhatError: HH700: Artifact for contract "ERC20Mock" not found. 
      at Artifacts._handleWrongArtifactForContractName (/workspaces/Vfide/node_modules/hardhat/src/internal/artifacts.ts:721:11)
      at Artifacts._getArtifactPathFromFiles (/workspaces/Vfide/node_modules/hardhat/src/internal/artifacts.ts:852:19)
      at Artifacts._getArtifactPath (/workspaces/Vfide/node_modules/hardhat/src/internal/artifacts.ts:516:21)
      at Artifacts.readArtifact (/workspaces/Vfide/node_modules/hardhat/src/internal/artifacts.ts:71:26)
      at getContractFactory (/workspaces/Vfide/node_modules/@nomicfoundation/hardhat-ethers/src/internal/helpers.ts:120:22)
      at Context.<anonymous> (/workspaces/Vfide/test/archive/coverage.finish.extra4.test.js:55:19)

  226) coverage.finish.extra5 - target remaining branch arms
       Commerce: hit addMerchant and noteRefund/noteDispute arms:
     HardhatError: HH700: Artifact for contract "VaultHubMock" not found. 
      at Artifacts._handleWrongArtifactForContractName (/workspaces/Vfide/node_modules/hardhat/src/internal/artifacts.ts:721:11)
      at Artifacts._getArtifactPathFromFiles (/workspaces/Vfide/node_modules/hardhat/src/internal/artifacts.ts:852:19)
      at Artifacts._getArtifactPath (/workspaces/Vfide/node_modules/hardhat/src/internal/artifacts.ts:516:21)
      at Artifacts.readArtifact (/workspaces/Vfide/node_modules/hardhat/src/internal/artifacts.ts:71:26)
      at getContractFactory (/workspaces/Vfide/node_modules/@nomicfoundation/hardhat-ethers/src/internal/helpers.ts:120:22)
      at Context.<anonymous> (/workspaces/Vfide/test/archive/coverage.finish.extra5.test.js:12:22)

  227) coverage.finish.extra5 - target remaining branch arms
       Finance: exercise decimals fallback and deposit/send failure arms:
     HardhatError: HH700: Artifact for contract "ERC20Mock" not found. 
      at Artifacts._handleWrongArtifactForContractName (/workspaces/Vfide/node_modules/hardhat/src/internal/artifacts.ts:721:11)
      at Artifacts._getArtifactPathFromFiles (/workspaces/Vfide/node_modules/hardhat/src/internal/artifacts.ts:852:19)
      at Artifacts._getArtifactPath (/workspaces/Vfide/node_modules/hardhat/src/internal/artifacts.ts:516:21)
      at Artifacts.readArtifact (/workspaces/Vfide/node_modules/hardhat/src/internal/artifacts.ts:71:26)
      at getContractFactory (/workspaces/Vfide/node_modules/@nomicfoundation/hardhat-ethers/src/internal/helpers.ts:120:22)
      at Context.<anonymous> (/workspaces/Vfide/test/archive/coverage.finish.extra5.test.js:77:19)

  228) coverage.finish.extra5 - target remaining branch arms
       Call new contracts-min TEST_cover helpers to exercise remaining arms:
     HardhatError: HH700: Artifact for contract "MerchantRegistry" not found. 
      at Artifacts._handleWrongArtifactForContractName (/workspaces/Vfide/node_modules/hardhat/src/internal/artifacts.ts:721:11)
      at Artifacts._getArtifactPathFromFiles (/workspaces/Vfide/node_modules/hardhat/src/internal/artifacts.ts:852:19)
      at Artifacts._getArtifactPath (/workspaces/Vfide/node_modules/hardhat/src/internal/artifacts.ts:516:21)
      at Artifacts.readArtifact (/workspaces/Vfide/node_modules/hardhat/src/internal/artifacts.ts:71:26)
      at getContractFactory (/workspaces/Vfide/node_modules/@nomicfoundation/hardhat-ethers/src/internal/helpers.ts:120:22)
      at Context.<anonymous> (/workspaces/Vfide/test/archive/coverage.finish.extra5.test.js:129:16)

  229) coverage.finish.extra6 - exercise explicit if/else helpers permutations
       Commerce: call TEST_exec_addMerchant_ifvariants with permutations:
     HardhatError: HH700: Artifact for contract "VaultHubMock" not found. 
      at Artifacts._handleWrongArtifactForContractName (/workspaces/Vfide/node_modules/hardhat/src/internal/artifacts.ts:721:11)
      at Artifacts._getArtifactPathFromFiles (/workspaces/Vfide/node_modules/hardhat/src/internal/artifacts.ts:852:19)
      at Artifacts._getArtifactPath (/workspaces/Vfide/node_modules/hardhat/src/internal/artifacts.ts:516:21)
      at Artifacts.readArtifact (/workspaces/Vfide/node_modules/hardhat/src/internal/artifacts.ts:71:26)
      at getContractFactory (/workspaces/Vfide/node_modules/@nomicfoundation/hardhat-ethers/src/internal/helpers.ts:120:22)
      at Context.<anonymous> (/workspaces/Vfide/test/archive/coverage.finish.extra6.test.js:12:22)

  230) coverage.finish.extra6 - exercise explicit if/else helpers permutations
       CommerceEscrow: exercise TEST_exec_open_ifvariants and access masks:
     HardhatError: HH700: Artifact for contract "VaultHubMock" not found. 
      at Artifacts._handleWrongArtifactForContractName (/workspaces/Vfide/node_modules/hardhat/src/internal/artifacts.ts:721:11)
      at Artifacts._getArtifactPathFromFiles (/workspaces/Vfide/node_modules/hardhat/src/internal/artifacts.ts:852:19)
      at Artifacts._getArtifactPath (/workspaces/Vfide/node_modules/hardhat/src/internal/artifacts.ts:516:21)
      at Artifacts.readArtifact (/workspaces/Vfide/node_modules/hardhat/src/internal/artifacts.ts:71:26)
      at getContractFactory (/workspaces/Vfide/node_modules/@nomicfoundation/hardhat-ethers/src/internal/helpers.ts:120:22)
      at Context.<anonymous> (/workspaces/Vfide/test/archive/coverage.finish.extra6.test.js:40:22)

  231) coverage.finish.extra6 - exercise explicit if/else helpers permutations
       Finance: call TEST_exec_decimals_and_tx_ifvariants permutations:
     HardhatError: HH700: Artifact for contract "ERC20Mock" not found. 
      at Artifacts._handleWrongArtifactForContractName (/workspaces/Vfide/node_modules/hardhat/src/internal/artifacts.ts:721:11)
      at Artifacts._getArtifactPathFromFiles (/workspaces/Vfide/node_modules/hardhat/src/internal/artifacts.ts:852:19)
      at Artifacts._getArtifactPath (/workspaces/Vfide/node_modules/hardhat/src/internal/artifacts.ts:516:21)
      at Artifacts.readArtifact (/workspaces/Vfide/node_modules/hardhat/src/internal/artifacts.ts:71:26)
      at getContractFactory (/workspaces/Vfide/node_modules/@nomicfoundation/hardhat-ethers/src/internal/helpers.ts:120:22)
      at Context.<anonymous> (/workspaces/Vfide/test/archive/coverage.finish.extra6.test.js:82:19)

  232) coverage.finish.extra7 - extra permutations and signer variations
       MerchantRegistry: toggle flags and call if-helpers with different signers:
     HardhatError: HH700: Artifact for contract "VaultHubMock" not found. 
      at Artifacts._handleWrongArtifactForContractName (/workspaces/Vfide/node_modules/hardhat/src/internal/artifacts.ts:721:11)
      at Artifacts._getArtifactPathFromFiles (/workspaces/Vfide/node_modules/hardhat/src/internal/artifacts.ts:852:19)
      at Artifacts._getArtifactPath (/workspaces/Vfide/node_modules/hardhat/src/internal/artifacts.ts:516:21)
      at Artifacts.readArtifact (/workspaces/Vfide/node_modules/hardhat/src/internal/artifacts.ts:71:26)
      at getContractFactory (/workspaces/Vfide/node_modules/@nomicfoundation/hardhat-ethers/src/internal/helpers.ts:120:22)
      at Context.<anonymous> (/workspaces/Vfide/test/archive/coverage.finish.extra7.test.js:12:22)

  233) coverage.finish.extra7 - extra permutations and signer variations
       CommerceEscrow: call access helpers from different callers to flip arms:
     HardhatError: HH700: Artifact for contract "VaultHubMock" not found. 
      at Artifacts._handleWrongArtifactForContractName (/workspaces/Vfide/node_modules/hardhat/src/internal/artifacts.ts:721:11)
      at Artifacts._getArtifactPathFromFiles (/workspaces/Vfide/node_modules/hardhat/src/internal/artifacts.ts:852:19)
      at Artifacts._getArtifactPath (/workspaces/Vfide/node_modules/hardhat/src/internal/artifacts.ts:516:21)
      at Artifacts.readArtifact (/workspaces/Vfide/node_modules/hardhat/src/internal/artifacts.ts:71:26)
      at getContractFactory (/workspaces/Vfide/node_modules/@nomicfoundation/hardhat-ethers/src/internal/helpers.ts:120:22)
      at Context.<anonymous> (/workspaces/Vfide/test/archive/coverage.finish.extra7.test.js:58:22)

  234) coverage.finish.extra7 - extra permutations and signer variations
       Finance: flip whitelist and zero-amount arms for StablecoinRegistry and EcoTreasury:
     HardhatError: HH700: Artifact for contract "ERC20Mock" not found. 
      at Artifacts._handleWrongArtifactForContractName (/workspaces/Vfide/node_modules/hardhat/src/internal/artifacts.ts:721:11)
      at Artifacts._getArtifactPathFromFiles (/workspaces/Vfide/node_modules/hardhat/src/internal/artifacts.ts:852:19)
      at Artifacts._getArtifactPath (/workspaces/Vfide/node_modules/hardhat/src/internal/artifacts.ts:516:21)
      at Artifacts.readArtifact (/workspaces/Vfide/node_modules/hardhat/src/internal/artifacts.ts:71:26)
      at getContractFactory (/workspaces/Vfide/node_modules/@nomicfoundation/hardhat-ethers/src/internal/helpers.ts:120:22)
      at Context.<anonymous> (/workspaces/Vfide/test/archive/coverage.finish.extra7.test.js:99:19)

  235) coverage.finish.extra8 - broader sweep for remaining arms
       MerchantRegistry/Commerce: sweep permutations and signer-varied calls:
     HardhatError: HH700: Artifact for contract "VaultHubMock" not found. 
      at Artifacts._handleWrongArtifactForContractName (/workspaces/Vfide/node_modules/hardhat/src/internal/artifacts.ts:721:11)
      at Artifacts._getArtifactPathFromFiles (/workspaces/Vfide/node_modules/hardhat/src/internal/artifacts.ts:852:19)
      at Artifacts._getArtifactPath (/workspaces/Vfide/node_modules/hardhat/src/internal/artifacts.ts:516:21)
      at Artifacts.readArtifact (/workspaces/Vfide/node_modules/hardhat/src/internal/artifacts.ts:71:26)
      at getContractFactory (/workspaces/Vfide/node_modules/@nomicfoundation/hardhat-ethers/src/internal/helpers.ts:120:22)
      at Context.<anonymous> (/workspaces/Vfide/test/archive/coverage.finish.extra8.test.js:12:22)

  236) coverage.finish.extra8 - broader sweep for remaining arms
       CommerceEscrow: force buyerVault zero and access masks with different ids:
     HardhatError: HH700: Artifact for contract "VaultHubMock" not found. 
      at Artifacts._handleWrongArtifactForContractName (/workspaces/Vfide/node_modules/hardhat/src/internal/artifacts.ts:721:11)
      at Artifacts._getArtifactPathFromFiles (/workspaces/Vfide/node_modules/hardhat/src/internal/artifacts.ts:852:19)
      at Artifacts._getArtifactPath (/workspaces/Vfide/node_modules/hardhat/src/internal/artifacts.ts:516:21)
      at Artifacts.readArtifact (/workspaces/Vfide/node_modules/hardhat/src/internal/artifacts.ts:71:26)
      at getContractFactory (/workspaces/Vfide/node_modules/@nomicfoundation/hardhat-ethers/src/internal/helpers.ts:120:22)
      at Context.<anonymous> (/workspaces/Vfide/test/archive/coverage.finish.extra8.test.js:57:22)

  237) coverage.finish.extra8 - broader sweep for remaining arms
       Finance: additional permutations on decimals/send/deposit helpers:
     HardhatError: HH700: Artifact for contract "ERC20Mock" not found. 
      at Artifacts._handleWrongArtifactForContractName (/workspaces/Vfide/node_modules/hardhat/src/internal/artifacts.ts:721:11)
      at Artifacts._getArtifactPathFromFiles (/workspaces/Vfide/node_modules/hardhat/src/internal/artifacts.ts:852:19)
      at Artifacts._getArtifactPath (/workspaces/Vfide/node_modules/hardhat/src/internal/artifacts.ts:516:21)
      at Artifacts.readArtifact (/workspaces/Vfide/node_modules/hardhat/src/internal/artifacts.ts:71:26)
      at getContractFactory (/workspaces/Vfide/node_modules/@nomicfoundation/hardhat-ethers/src/internal/helpers.ts:120:22)
      at Context.<anonymous> (/workspaces/Vfide/test/archive/coverage.finish.extra8.test.js:103:19)

  238) coverage.finish.extra9 - pinpoint helpers to flip last arms
       MerchantRegistry pinpoint helpers:
     HardhatError: HH700: Artifact for contract "VaultHubMock" not found. 
      at Artifacts._handleWrongArtifactForContractName (/workspaces/Vfide/node_modules/hardhat/src/internal/artifacts.ts:721:11)
      at Artifacts._getArtifactPathFromFiles (/workspaces/Vfide/node_modules/hardhat/src/internal/artifacts.ts:852:19)
      at Artifacts._getArtifactPath (/workspaces/Vfide/node_modules/hardhat/src/internal/artifacts.ts:516:21)
      at Artifacts.readArtifact (/workspaces/Vfide/node_modules/hardhat/src/internal/artifacts.ts:71:26)
      at getContractFactory (/workspaces/Vfide/node_modules/@nomicfoundation/hardhat-ethers/src/internal/helpers.ts:120:22)
      at Context.<anonymous> (/workspaces/Vfide/test/archive/coverage.finish.extra9.test.js:12:22)

  239) coverage.finish.extra9 - pinpoint helpers to flip last arms
       Finance pinpoint helpers:
     HardhatError: HH700: Artifact for contract "ERC20Mock" not found. 
      at Artifacts._handleWrongArtifactForContractName (/workspaces/Vfide/node_modules/hardhat/src/internal/artifacts.ts:721:11)
      at Artifacts._getArtifactPathFromFiles (/workspaces/Vfide/node_modules/hardhat/src/internal/artifacts.ts:852:19)
      at Artifacts._getArtifactPath (/workspaces/Vfide/node_modules/hardhat/src/internal/artifacts.ts:516:21)
      at Artifacts.readArtifact (/workspaces/Vfide/node_modules/hardhat/src/internal/artifacts.ts:71:26)
      at getContractFactory (/workspaces/Vfide/node_modules/@nomicfoundation/hardhat-ethers/src/internal/helpers.ts:120:22)
      at Context.<anonymous> (/workspaces/Vfide/test/archive/coverage.finish.extra9.test.js:40:19)

  240) bruteforce: finance send/decimals permutations to flip stubborn arms (~399)
       runs many ordered combinations of send/mint/toggles/helpers to hit missing branch nodes:
     HardhatError: HH700: Artifact for contract "ERC20Mock" not found. 
      at Artifacts._handleWrongArtifactForContractName (/workspaces/Vfide/node_modules/hardhat/src/internal/artifacts.ts:721:11)
      at Artifacts._getArtifactPathFromFiles (/workspaces/Vfide/node_modules/hardhat/src/internal/artifacts.ts:852:19)
      at Artifacts._getArtifactPath (/workspaces/Vfide/node_modules/hardhat/src/internal/artifacts.ts:516:21)
      at Artifacts.readArtifact (/workspaces/Vfide/node_modules/hardhat/src/internal/artifacts.ts:71:26)
      at getContractFactory (/workspaces/Vfide/node_modules/@nomicfoundation/hardhat-ethers/src/internal/helpers.ts:120:22)
      at Context.<anonymous> (/workspaces/Vfide/test/archive/coverage.finish.finance.399.bruteforce.test.js:9:19)

  241) coverage.finish.finance.399.exhaustive - exhaustive permutations to flip finance arms
       runs permutations over decimals/staticcall, whitelist, zero-amount and token-zero checks:
     HardhatError: HH700: Artifact for contract "ERC20Mock" not found. 
      at Artifacts._handleWrongArtifactForContractName (/workspaces/Vfide/node_modules/hardhat/src/internal/artifacts.ts:721:11)
      at Artifacts._getArtifactPathFromFiles (/workspaces/Vfide/node_modules/hardhat/src/internal/artifacts.ts:852:19)
      at Artifacts._getArtifactPath (/workspaces/Vfide/node_modules/hardhat/src/internal/artifacts.ts:516:21)
      at Artifacts.readArtifact (/workspaces/Vfide/node_modules/hardhat/src/internal/artifacts.ts:71:26)
      at getContractFactory (/workspaces/Vfide/node_modules/@nomicfoundation/hardhat-ethers/src/internal/helpers.ts:120:22)
      at Context.<anonymous> (/workspaces/Vfide/test/archive/coverage.finish.finance.399.exhaustive.test.js:11:19)

  242) micro: finance line ~399 deterministic sweep
       calls EcoTreasuryVault.send and StablecoinRegistry helpers in ordered permutations to flip specific arms:
     HardhatError: HH700: Artifact for contract "ERC20Mock" not found. 
      at Artifacts._handleWrongArtifactForContractName (/workspaces/Vfide/node_modules/hardhat/src/internal/artifacts.ts:721:11)
      at Artifacts._getArtifactPathFromFiles (/workspaces/Vfide/node_modules/hardhat/src/internal/artifacts.ts:852:19)
      at Artifacts._getArtifactPath (/workspaces/Vfide/node_modules/hardhat/src/internal/artifacts.ts:516:21)
      at Artifacts.readArtifact (/workspaces/Vfide/node_modules/hardhat/src/internal/artifacts.ts:71:26)
      at getContractFactory (/workspaces/Vfide/node_modules/@nomicfoundation/hardhat-ethers/src/internal/helpers.ts:120:22)
      at Context.<anonymous> (/workspaces/Vfide/test/archive/coverage.finish.finance.399.micro.test.js:9:19)

  243) coverage.finish.finance.399.narrow - decimals and deposit/send guard branches
       exercises decimals staticcall success/fail and deposit/send checks:
     HardhatError: HH700: Artifact for contract "ERC20Mock" not found. 
      at Artifacts._handleWrongArtifactForContractName (/workspaces/Vfide/node_modules/hardhat/src/internal/artifacts.ts:721:11)
      at Artifacts._getArtifactPathFromFiles (/workspaces/Vfide/node_modules/hardhat/src/internal/artifacts.ts:852:19)
      at Artifacts._getArtifactPath (/workspaces/Vfide/node_modules/hardhat/src/internal/artifacts.ts:516:21)
      at Artifacts.readArtifact (/workspaces/Vfide/node_modules/hardhat/src/internal/artifacts.ts:71:26)
      at getContractFactory (/workspaces/Vfide/node_modules/@nomicfoundation/hardhat-ethers/src/internal/helpers.ts:120:22)
      at Context.<anonymous> (/workspaces/Vfide/test/archive/coverage.finish.finance.399.narrow.test.js:11:19)

  244) micro-orderings: finance ordered sequences to target index-specific arms (~399)
       runs a few ordered sequences of send/mint/toggles to exercise send branches:
     HardhatError: HH700: Artifact for contract "ERC20Mock" not found. 
      at Artifacts._handleWrongArtifactForContractName (/workspaces/Vfide/node_modules/hardhat/src/internal/artifacts.ts:721:11)
      at Artifacts._getArtifactPathFromFiles (/workspaces/Vfide/node_modules/hardhat/src/internal/artifacts.ts:852:19)
      at Artifacts._getArtifactPath (/workspaces/Vfide/node_modules/hardhat/src/internal/artifacts.ts:516:21)
      at Artifacts.readArtifact (/workspaces/Vfide/node_modules/hardhat/src/internal/artifacts.ts:71:26)
      at getContractFactory (/workspaces/Vfide/node_modules/@nomicfoundation/hardhat-ethers/src/internal/helpers.ts:120:22)
      at Context.<anonymous> (/workspaces/Vfide/test/archive/coverage.finish.finance.399.orderings.test.js:9:19)

  245) sequence: finance send/decimals ordered-call sweep (~399)
       runs ordered sequences of decimals helpers and send() permutations to hit missing branch indexes:
     HardhatError: HH700: Artifact for contract "ERC20Mock" not found. 
      at Artifacts._handleWrongArtifactForContractName (/workspaces/Vfide/node_modules/hardhat/src/internal/artifacts.ts:721:11)
      at Artifacts._getArtifactPathFromFiles (/workspaces/Vfide/node_modules/hardhat/src/internal/artifacts.ts:852:19)
      at Artifacts._getArtifactPath (/workspaces/Vfide/node_modules/hardhat/src/internal/artifacts.ts:516:21)
      at Artifacts.readArtifact (/workspaces/Vfide/node_modules/hardhat/src/internal/artifacts.ts:71:26)
      at getContractFactory (/workspaces/Vfide/node_modules/@nomicfoundation/hardhat-ethers/src/internal/helpers.ts:120:22)
      at Context.<anonymous> (/workspaces/Vfide/test/archive/coverage.finish.finance.399.sequence.test.js:9:19)

  246) coverage.finish.finance.399 - focused finance hotspot
       exercises finance branches including decimals staticcall fallback and send/deposit guards:
     HardhatError: HH700: Artifact for contract "LedgerMock" not found. 
      at Artifacts._handleWrongArtifactForContractName (/workspaces/Vfide/node_modules/hardhat/src/internal/artifacts.ts:721:11)
      at Artifacts._getArtifactPathFromFiles (/workspaces/Vfide/node_modules/hardhat/src/internal/artifacts.ts:852:19)
      at Artifacts._getArtifactPath (/workspaces/Vfide/node_modules/hardhat/src/internal/artifacts.ts:516:21)
      at Artifacts.readArtifact (/workspaces/Vfide/node_modules/hardhat/src/internal/artifacts.ts:71:26)
      at getContractFactory (/workspaces/Vfide/node_modules/@nomicfoundation/hardhat-ethers/src/internal/helpers.ts:120:22)
      at Context.<anonymous> (/workspaces/Vfide/test/archive/coverage.finish.finance.399.test.js:11:20)

  247) coverage.finish.finance.send.exec - call EcoTreasuryVault.send to execute branches
       executes send() with token zero, zero amount, not-whitelisted and success paths:
     HardhatError: HH700: Artifact for contract "ERC20Mock" not found. 
      at Artifacts._handleWrongArtifactForContractName (/workspaces/Vfide/node_modules/hardhat/src/internal/artifacts.ts:721:11)
      at Artifacts._getArtifactPathFromFiles (/workspaces/Vfide/node_modules/hardhat/src/internal/artifacts.ts:852:19)
      at Artifacts._getArtifactPath (/workspaces/Vfide/node_modules/hardhat/src/internal/artifacts.ts:516:21)
      at Artifacts.readArtifact (/workspaces/Vfide/node_modules/hardhat/src/internal/artifacts.ts:71:26)
      at getContractFactory (/workspaces/Vfide/node_modules/@nomicfoundation/hardhat-ethers/src/internal/helpers.ts:120:22)
      at Context.<anonymous> (/workspaces/Vfide/test/archive/coverage.finish.finance.send.exec.test.js:11:19)

  248) Commerce Bruteforce: Lines 664, 871, 964 Exhaustive
       "before all" hook in "Commerce Bruteforce: Lines 664, 871, 964 Exhaustive":
     HardhatError: HH700: Artifact for contract "VaultHubMock" not found. 
      at Artifacts._handleWrongArtifactForContractName (/workspaces/Vfide/node_modules/hardhat/src/internal/artifacts.ts:721:11)
      at Artifacts._getArtifactPathFromFiles (/workspaces/Vfide/node_modules/hardhat/src/internal/artifacts.ts:852:19)
      at Artifacts._getArtifactPath (/workspaces/Vfide/node_modules/hardhat/src/internal/artifacts.ts:516:21)
      at Artifacts.readArtifact (/workspaces/Vfide/node_modules/hardhat/src/internal/artifacts.ts:71:26)
      at getContractFactory (/workspaces/Vfide/node_modules/@nomicfoundation/hardhat-ethers/src/internal/helpers.ts:120:22)
      at Context.<anonymous> (/workspaces/Vfide/test/archive/coverage.finish.lines664_871_964.test.js:15:22)

  249) coverage: finish remaining branch arms
       MerchantRegistry: _noteRefund and _noteDispute hit COM_Zero via TEST toggles:
     HardhatError: HH700: Artifact for contract "VaultHubMock" not found. 
      at Artifacts._handleWrongArtifactForContractName (/workspaces/Vfide/node_modules/hardhat/src/internal/artifacts.ts:721:11)
      at Artifacts._getArtifactPathFromFiles (/workspaces/Vfide/node_modules/hardhat/src/internal/artifacts.ts:852:19)
      at Artifacts._getArtifactPath (/workspaces/Vfide/node_modules/hardhat/src/internal/artifacts.ts:516:21)
      at Artifacts.readArtifact (/workspaces/Vfide/node_modules/hardhat/src/internal/artifacts.ts:71:26)
      at getContractFactory (/workspaces/Vfide/node_modules/@nomicfoundation/hardhat-ethers/src/internal/helpers.ts:120:22)
      at Context.<anonymous> (/workspaces/Vfide/test/archive/coverage.finish.test.js:9:22)

  250) coverage: finish remaining branch arms
       StablecoinRegistry & EcoTreasury: exercise TEST decimal and insufficient flags:
     HardhatError: HH700: Artifact for contract "LedgerMock" not found. 
      at Artifacts._handleWrongArtifactForContractName (/workspaces/Vfide/node_modules/hardhat/src/internal/artifacts.ts:721:11)
      at Artifacts._getArtifactPathFromFiles (/workspaces/Vfide/node_modules/hardhat/src/internal/artifacts.ts:852:19)
      at Artifacts._getArtifactPath (/workspaces/Vfide/node_modules/hardhat/src/internal/artifacts.ts:516:21)
      at Artifacts.readArtifact (/workspaces/Vfide/node_modules/hardhat/src/internal/artifacts.ts:71:26)
      at getContractFactory (/workspaces/Vfide/node_modules/@nomicfoundation/hardhat-ethers/src/internal/helpers.ts:120:22)
      at Context.<anonymous> (/workspaces/Vfide/test/archive/coverage.finish.test.js:44:20)

  251) coverage: finish remaining branch arms
       mocks: exercise TEST_checkAllowance branches and MerchantRegistry addMerchant TEST toggles:
     HardhatError: HH700: Artifact for contract "GasDrainerERC20" not found. 
      at Artifacts._handleWrongArtifactForContractName (/workspaces/Vfide/node_modules/hardhat/src/internal/artifacts.ts:721:11)
      at Artifacts._getArtifactPathFromFiles (/workspaces/Vfide/node_modules/hardhat/src/internal/artifacts.ts:852:19)
      at Artifacts._getArtifactPath (/workspaces/Vfide/node_modules/hardhat/src/internal/artifacts.ts:516:21)
      at Artifacts.readArtifact (/workspaces/Vfide/node_modules/hardhat/src/internal/artifacts.ts:71:26)
      at getContractFactory (/workspaces/Vfide/node_modules/@nomicfoundation/hardhat-ethers/src/internal/helpers.ts:120:22)
      at Context.<anonymous> (/workspaces/Vfide/test/archive/coverage.finish.test.js:82:17)

  252) coverage: finish remaining branch arms
       StablecoinRegistry: ledger revert path is caught (try/catch) to exercise both arms:
     HardhatError: HH700: Artifact for contract "LedgerMock" not found. 
      at Artifacts._handleWrongArtifactForContractName (/workspaces/Vfide/node_modules/hardhat/src/internal/artifacts.ts:721:11)
      at Artifacts._getArtifactPathFromFiles (/workspaces/Vfide/node_modules/hardhat/src/internal/artifacts.ts:852:19)
      at Artifacts._getArtifactPath (/workspaces/Vfide/node_modules/hardhat/src/internal/artifacts.ts:516:21)
      at Artifacts.readArtifact (/workspaces/Vfide/node_modules/hardhat/src/internal/artifacts.ts:71:26)
      at getContractFactory (/workspaces/Vfide/node_modules/@nomicfoundation/hardhat-ethers/src/internal/helpers.ts:120:22)
      at Context.<anonymous> (/workspaces/Vfide/test/archive/coverage.finish.test.js:144:20)

  253) coverage: finish remaining branch arms
       invoke TEST helpers to exercise conditional sub-expressions:
     HardhatError: HH700: Artifact for contract "VaultHubMock" not found. 
      at Artifacts._handleWrongArtifactForContractName (/workspaces/Vfide/node_modules/hardhat/src/internal/artifacts.ts:721:11)
      at Artifacts._getArtifactPathFromFiles (/workspaces/Vfide/node_modules/hardhat/src/internal/artifacts.ts:852:19)
      at Artifacts._getArtifactPath (/workspaces/Vfide/node_modules/hardhat/src/internal/artifacts.ts:516:21)
      at Artifacts.readArtifact (/workspaces/Vfide/node_modules/hardhat/src/internal/artifacts.ts:71:26)
      at getContractFactory (/workspaces/Vfide/node_modules/@nomicfoundation/hardhat-ethers/src/internal/helpers.ts:120:22)
      at Context.<anonymous> (/workspaces/Vfide/test/archive/coverage.finish.test.js:165:22)

  254) coverage: finish remaining branch arms
       mocks: transferFrom success and failure arms for GasDrainer and Reentering:
     HardhatError: HH700: Artifact for contract "GasDrainerERC20" not found. 
      at Artifacts._handleWrongArtifactForContractName (/workspaces/Vfide/node_modules/hardhat/src/internal/artifacts.ts:721:11)
      at Artifacts._getArtifactPathFromFiles (/workspaces/Vfide/node_modules/hardhat/src/internal/artifacts.ts:852:19)
      at Artifacts._getArtifactPath (/workspaces/Vfide/node_modules/hardhat/src/internal/artifacts.ts:516:21)
      at Artifacts.readArtifact (/workspaces/Vfide/node_modules/hardhat/src/internal/artifacts.ts:71:26)
      at getContractFactory (/workspaces/Vfide/node_modules/@nomicfoundation/hardhat-ethers/src/internal/helpers.ts:120:22)
      at Context.<anonymous> (/workspaces/Vfide/test/archive/coverage.finish.test.js:233:17)

  255) coverage: finish remaining branch arms
       finance: onlyDAO gates for StablecoinRegistry and EcoTreasury (DAO vs non-DAO):
     HardhatError: HH700: Artifact for contract "LedgerMock" not found. 
      at Artifacts._handleWrongArtifactForContractName (/workspaces/Vfide/node_modules/hardhat/src/internal/artifacts.ts:721:11)
      at Artifacts._getArtifactPathFromFiles (/workspaces/Vfide/node_modules/hardhat/src/internal/artifacts.ts:852:19)
      at Artifacts._getArtifactPath (/workspaces/Vfide/node_modules/hardhat/src/internal/artifacts.ts:516:21)
      at Artifacts.readArtifact (/workspaces/Vfide/node_modules/hardhat/src/internal/artifacts.ts:71:26)
      at getContractFactory (/workspaces/Vfide/node_modules/@nomicfoundation/hardhat-ethers/src/internal/helpers.ts:120:22)
      at Context.<anonymous> (/workspaces/Vfide/test/archive/coverage.finish.test.js:259:20)

  256) helpers-focused: commerce deterministic helpers
       calls TEST_exec_addMerchant_msgsender_full and note guards with permutations:
     HardhatError: HH700: Artifact for contract "VaultHubMock" not found. 
      at Artifacts._handleWrongArtifactForContractName (/workspaces/Vfide/node_modules/hardhat/src/internal/artifacts.ts:721:11)
      at Artifacts._getArtifactPathFromFiles (/workspaces/Vfide/node_modules/hardhat/src/internal/artifacts.ts:852:19)
      at Artifacts._getArtifactPath (/workspaces/Vfide/node_modules/hardhat/src/internal/artifacts.ts:516:21)
      at Artifacts.readArtifact (/workspaces/Vfide/node_modules/hardhat/src/internal/artifacts.ts:71:26)
      at getContractFactory (/workspaces/Vfide/node_modules/@nomicfoundation/hardhat-ethers/src/internal/helpers.ts:120:22)
      at Context.<anonymous> (/workspaces/Vfide/test/archive/coverage.helpers.commerce.focused.test.js:9:22)

  257) helpers-focused: finance deterministic helpers
       calls TEST_exec_send_variants and decimals wrapper with permutations:
     HardhatError: HH700: Artifact for contract "ERC20Mock" not found. 
      at Artifacts._handleWrongArtifactForContractName (/workspaces/Vfide/node_modules/hardhat/src/internal/artifacts.ts:721:11)
      at Artifacts._getArtifactPathFromFiles (/workspaces/Vfide/node_modules/hardhat/src/internal/artifacts.ts:852:19)
      at Artifacts._getArtifactPath (/workspaces/Vfide/node_modules/hardhat/src/internal/artifacts.ts:516:21)
      at Artifacts.readArtifact (/workspaces/Vfide/node_modules/hardhat/src/internal/artifacts.ts:71:26)
      at getContractFactory (/workspaces/Vfide/node_modules/@nomicfoundation/hardhat-ethers/src/internal/helpers.ts:120:22)
      at Context.<anonymous> (/workspaces/Vfide/test/archive/coverage.helpers.finance.focused.test.js:9:19)

  258) coverage.pinpoint.next: flip specific Commerce branch arms
       toggles TEST flags, calls msg.sender variants and mass helpers:
     HardhatError: HH700: Artifact for contract "VaultHubMock" not found. 
      at Artifacts._handleWrongArtifactForContractName (/workspaces/Vfide/node_modules/hardhat/src/internal/artifacts.ts:721:11)
      at Artifacts._getArtifactPathFromFiles (/workspaces/Vfide/node_modules/hardhat/src/internal/artifacts.ts:852:19)
      at Artifacts._getArtifactPath (/workspaces/Vfide/node_modules/hardhat/src/internal/artifacts.ts:516:21)
      at Artifacts.readArtifact (/workspaces/Vfide/node_modules/hardhat/src/internal/artifacts.ts:71:26)
      at getContractFactory (/workspaces/Vfide/node_modules/@nomicfoundation/hardhat-ethers/src/internal/helpers.ts:120:22)
      at Context.<anonymous> (/workspaces/Vfide/test/archive/coverage.pinpoint.next.test.js:9:22)

  259) coverage.pinpoint.top: targeted helpers for top missing arms
       targets commerce addMerchant arms and finance send/decimals arms:
     HardhatError: HH700: Artifact for contract "VaultHubMock" not found. 
      at Artifacts._handleWrongArtifactForContractName (/workspaces/Vfide/node_modules/hardhat/src/internal/artifacts.ts:721:11)
      at Artifacts._getArtifactPathFromFiles (/workspaces/Vfide/node_modules/hardhat/src/internal/artifacts.ts:852:19)
      at Artifacts._getArtifactPath (/workspaces/Vfide/node_modules/hardhat/src/internal/artifacts.ts:516:21)
      at Artifacts.readArtifact (/workspaces/Vfide/node_modules/hardhat/src/internal/artifacts.ts:71:26)
      at getContractFactory (/workspaces/Vfide/node_modules/@nomicfoundation/hardhat-ethers/src/internal/helpers.ts:120:22)
      at Context.<anonymous> (/workspaces/Vfide/test/archive/coverage.pinpoint.top.test.js:9:22)

  260) coverage.pinpoint.top2: target more top canonical misses
       calls new pinpoint helpers and toggles flags:
     HardhatError: HH700: Artifact for contract "VaultHubMock" not found. 
      at Artifacts._handleWrongArtifactForContractName (/workspaces/Vfide/node_modules/hardhat/src/internal/artifacts.ts:721:11)
      at Artifacts._getArtifactPathFromFiles (/workspaces/Vfide/node_modules/hardhat/src/internal/artifacts.ts:852:19)
      at Artifacts._getArtifactPath (/workspaces/Vfide/node_modules/hardhat/src/internal/artifacts.ts:516:21)
      at Artifacts.readArtifact (/workspaces/Vfide/node_modules/hardhat/src/internal/artifacts.ts:71:26)
      at getContractFactory (/workspaces/Vfide/node_modules/@nomicfoundation/hardhat-ethers/src/internal/helpers.ts:120:22)
      at Context.<anonymous> (/workspaces/Vfide/test/archive/coverage.pinpoint.top2.test.js:9:22)

  261) Coverage: Production Flow - Targeted Branch Tests
       "before all" hook in "Coverage: Production Flow - Targeted Branch Tests":
     HardhatError: HH700: Artifact for contract "VaultHubMock" not found. 
      at Artifacts._handleWrongArtifactForContractName (/workspaces/Vfide/node_modules/hardhat/src/internal/artifacts.ts:721:11)
      at Artifacts._getArtifactPathFromFiles (/workspaces/Vfide/node_modules/hardhat/src/internal/artifacts.ts:852:19)
      at Artifacts._getArtifactPath (/workspaces/Vfide/node_modules/hardhat/src/internal/artifacts.ts:516:21)
      at Artifacts.readArtifact (/workspaces/Vfide/node_modules/hardhat/src/internal/artifacts.ts:71:26)
      at getContractFactory (/workspaces/Vfide/node_modules/@nomicfoundation/hardhat-ethers/src/internal/helpers.ts:120:22)
      at Context.<anonymous> (/workspaces/Vfide/test/archive/coverage.production.simple.test.js:15:22)

  262) Commerce: Push to 100% Coverage - Final Push
       "before each" hook for "should hit line 87 when removing active merchant":
     HardhatError: HH700: Artifact for contract "VFIDEToken" not found. 
      at Artifacts._handleWrongArtifactForContractName (/workspaces/Vfide/node_modules/hardhat/src/internal/artifacts.ts:721:11)
      at Artifacts._getArtifactPathFromFiles (/workspaces/Vfide/node_modules/hardhat/src/internal/artifacts.ts:852:19)
      at Artifacts._getArtifactPath (/workspaces/Vfide/node_modules/hardhat/src/internal/artifacts.ts:516:21)
      at Artifacts.readArtifact (/workspaces/Vfide/node_modules/hardhat/src/internal/artifacts.ts:71:26)
      at getContractFactory (/workspaces/Vfide/node_modules/@nomicfoundation/hardhat-ethers/src/internal/helpers.ts:120:22)
      at Context.<anonymous> (/workspaces/Vfide/test/archive/coverage.push100.commerce.final.test.js:11:19)

  263) Push to 100%: Missing Branch Coverage
       "before all" hook in "Push to 100%: Missing Branch Coverage":
     HardhatError: HH700: Artifact for contract "VaultHubMock" not found. 
      at Artifacts._handleWrongArtifactForContractName (/workspaces/Vfide/node_modules/hardhat/src/internal/artifacts.ts:721:11)
      at Artifacts._getArtifactPathFromFiles (/workspaces/Vfide/node_modules/hardhat/src/internal/artifacts.ts:852:19)
      at Artifacts._getArtifactPath (/workspaces/Vfide/node_modules/hardhat/src/internal/artifacts.ts:516:21)
      at Artifacts.readArtifact (/workspaces/Vfide/node_modules/hardhat/src/internal/artifacts.ts:71:26)
      at getContractFactory (/workspaces/Vfide/node_modules/@nomicfoundation/hardhat-ethers/src/internal/helpers.ts:120:22)
      at Context.<anonymous> (/workspaces/Vfide/test/archive/coverage.push100.final.test.js:15:22)

  264) coverage.target.min - exercise contracts-min helpers
       MerchantRegistry (contracts-min): flip subexpr arms via TEST_exercise_addMerchant_checks:
     HardhatError: HH700: Artifact for contract "contracts-min/mocks/VaultHubMock.sol:VaultHubMock" not found. 
      at Artifacts._handleWrongArtifactForFullyQualifiedName (/workspaces/Vfide/node_modules/hardhat/src/internal/artifacts.ts:697:11)
      at Artifacts._getValidArtifactPathFromFullyQualifiedName (/workspaces/Vfide/node_modules/hardhat/src/internal/artifacts.ts:646:21)
      at Artifacts._getArtifactPath (/workspaces/Vfide/node_modules/hardhat/src/internal/artifacts.ts:513:16)
      at Artifacts.readArtifact (/workspaces/Vfide/node_modules/hardhat/src/internal/artifacts.ts:71:26)
      at getContractFactory (/workspaces/Vfide/node_modules/@nomicfoundation/hardhat-ethers/src/internal/helpers.ts:120:22)
      at Context.<anonymous> (/workspaces/Vfide/test/archive/coverage.target.min.test.js:14:20)

  265) coverage.target.min - exercise contracts-min helpers
       StablecoinRegistry (contracts-min): exercise decimals and deposit/send checks:
     HardhatError: HH700: Artifact for contract "contracts-min/mocks/LedgerMock.sol:LedgerMock" not found. 
      at Artifacts._handleWrongArtifactForFullyQualifiedName (/workspaces/Vfide/node_modules/hardhat/src/internal/artifacts.ts:697:11)
      at Artifacts._getValidArtifactPathFromFullyQualifiedName (/workspaces/Vfide/node_modules/hardhat/src/internal/artifacts.ts:646:21)
      at Artifacts._getArtifactPath (/workspaces/Vfide/node_modules/hardhat/src/internal/artifacts.ts:513:16)
      at Artifacts.readArtifact (/workspaces/Vfide/node_modules/hardhat/src/internal/artifacts.ts:71:26)
      at getContractFactory (/workspaces/Vfide/node_modules/@nomicfoundation/hardhat-ethers/src/internal/helpers.ts:120:22)
      at Context.<anonymous> (/workspaces/Vfide/test/archive/coverage.target.min.test.js:50:18)

  266) Coverage: Uncovered Branches Test
       "before each" hook for "should cover both arms of onlyDAO modifier":
     HardhatError: HH700: Artifact for contract "VaultHubMock" not found. 
      at Artifacts._handleWrongArtifactForContractName (/workspaces/Vfide/node_modules/hardhat/src/internal/artifacts.ts:721:11)
      at Artifacts._getArtifactPathFromFiles (/workspaces/Vfide/node_modules/hardhat/src/internal/artifacts.ts:852:19)
      at Artifacts._getArtifactPath (/workspaces/Vfide/node_modules/hardhat/src/internal/artifacts.ts:516:21)
      at Artifacts.readArtifact (/workspaces/Vfide/node_modules/hardhat/src/internal/artifacts.ts:71:26)
      at getContractFactory (/workspaces/Vfide/node_modules/@nomicfoundation/hardhat-ethers/src/internal/helpers.ts:120:22)
      at Context.<anonymous> (/workspaces/Vfide/test/archive/coverage.uncovered.branches.test.js:13:22)

  267) Coverage: Additional Uncovered Branches - Part 2
       covers remaining Commerce and Finance branches systematically:
     HardhatError: HH700: Artifact for contract "VaultHubMock" not found. 
      at Artifacts._handleWrongArtifactForContractName (/workspaces/Vfide/node_modules/hardhat/src/internal/artifacts.ts:721:11)
      at Artifacts._getArtifactPathFromFiles (/workspaces/Vfide/node_modules/hardhat/src/internal/artifacts.ts:852:19)
      at Artifacts._getArtifactPath (/workspaces/Vfide/node_modules/hardhat/src/internal/artifacts.ts:516:21)
      at Artifacts.readArtifact (/workspaces/Vfide/node_modules/hardhat/src/internal/artifacts.ts:71:26)
      at getContractFactory (/workspaces/Vfide/node_modules/@nomicfoundation/hardhat-ethers/src/internal/helpers.ts:120:22)
      at Context.<anonymous> (/workspaces/Vfide/test/archive/coverage.uncovered.branches2.test.js:10:22)

  268) Coverage: CommerceEscrow Uncovered Branches
       covers dense branch clusters in lines 435-664 and beyond:
     HardhatError: HH700: Artifact for contract "VaultHubMock" not found. 
      at Artifacts._handleWrongArtifactForContractName (/workspaces/Vfide/node_modules/hardhat/src/internal/artifacts.ts:721:11)
      at Artifacts._getArtifactPathFromFiles (/workspaces/Vfide/node_modules/hardhat/src/internal/artifacts.ts:852:19)
      at Artifacts._getArtifactPath (/workspaces/Vfide/node_modules/hardhat/src/internal/artifacts.ts:516:21)
      at Artifacts.readArtifact (/workspaces/Vfide/node_modules/hardhat/src/internal/artifacts.ts:71:26)
      at getContractFactory (/workspaces/Vfide/node_modules/@nomicfoundation/hardhat-ethers/src/internal/helpers.ts:120:22)
      at Context.<anonymous> (/workspaces/Vfide/test/archive/coverage.uncovered.escrow.test.js:10:22)

  269) Coverage: VFIDEFinance Uncovered Branches
       covers remaining Finance contract branches systematically:
     HardhatError: HH700: Artifact for contract "ERC20Mock" not found. 
      at Artifacts._handleWrongArtifactForContractName (/workspaces/Vfide/node_modules/hardhat/src/internal/artifacts.ts:721:11)
      at Artifacts._getArtifactPathFromFiles (/workspaces/Vfide/node_modules/hardhat/src/internal/artifacts.ts:852:19)
      at Artifacts._getArtifactPath (/workspaces/Vfide/node_modules/hardhat/src/internal/artifacts.ts:516:21)
      at Artifacts.readArtifact (/workspaces/Vfide/node_modules/hardhat/src/internal/artifacts.ts:71:26)
      at getContractFactory (/workspaces/Vfide/node_modules/@nomicfoundation/hardhat-ethers/src/internal/helpers.ts:120:22)
      at Context.<anonymous> (/workspaces/Vfide/test/archive/coverage.uncovered.finance.test.js:10:19)

  270) TEST-ONLY forced-branch coverage helpers
       MerchantRegistry: force AlreadyMerchant and zero-sender branches:
     HardhatError: HH700: Artifact for contract "ERC20Mock" not found. 
      at Artifacts._handleWrongArtifactForContractName (/workspaces/Vfide/node_modules/hardhat/src/internal/artifacts.ts:721:11)
      at Artifacts._getArtifactPathFromFiles (/workspaces/Vfide/node_modules/hardhat/src/internal/artifacts.ts:852:19)
      at Artifacts._getArtifactPath (/workspaces/Vfide/node_modules/hardhat/src/internal/artifacts.ts:516:21)
      at Artifacts.readArtifact (/workspaces/Vfide/node_modules/hardhat/src/internal/artifacts.ts:71:26)
      at getContractFactory (/workspaces/Vfide/node_modules/@nomicfoundation/hardhat-ethers/src/internal/helpers.ts:120:22)
      at Context.<anonymous> (/workspaces/Vfide/test/archive/force_coverage.test.js:16:23)

  271) TEST-ONLY forced-branch coverage helpers
       StablecoinRegistry: force decimals fallback/override path:
     HardhatError: HH700: Artifact for contract "StablecoinRegistry" not found. 
      at Artifacts._handleWrongArtifactForContractName (/workspaces/Vfide/node_modules/hardhat/src/internal/artifacts.ts:721:11)
      at Artifacts._getArtifactPathFromFiles (/workspaces/Vfide/node_modules/hardhat/src/internal/artifacts.ts:852:19)
      at Artifacts._getArtifactPath (/workspaces/Vfide/node_modules/hardhat/src/internal/artifacts.ts:516:21)
      at Artifacts.readArtifact (/workspaces/Vfide/node_modules/hardhat/src/internal/artifacts.ts:71:26)
      at getContractFactory (/workspaces/Vfide/node_modules/@nomicfoundation/hardhat-ethers/src/internal/helpers.ts:120:22)
      at Context.<anonymous> (/workspaces/Vfide/test/archive/force_coverage.test.js:48:21)

  272) TEST-ONLY forced-branch coverage helpers
       EcoTreasuryVault: force deposit/send insufficient errors:
     HardhatError: HH700: Artifact for contract "ERC20Mock" not found. 
      at Artifacts._handleWrongArtifactForContractName (/workspaces/Vfide/node_modules/hardhat/src/internal/artifacts.ts:721:11)
      at Artifacts._getArtifactPathFromFiles (/workspaces/Vfide/node_modules/hardhat/src/internal/artifacts.ts:852:19)
      at Artifacts._getArtifactPath (/workspaces/Vfide/node_modules/hardhat/src/internal/artifacts.ts:516:21)
      at Artifacts.readArtifact (/workspaces/Vfide/node_modules/hardhat/src/internal/artifacts.ts:71:26)
      at getContractFactory (/workspaces/Vfide/node_modules/@nomicfoundation/hardhat-ethers/src/internal/helpers.ts:120:22)
      at Context.<anonymous> (/workspaces/Vfide/test/archive/force_coverage.test.js:64:23)

  273) TEST-ONLY forced-branch coverage helpers
       VFIDEToken: check forced vault/staticcall/router branches:
     HardhatError: HH700: Artifact for contract "contracts-min/mocks/VestingVault.sol:VestingVault" not found. 
      at Artifacts._handleWrongArtifactForFullyQualifiedName (/workspaces/Vfide/node_modules/hardhat/src/internal/artifacts.ts:697:11)
      at Artifacts._getValidArtifactPathFromFullyQualifiedName (/workspaces/Vfide/node_modules/hardhat/src/internal/artifacts.ts:646:21)
      at Artifacts._getArtifactPath (/workspaces/Vfide/node_modules/hardhat/src/internal/artifacts.ts:513:16)
      at Artifacts.readArtifact (/workspaces/Vfide/node_modules/hardhat/src/internal/artifacts.ts:71:26)
      at getContractFactory (/workspaces/Vfide/node_modules/@nomicfoundation/hardhat-ethers/src/internal/helpers.ts:120:22)
      at Context.<anonymous> (/workspaces/Vfide/test/archive/force_coverage.test.js:95:21)

  274) TEST-ONLY forced-branch coverage helpers
       mocks: exercise ERC20Mock failure branches and LedgerMock paths:
     HardhatError: HH700: Artifact for contract "ERC20Mock" not found. 
      at Artifacts._handleWrongArtifactForContractName (/workspaces/Vfide/node_modules/hardhat/src/internal/artifacts.ts:721:11)
      at Artifacts._getArtifactPathFromFiles (/workspaces/Vfide/node_modules/hardhat/src/internal/artifacts.ts:852:19)
      at Artifacts._getArtifactPath (/workspaces/Vfide/node_modules/hardhat/src/internal/artifacts.ts:516:21)
      at Artifacts.readArtifact (/workspaces/Vfide/node_modules/hardhat/src/internal/artifacts.ts:71:26)
      at getContractFactory (/workspaces/Vfide/node_modules/@nomicfoundation/hardhat-ethers/src/internal/helpers.ts:120:22)
      at Context.<anonymous> (/workspaces/Vfide/test/archive/force_coverage.test.js:119:23)

  275) Mocks coverage: LedgerMock and ReenteringERC20
       LedgerMock: exercises emit and revert branches via StablecoinRegistry calls:
     HardhatError: HH700: Artifact for contract "LedgerMock" not found. 
      at Artifacts._handleWrongArtifactForContractName (/workspaces/Vfide/node_modules/hardhat/src/internal/artifacts.ts:721:11)
      at Artifacts._getArtifactPathFromFiles (/workspaces/Vfide/node_modules/hardhat/src/internal/artifacts.ts:852:19)
      at Artifacts._getArtifactPath (/workspaces/Vfide/node_modules/hardhat/src/internal/artifacts.ts:516:21)
      at Artifacts.readArtifact (/workspaces/Vfide/node_modules/hardhat/src/internal/artifacts.ts:71:26)
      at getContractFactory (/workspaces/Vfide/node_modules/@nomicfoundation/hardhat-ethers/src/internal/helpers.ts:120:22)
      at Context.<anonymous> (/workspaces/Vfide/test/archive/mocks.coverage.test.js:11:20)

  276) Mocks coverage: LedgerMock and ReenteringERC20
       LedgerMock: exercises logEvent path (addAsset) both emit and revert branches:
     HardhatError: HH700: Artifact for contract "LedgerMock" not found. 
      at Artifacts._handleWrongArtifactForContractName (/workspaces/Vfide/node_modules/hardhat/src/internal/artifacts.ts:721:11)
      at Artifacts._getArtifactPathFromFiles (/workspaces/Vfide/node_modules/hardhat/src/internal/artifacts.ts:852:19)
      at Artifacts._getArtifactPath (/workspaces/Vfide/node_modules/hardhat/src/internal/artifacts.ts:516:21)
      at Artifacts.readArtifact (/workspaces/Vfide/node_modules/hardhat/src/internal/artifacts.ts:71:26)
      at getContractFactory (/workspaces/Vfide/node_modules/@nomicfoundation/hardhat-ethers/src/internal/helpers.ts:120:22)
      at Context.<anonymous> (/workspaces/Vfide/test/archive/mocks.coverage.test.js:30:20)

  277) Mocks coverage: LedgerMock and ReenteringERC20
       LedgerMock: direct calls exercise both logSystemEvent/logEvent branches:
     HardhatError: HH700: Artifact for contract "LedgerMock" not found. 
      at Artifacts._handleWrongArtifactForContractName (/workspaces/Vfide/node_modules/hardhat/src/internal/artifacts.ts:721:11)
      at Artifacts._getArtifactPathFromFiles (/workspaces/Vfide/node_modules/hardhat/src/internal/artifacts.ts:852:19)
      at Artifacts._getArtifactPath (/workspaces/Vfide/node_modules/hardhat/src/internal/artifacts.ts:516:21)
      at Artifacts.readArtifact (/workspaces/Vfide/node_modules/hardhat/src/internal/artifacts.ts:71:26)
      at getContractFactory (/workspaces/Vfide/node_modules/@nomicfoundation/hardhat-ethers/src/internal/helpers.ts:120:22)
      at Context.<anonymous> (/workspaces/Vfide/test/archive/mocks.coverage.test.js:52:20)

  278) Mocks coverage: LedgerMock and ReenteringERC20
       ReenteringERC20: covers balance guard and reentry path:
     HardhatError: HH700: Artifact for contract "ReenteringERC20" not found. 
      at Artifacts._handleWrongArtifactForContractName (/workspaces/Vfide/node_modules/hardhat/src/internal/artifacts.ts:721:11)
      at Artifacts._getArtifactPathFromFiles (/workspaces/Vfide/node_modules/hardhat/src/internal/artifacts.ts:852:19)
      at Artifacts._getArtifactPath (/workspaces/Vfide/node_modules/hardhat/src/internal/artifacts.ts:516:21)
      at Artifacts.readArtifact (/workspaces/Vfide/node_modules/hardhat/src/internal/artifacts.ts:71:26)
      at getContractFactory (/workspaces/Vfide/node_modules/@nomicfoundation/hardhat-ethers/src/internal/helpers.ts:120:22)
      at Context.<anonymous> (/workspaces/Vfide/test/archive/mocks.coverage.test.js:67:21)

  279) Mocks coverage: LedgerMock and ReenteringERC20
       ReverterEscrow: covers release/refund emit and revert paths:
     HardhatError: HH700: Artifact for contract "ReverterEscrow" not found. 
      at Artifacts._handleWrongArtifactForContractName (/workspaces/Vfide/node_modules/hardhat/src/internal/artifacts.ts:721:11)
      at Artifacts._getArtifactPathFromFiles (/workspaces/Vfide/node_modules/hardhat/src/internal/artifacts.ts:852:19)
      at Artifacts._getArtifactPath (/workspaces/Vfide/node_modules/hardhat/src/internal/artifacts.ts:516:21)
      at Artifacts.readArtifact (/workspaces/Vfide/node_modules/hardhat/src/internal/artifacts.ts:71:26)
      at getContractFactory (/workspaces/Vfide/node_modules/@nomicfoundation/hardhat-ethers/src/internal/helpers.ts:120:22)
      at Context.<anonymous> (/workspaces/Vfide/test/archive/mocks.coverage.test.js:88:16)

  280) Mocks coverage: LedgerMock and ReenteringERC20
       BurnRouterMock: set and computeFees paths:
     HardhatError: HH700: Artifact for contract "BurnRouterMock" not found. 
      at Artifacts._handleWrongArtifactForContractName (/workspaces/Vfide/node_modules/hardhat/src/internal/artifacts.ts:721:11)
      at Artifacts._getArtifactPathFromFiles (/workspaces/Vfide/node_modules/hardhat/src/internal/artifacts.ts:852:19)
      at Artifacts._getArtifactPath (/workspaces/Vfide/node_modules/hardhat/src/internal/artifacts.ts:516:21)
      at Artifacts.readArtifact (/workspaces/Vfide/node_modules/hardhat/src/internal/artifacts.ts:71:26)
      at getContractFactory (/workspaces/Vfide/node_modules/@nomicfoundation/hardhat-ethers/src/internal/helpers.ts:120:22)
      at Context.<anonymous> (/workspaces/Vfide/test/archive/mocks.coverage.test.js:102:16)

  281) Mocks coverage: LedgerMock and ReenteringERC20
       ReenteringERC20: transferFrom allowance branches (allowance/underflow and success):
     HardhatError: HH700: Artifact for contract "ReenteringERC20" not found. 
      at Artifacts._handleWrongArtifactForContractName (/workspaces/Vfide/node_modules/hardhat/src/internal/artifacts.ts:721:11)
      at Artifacts._getArtifactPathFromFiles (/workspaces/Vfide/node_modules/hardhat/src/internal/artifacts.ts:852:19)
      at Artifacts._getArtifactPath (/workspaces/Vfide/node_modules/hardhat/src/internal/artifacts.ts:516:21)
      at Artifacts.readArtifact (/workspaces/Vfide/node_modules/hardhat/src/internal/artifacts.ts:71:26)
      at getContractFactory (/workspaces/Vfide/node_modules/@nomicfoundation/hardhat-ethers/src/internal/helpers.ts:120:22)
      at Context.<anonymous> (/workspaces/Vfide/test/archive/mocks.coverage.test.js:119:21)

  282) Mocks coverage: LedgerMock and ReenteringERC20
       GasDrainerERC20: transfer and transferFrom paths (balance guard and success):
     HardhatError: HH700: Artifact for contract "GasDrainerERC20" not found. 
      at Artifacts._handleWrongArtifactForContractName (/workspaces/Vfide/node_modules/hardhat/src/internal/artifacts.ts:721:11)
      at Artifacts._getArtifactPathFromFiles (/workspaces/Vfide/node_modules/hardhat/src/internal/artifacts.ts:852:19)
      at Artifacts._getArtifactPath (/workspaces/Vfide/node_modules/hardhat/src/internal/artifacts.ts:516:21)
      at Artifacts.readArtifact (/workspaces/Vfide/node_modules/hardhat/src/internal/artifacts.ts:71:26)
      at getContractFactory (/workspaces/Vfide/node_modules/@nomicfoundation/hardhat-ethers/src/internal/helpers.ts:120:22)
      at Context.<anonymous> (/workspaces/Vfide/test/archive/mocks.coverage.test.js:133:17)

  283) Mocks coverage: LedgerMock and ReenteringERC20
       GasDrainerERC20: explicit allowance-revert branch (zero allowance and small value):
     HardhatError: HH700: Artifact for contract "GasDrainerERC20" not found. 
      at Artifacts._handleWrongArtifactForContractName (/workspaces/Vfide/node_modules/hardhat/src/internal/artifacts.ts:721:11)
      at Artifacts._getArtifactPathFromFiles (/workspaces/Vfide/node_modules/hardhat/src/internal/artifacts.ts:852:19)
      at Artifacts._getArtifactPath (/workspaces/Vfide/node_modules/hardhat/src/internal/artifacts.ts:516:21)
      at Artifacts.readArtifact (/workspaces/Vfide/node_modules/hardhat/src/internal/artifacts.ts:71:26)
      at getContractFactory (/workspaces/Vfide/node_modules/@nomicfoundation/hardhat-ethers/src/internal/helpers.ts:120:22)
      at Context.<anonymous> (/workspaces/Vfide/test/archive/mocks.coverage.test.js:151:17)

  284) Mocks coverage: LedgerMock and ReenteringERC20
       GasDrainerERC20: TEST_checkAllowance covers both branches (false then true):
     HardhatError: HH700: Artifact for contract "GasDrainerERC20" not found. 
      at Artifacts._handleWrongArtifactForContractName (/workspaces/Vfide/node_modules/hardhat/src/internal/artifacts.ts:721:11)
      at Artifacts._getArtifactPathFromFiles (/workspaces/Vfide/node_modules/hardhat/src/internal/artifacts.ts:852:19)
      at Artifacts._getArtifactPath (/workspaces/Vfide/node_modules/hardhat/src/internal/artifacts.ts:516:21)
      at Artifacts.readArtifact (/workspaces/Vfide/node_modules/hardhat/src/internal/artifacts.ts:71:26)
      at getContractFactory (/workspaces/Vfide/node_modules/@nomicfoundation/hardhat-ethers/src/internal/helpers.ts:120:22)
      at Context.<anonymous> (/workspaces/Vfide/test/archive/mocks.coverage.test.js:160:17)

  285) Mocks coverage: LedgerMock and ReenteringERC20
       ReenteringERC20: explicit allowance-revert branch (zero allowance):
     HardhatError: HH700: Artifact for contract "ReenteringERC20" not found. 
      at Artifacts._handleWrongArtifactForContractName (/workspaces/Vfide/node_modules/hardhat/src/internal/artifacts.ts:721:11)
      at Artifacts._getArtifactPathFromFiles (/workspaces/Vfide/node_modules/hardhat/src/internal/artifacts.ts:852:19)
      at Artifacts._getArtifactPath (/workspaces/Vfide/node_modules/hardhat/src/internal/artifacts.ts:516:21)
      at Artifacts.readArtifact (/workspaces/Vfide/node_modules/hardhat/src/internal/artifacts.ts:71:26)
      at getContractFactory (/workspaces/Vfide/node_modules/@nomicfoundation/hardhat-ethers/src/internal/helpers.ts:120:22)
      at Context.<anonymous> (/workspaces/Vfide/test/archive/mocks.coverage.test.js:174:21)

  286) Mocks coverage: LedgerMock and ReenteringERC20
       ReenteringERC20: TEST_checkAllowance covers both branches (false then true):
     HardhatError: HH700: Artifact for contract "ReenteringERC20" not found. 
      at Artifacts._handleWrongArtifactForContractName (/workspaces/Vfide/node_modules/hardhat/src/internal/artifacts.ts:721:11)
      at Artifacts._getArtifactPathFromFiles (/workspaces/Vfide/node_modules/hardhat/src/internal/artifacts.ts:852:19)
      at Artifacts._getArtifactPath (/workspaces/Vfide/node_modules/hardhat/src/internal/artifacts.ts:516:21)
      at Artifacts.readArtifact (/workspaces/Vfide/node_modules/hardhat/src/internal/artifacts.ts:71:26)
      at getContractFactory (/workspaces/Vfide/node_modules/@nomicfoundation/hardhat-ethers/src/internal/helpers.ts:120:22)
      at Context.<anonymous> (/workspaces/Vfide/test/archive/mocks.coverage.test.js:184:21)

  287) Mocks coverage: LedgerMock and ReenteringERC20
       MerchantRegistryMock: setMerchant and info cover status branches:
     HardhatError: HH700: Artifact for contract "MerchantRegistryMock" not found. 
      at Artifacts._handleWrongArtifactForContractName (/workspaces/Vfide/node_modules/hardhat/src/internal/artifacts.ts:721:11)
      at Artifacts._getArtifactPathFromFiles (/workspaces/Vfide/node_modules/hardhat/src/internal/artifacts.ts:852:19)
      at Artifacts._getArtifactPath (/workspaces/Vfide/node_modules/hardhat/src/internal/artifacts.ts:516:21)
      at Artifacts.readArtifact (/workspaces/Vfide/node_modules/hardhat/src/internal/artifacts.ts:71:26)
      at getContractFactory (/workspaces/Vfide/node_modules/@nomicfoundation/hardhat-ethers/src/internal/helpers.ts:120:22)
      at Context.<anonymous> (/workspaces/Vfide/test/archive/mocks.coverage.test.js:200:16)

  288) Extra mock branch coverage
       GasDrainer: extra TEST_checkAllowance edge cases and transferFrom reverts/succeeds:
     HardhatError: HH700: Artifact for contract "GasDrainerERC20" not found. 
      at Artifacts._handleWrongArtifactForContractName (/workspaces/Vfide/node_modules/hardhat/src/internal/artifacts.ts:721:11)
      at Artifacts._getArtifactPathFromFiles (/workspaces/Vfide/node_modules/hardhat/src/internal/artifacts.ts:852:19)
      at Artifacts._getArtifactPath (/workspaces/Vfide/node_modules/hardhat/src/internal/artifacts.ts:516:21)
      at Artifacts.readArtifact (/workspaces/Vfide/node_modules/hardhat/src/internal/artifacts.ts:71:26)
      at getContractFactory (/workspaces/Vfide/node_modules/@nomicfoundation/hardhat-ethers/src/internal/helpers.ts:120:22)
      at Context.<anonymous> (/workspaces/Vfide/test/archive/mocks.extra.branch.test.js:11:17)

  289) Extra mock branch coverage
       ReenteringERC20: transfer with default (no reenter target) and with reenter target:
     HardhatError: HH700: Artifact for contract "ReenteringERC20" not found. 
      at Artifacts._handleWrongArtifactForContractName (/workspaces/Vfide/node_modules/hardhat/src/internal/artifacts.ts:721:11)
      at Artifacts._getArtifactPathFromFiles (/workspaces/Vfide/node_modules/hardhat/src/internal/artifacts.ts:852:19)
      at Artifacts._getArtifactPath (/workspaces/Vfide/node_modules/hardhat/src/internal/artifacts.ts:516:21)
      at Artifacts.readArtifact (/workspaces/Vfide/node_modules/hardhat/src/internal/artifacts.ts:71:26)
      at getContractFactory (/workspaces/Vfide/node_modules/@nomicfoundation/hardhat-ethers/src/internal/helpers.ts:120:22)
      at Context.<anonymous> (/workspaces/Vfide/test/archive/mocks.extra.branch.test.js:36:21)

  290) Uncovered mocks coverage
       ReenterTargetMock emits Released:
     HardhatError: HH700: Artifact for contract "ReenterTargetMock" not found. 
      at Artifacts._handleWrongArtifactForContractName (/workspaces/Vfide/node_modules/hardhat/src/internal/artifacts.ts:721:11)
      at Artifacts._getArtifactPathFromFiles (/workspaces/Vfide/node_modules/hardhat/src/internal/artifacts.ts:852:19)
      at Artifacts._getArtifactPath (/workspaces/Vfide/node_modules/hardhat/src/internal/artifacts.ts:516:21)
      at Artifacts.readArtifact (/workspaces/Vfide/node_modules/hardhat/src/internal/artifacts.ts:71:26)
      at getContractFactory (/workspaces/Vfide/node_modules/@nomicfoundation/hardhat-ethers/src/internal/helpers.ts:120:22)
      at Context.<anonymous> (/workspaces/Vfide/test/archive/mocks.uncovered.test.js:11:15)

  291) Uncovered mocks coverage
       ReverterEscrow emits and reverts correctly:
     HardhatError: HH700: Artifact for contract "ReverterEscrow" not found. 
      at Artifacts._handleWrongArtifactForContractName (/workspaces/Vfide/node_modules/hardhat/src/internal/artifacts.ts:721:11)
      at Artifacts._getArtifactPathFromFiles (/workspaces/Vfide/node_modules/hardhat/src/internal/artifacts.ts:852:19)
      at Artifacts._getArtifactPath (/workspaces/Vfide/node_modules/hardhat/src/internal/artifacts.ts:516:21)
      at Artifacts.readArtifact (/workspaces/Vfide/node_modules/hardhat/src/internal/artifacts.ts:71:26)
      at getContractFactory (/workspaces/Vfide/node_modules/@nomicfoundation/hardhat-ethers/src/internal/helpers.ts:120:22)
      at Context.<anonymous> (/workspaces/Vfide/test/archive/mocks.uncovered.test.js:18:15)

  292) Uncovered mocks coverage
       RevertingDecimals fallback reverts on plain call:
     HardhatError: HH700: Artifact for contract "RevertingDecimals" not found. 
      at Artifacts._handleWrongArtifactForContractName (/workspaces/Vfide/node_modules/hardhat/src/internal/artifacts.ts:721:11)
      at Artifacts._getArtifactPathFromFiles (/workspaces/Vfide/node_modules/hardhat/src/internal/artifacts.ts:852:19)
      at Artifacts._getArtifactPath (/workspaces/Vfide/node_modules/hardhat/src/internal/artifacts.ts:516:21)
      at Artifacts.readArtifact (/workspaces/Vfide/node_modules/hardhat/src/internal/artifacts.ts:71:26)
      at getContractFactory (/workspaces/Vfide/node_modules/@nomicfoundation/hardhat-ethers/src/internal/helpers.ts:120:22)
      at Context.<anonymous> (/workspaces/Vfide/test/archive/mocks.uncovered.test.js:32:15)

  293) Uncovered mocks coverage
       SecurityHubMock and SeerMock basic behaviors:
     HardhatError: HH700: Artifact for contract "SecurityHubMock" not found. 
      at Artifacts._handleWrongArtifactForContractName (/workspaces/Vfide/node_modules/hardhat/src/internal/artifacts.ts:721:11)
      at Artifacts._getArtifactPathFromFiles (/workspaces/Vfide/node_modules/hardhat/src/internal/artifacts.ts:852:19)
      at Artifacts._getArtifactPath (/workspaces/Vfide/node_modules/hardhat/src/internal/artifacts.ts:516:21)
      at Artifacts.readArtifact (/workspaces/Vfide/node_modules/hardhat/src/internal/artifacts.ts:71:26)
      at getContractFactory (/workspaces/Vfide/node_modules/@nomicfoundation/hardhat-ethers/src/internal/helpers.ts:120:22)
      at Context.<anonymous> (/workspaces/Vfide/test/archive/mocks.uncovered.test.js:43:15)

  294) Uncovered mocks coverage
       VaultHubMock vaultOf and TestVFIDEHarness TEST helpers:
     HardhatError: HH700: Artifact for contract "VaultHubMock" not found. 
      at Artifacts._handleWrongArtifactForContractName (/workspaces/Vfide/node_modules/hardhat/src/internal/artifacts.ts:721:11)
      at Artifacts._getArtifactPathFromFiles (/workspaces/Vfide/node_modules/hardhat/src/internal/artifacts.ts:852:19)
      at Artifacts._getArtifactPath (/workspaces/Vfide/node_modules/hardhat/src/internal/artifacts.ts:516:21)
      at Artifacts.readArtifact (/workspaces/Vfide/node_modules/hardhat/src/internal/artifacts.ts:71:26)
      at getContractFactory (/workspaces/Vfide/node_modules/@nomicfoundation/hardhat-ethers/src/internal/helpers.ts:120:22)
      at Context.<anonymous> (/workspaces/Vfide/test/archive/mocks.uncovered.test.js:61:15)

  295) Uncovered mocks coverage
       LedgerMock logEvent and logSystemEvent revert paths:
     HardhatError: HH700: Artifact for contract "LedgerMock" not found. 
      at Artifacts._handleWrongArtifactForContractName (/workspaces/Vfide/node_modules/hardhat/src/internal/artifacts.ts:721:11)
      at Artifacts._getArtifactPathFromFiles (/workspaces/Vfide/node_modules/hardhat/src/internal/artifacts.ts:852:19)
      at Artifacts._getArtifactPath (/workspaces/Vfide/node_modules/hardhat/src/internal/artifacts.ts:516:21)
      at Artifacts.readArtifact (/workspaces/Vfide/node_modules/hardhat/src/internal/artifacts.ts:71:26)
      at getContractFactory (/workspaces/Vfide/node_modules/@nomicfoundation/hardhat-ethers/src/internal/helpers.ts:120:22)
      at Context.<anonymous> (/workspaces/Vfide/test/archive/mocks.uncovered.test.js:84:13)

  296) Deterministic fuzz: Finance / Token / Commerce (sanity)
       runs a deterministic sequence of randomized actions without crashing:
     HardhatError: HH700: Artifact for contract "ERC20Mock" not found. 
      at Artifacts._handleWrongArtifactForContractName (/workspaces/Vfide/node_modules/hardhat/src/internal/artifacts.ts:721:11)
      at Artifacts._getArtifactPathFromFiles (/workspaces/Vfide/node_modules/hardhat/src/internal/artifacts.ts:852:19)
      at Artifacts._getArtifactPath (/workspaces/Vfide/node_modules/hardhat/src/internal/artifacts.ts:516:21)
      at Artifacts.readArtifact (/workspaces/Vfide/node_modules/hardhat/src/internal/artifacts.ts:71:26)
      at getContractFactory (/workspaces/Vfide/node_modules/@nomicfoundation/hardhat-ethers/src/internal/helpers.ts:120:22)
      at Context.<anonymous> (/workspaces/Vfide/test/fuzz/fuzz_finance_token_commerce.test.js:17:23)

  297) Smoke Tests - Core Functionality
       "before each" hook for "Should deploy VFIDEToken successfully":
     HardhatError: HH700: Artifact for contract "SeerMock" not found. 
      at Artifacts._handleWrongArtifactForContractName (/workspaces/Vfide/node_modules/hardhat/src/internal/artifacts.ts:721:11)
      at Artifacts._getArtifactPathFromFiles (/workspaces/Vfide/node_modules/hardhat/src/internal/artifacts.ts:852:19)
      at Artifacts._getArtifactPath (/workspaces/Vfide/node_modules/hardhat/src/internal/artifacts.ts:516:21)
      at Artifacts.readArtifact (/workspaces/Vfide/node_modules/hardhat/src/internal/artifacts.ts:71:26)
      at getContractFactory (/workspaces/Vfide/node_modules/@nomicfoundation/hardhat-ethers/src/internal/helpers.ts:120:22)
      at Context.<anonymous> (/workspaces/Vfide/test/smoke.test.js:12:22)

  298) Smoke Tests - Commerce
       "before each" hook for "Should deploy MerchantRegistry successfully":
     HardhatError: HH700: Artifact for contract "SeerMock" not found. 
      at Artifacts._handleWrongArtifactForContractName (/workspaces/Vfide/node_modules/hardhat/src/internal/artifacts.ts:721:11)
      at Artifacts._getArtifactPathFromFiles (/workspaces/Vfide/node_modules/hardhat/src/internal/artifacts.ts:852:19)
      at Artifacts._getArtifactPath (/workspaces/Vfide/node_modules/hardhat/src/internal/artifacts.ts:516:21)
      at Artifacts.readArtifact (/workspaces/Vfide/node_modules/hardhat/src/internal/artifacts.ts:71:26)
      at getContractFactory (/workspaces/Vfide/node_modules/@nomicfoundation/hardhat-ethers/src/internal/helpers.ts:120:22)
      at Context.<anonymous> (/workspaces/Vfide/test/smoke.test.js:58:22)



